Component: Arm Compiler for Embedded 6.22 Tool: armlink [5ee90200]

==============================================================================

Section Cross References

    startup_stm32f103xb.o(RESET) refers to startup_stm32f103xb.o(STACK) for __initial_sp
    startup_stm32f103xb.o(RESET) refers to startup_stm32f103xb.o(.text) for Reset_Handler
    startup_stm32f103xb.o(RESET) refers to stm32f1xx_it.o(.text.NMI_Handler) for NMI_Handler
    startup_stm32f103xb.o(RESET) refers to context_rvds.o(.text) for HardFault_Handler
    startup_stm32f103xb.o(RESET) refers to stm32f1xx_it.o(.text.MemManage_Handler) for MemManage_Handler
    startup_stm32f103xb.o(RESET) refers to stm32f1xx_it.o(.text.BusFault_Handler) for BusFault_Handler
    startup_stm32f103xb.o(RESET) refers to stm32f1xx_it.o(.text.UsageFault_Handler) for UsageFault_Handler
    startup_stm32f103xb.o(RESET) refers to stm32f1xx_it.o(.text.SVC_Handler) for SVC_Handler
    startup_stm32f103xb.o(RESET) refers to stm32f1xx_it.o(.text.DebugMon_Handler) for DebugMon_Handler
    startup_stm32f103xb.o(RESET) refers to board.o(.text.SysTick_Handler) for SysTick_Handler
    startup_stm32f103xb.o(RESET) refers to stm32f1xx_it.o(.text.DMA1_Channel4_IRQHandler) for DMA1_Channel4_IRQHandler
    startup_stm32f103xb.o(RESET) refers to stm32f1xx_it.o(.text.DMA1_Channel5_IRQHandler) for DMA1_Channel5_IRQHandler
    startup_stm32f103xb.o(RESET) refers to stm32f1xx_it.o(.text.DMA1_Channel6_IRQHandler) for DMA1_Channel6_IRQHandler
    startup_stm32f103xb.o(RESET) refers to stm32f1xx_it.o(.text.DMA1_Channel7_IRQHandler) for DMA1_Channel7_IRQHandler
    startup_stm32f103xb.o(RESET) refers to stm32f1xx_it.o(.text.TIM2_IRQHandler) for TIM2_IRQHandler
    startup_stm32f103xb.o(RESET) refers to stm32f1xx_it.o(.text.TIM3_IRQHandler) for TIM3_IRQHandler
    startup_stm32f103xb.o(.text) refers to system_stm32f1xx.o(.text.SystemInit) for SystemInit
    startup_stm32f103xb.o(.text) refers to entry.o(.ARM.Collect$$$$00000000) for __main
    main.o(.text.main) refers to senserthread.o(.text.SenserThread_entry) for SenserThread_entry
    main.o(.text.main) refers to thread.o(.text.rt_thread_create) for rt_thread_create
    main.o(.text.main) refers to main.o(.bss.SenserThread) for SenserThread
    main.o(.text.main) refers to thread.o(.text.rt_thread_startup) for rt_thread_startup
    main.o(.ARM.exidx.text.main) refers to main.o(.text.main) for [Anonymous Symbol]
    main.o(.text.SystemClock_Config) refers to stm32f1xx_hal_rcc.o(.text.HAL_RCC_OscConfig) for HAL_RCC_OscConfig
    main.o(.text.SystemClock_Config) refers to stm32f1xx_hal_rcc.o(.text.HAL_RCC_ClockConfig) for HAL_RCC_ClockConfig
    main.o(.ARM.exidx.text.SystemClock_Config) refers to main.o(.text.SystemClock_Config) for [Anonymous Symbol]
    main.o(.ARM.exidx.text.Error_Handler) refers to main.o(.text.Error_Handler) for [Anonymous Symbol]
    main.o(.text.HAL_TIM_PeriodElapsedCallback) refers to stm32f1xx_hal.o(.text.HAL_IncTick) for HAL_IncTick
    main.o(.ARM.exidx.text.HAL_TIM_PeriodElapsedCallback) refers to main.o(.text.HAL_TIM_PeriodElapsedCallback) for [Anonymous Symbol]
    gpio.o(.text.MX_GPIO_Init) refers to stm32f1xx_hal_gpio.o(.text.HAL_GPIO_WritePin) for HAL_GPIO_WritePin
    gpio.o(.text.MX_GPIO_Init) refers to stm32f1xx_hal_gpio.o(.text.HAL_GPIO_Init) for HAL_GPIO_Init
    gpio.o(.ARM.exidx.text.MX_GPIO_Init) refers to gpio.o(.text.MX_GPIO_Init) for [Anonymous Symbol]
    dma.o(.text.MX_DMA_Init) refers to stm32f1xx_hal_cortex.o(.text.HAL_NVIC_SetPriority) for HAL_NVIC_SetPriority
    dma.o(.text.MX_DMA_Init) refers to stm32f1xx_hal_cortex.o(.text.HAL_NVIC_EnableIRQ) for HAL_NVIC_EnableIRQ
    dma.o(.ARM.exidx.text.MX_DMA_Init) refers to dma.o(.text.MX_DMA_Init) for [Anonymous Symbol]
    i2c.o(.text.MX_I2C1_Init) refers to i2c.o(.bss.hi2c1) for hi2c1
    i2c.o(.text.MX_I2C1_Init) refers to stm32f1xx_hal_i2c.o(.text.HAL_I2C_Init) for HAL_I2C_Init
    i2c.o(.text.MX_I2C1_Init) refers to main.o(.text.Error_Handler) for Error_Handler
    i2c.o(.ARM.exidx.text.MX_I2C1_Init) refers to i2c.o(.text.MX_I2C1_Init) for [Anonymous Symbol]
    i2c.o(.text.MX_I2C2_Init) refers to i2c.o(.bss.hi2c2) for hi2c2
    i2c.o(.text.MX_I2C2_Init) refers to stm32f1xx_hal_i2c.o(.text.HAL_I2C_Init) for HAL_I2C_Init
    i2c.o(.text.MX_I2C2_Init) refers to main.o(.text.Error_Handler) for Error_Handler
    i2c.o(.ARM.exidx.text.MX_I2C2_Init) refers to i2c.o(.text.MX_I2C2_Init) for [Anonymous Symbol]
    i2c.o(.text.HAL_I2C_MspInit) refers to stm32f1xx_hal_gpio.o(.text.HAL_GPIO_Init) for HAL_GPIO_Init
    i2c.o(.ARM.exidx.text.HAL_I2C_MspInit) refers to i2c.o(.text.HAL_I2C_MspInit) for [Anonymous Symbol]
    i2c.o(.text.HAL_I2C_MspDeInit) refers to stm32f1xx_hal_gpio.o(.text.HAL_GPIO_DeInit) for HAL_GPIO_DeInit
    i2c.o(.ARM.exidx.text.HAL_I2C_MspDeInit) refers to i2c.o(.text.HAL_I2C_MspDeInit) for [Anonymous Symbol]
    tim.o(.text.MX_TIM1_Init) refers to tim.o(.bss.htim1) for htim1
[...]
    [Anonymous Symbol]                       0x08000960   Section        0  stm32f1xx_it.o(.text.DMA1_Channel6_IRQHandler)
    [Anonymous Symbol]                       0x0800096c   Section        0  stm32f1xx_it.o(.text.DMA1_Channel7_IRQHandler)
    [Anonymous Symbol]                       0x08000978   Section        0  stm32f1xx_it.o(.text.DebugMon_Handler)
    [Anonymous Symbol]                       0x0800097c   Section        0  main.o(.text.Error_Handler)
    [Anonymous Symbol]                       0x08000988   Section        0  stm32f1xx_hal_dma.o(.text.HAL_DMA_IRQHandler)
    [Anonymous Symbol]                       0x08000b28   Section        0  stm32f1xx_hal_dma.o(.text.HAL_DMA_Init)
    [Anonymous Symbol]                       0x08000bac   Section        0  stm32f1xx_hal.o(.text.HAL_Delay)
    [Anonymous Symbol]                       0x08000bd4   Section        0  stm32f1xx_hal_gpio.o(.text.HAL_GPIO_Init)
    [Anonymous Symbol]                       0x08000de4   Section        0  stm32f1xx_hal_gpio.o(.text.HAL_GPIO_ReadPin)
    [Anonymous Symbol]                       0x08000df0   Section        0  stm32f1xx_hal_gpio.o(.text.HAL_GPIO_WritePin)
    [Anonymous Symbol]                       0x08000dfc   Section        0  stm32f1xx_hal.o(.text.HAL_GetTick)
    [Anonymous Symbol]                       0x08000e08   Section        0  stm32f1xx_hal_i2c.o(.text.HAL_I2C_Init)
    [Anonymous Symbol]                       0x08000f6c   Section        0  stm32f1xx_hal_i2c.o(.text.HAL_I2C_IsDeviceReady)
    [Anonymous Symbol]                       0x08001180   Section        0  stm32f1xx_hal_i2c.o(.text.HAL_I2C_Mem_Read)
    [Anonymous Symbol]                       0x080014d0   Section        0  stm32f1xx_hal_i2c.o(.text.HAL_I2C_Mem_Write)
    [Anonymous Symbol]                       0x0800162c   Section        0  i2c.o(.text.HAL_I2C_MspInit)
    [Anonymous Symbol]                       0x080016fc   Section        0  stm32f1xx_hal.o(.text.HAL_IncTick)
    [Anonymous Symbol]                       0x08001718   Section        0  stm32f1xx_hal.o(.text.HAL_Init)
    [Anonymous Symbol]                       0x08001740   Section        0  stm32f1xx_hal_timebase_tim.o(.text.HAL_InitTick)
    [Anonymous Symbol]                       0x080017f0   Section        0  stm32f1xx_hal_msp.o(.text.HAL_MspInit)
    [Anonymous Symbol]                       0x08001834   Section        0  stm32f1xx_hal_cortex.o(.text.HAL_NVIC_EnableIRQ)
    [Anonymous Symbol]                       0x08001858   Section        0  stm32f1xx_hal_cortex.o(.text.HAL_NVIC_SetPriority)
    [Anonymous Symbol]                       0x080018b0   Section        0  stm32f1xx_hal_cortex.o(.text.HAL_NVIC_SetPriorityGrouping)
    [Anonymous Symbol]                       0x080018d0   Section        0  stm32f1xx_hal_rcc.o(.text.HAL_RCC_ClockConfig)
    [Anonymous Symbol]                       0x08001a8c   Section        0  stm32f1xx_hal_rcc.o(.text.HAL_RCC_GetClockConfig)
    [Anonymous Symbol]                       0x08001ad0   Section        0  stm32f1xx_hal_rcc.o(.text.HAL_RCC_GetHCLKFreq)
    [Anonymous Symbol]                       0x08001adc   Section        0  stm32f1xx_hal_rcc.o(.text.HAL_RCC_GetPCLK1Freq)
    [Anonymous Symbol]                       0x08001b04   Section        0  stm32f1xx_hal_rcc.o(.text.HAL_RCC_GetPCLK2Freq)
    [Anonymous Symbol]                       0x08001b2c   Section        0  stm32f1xx_hal_rcc.o(.text.HAL_RCC_OscConfig)
    [Anonymous Symbol]                       0x08001f2c   Section        0  stm32f1xx_hal_cortex.o(.text.HAL_SYSTICK_Config)
    [Anonymous Symbol]                       0x08001f58   Section        0  stm32f1xx_hal_tim_ex.o(.text.HAL_TIMEx_BreakCallback)
    [Anonymous Symbol]                       0x08001f5c   Section        0  stm32f1xx_hal_tim_ex.o(.text.HAL_TIMEx_CommutCallback)
    [Anonymous Symbol]                       0x08001f60   Section        0  stm32f1xx_hal_tim_ex.o(.text.HAL_TIMEx_ConfigBreakDeadTime)
    [Anonymous Symbol]                       0x08001fac   Section        0  stm32f1xx_hal_tim_ex.o(.text.HAL_TIMEx_MasterConfigSynchronization)
    [Anonymous Symbol]                       0x0800202c   Section        0  stm32f1xx_hal_tim.o(.text.HAL_TIM_Base_Init)
    [Anonymous Symbol]                       0x08002128   Section        0  tim.o(.text.HAL_TIM_Base_MspInit)
    [Anonymous Symbol]                       0x080021f4   Section        0  stm32f1xx_hal_tim.o(.text.HAL_TIM_Base_Start_IT)
    [Anonymous Symbol]                       0x08002264   Section        0  stm32f1xx_hal_tim.o(.text.HAL_TIM_ConfigClockSource)
    [Anonymous Symbol]                       0x08002404   Section        0  stm32f1xx_hal_tim.o(.text.HAL_TIM_IC_CaptureCallback)
    [Anonymous Symbol]                       0x08002408   Section        0  stm32f1xx_hal_tim.o(.text.HAL_TIM_IC_ConfigChannel)
    [Anonymous Symbol]                       0x0800258c   Section        0  stm32f1xx_hal_tim.o(.text.HAL_TIM_IC_Init)
    [Anonymous Symbol]                       0x08002688   Section        0  stm32f1xx_hal_tim.o(.text.HAL_TIM_IC_MspInit)
    [Anonymous Symbol]                       0x0800268c   Section        0  stm32f1xx_hal_tim.o(.text.HAL_TIM_IRQHandler)
    [Anonymous Symbol]                       0x080027dc   Section        0  stm32f1xx_hal_tim.o(.text.HAL_TIM_OC_DelayElapsedCallback)
    [Anonymous Symbol]                       0x080027e0   Section        0  stm32f1xx_hal_tim.o(.text.HAL_TIM_PWM_ConfigChannel)
    [Anonymous Symbol]                       0x080029e4   Section        0  stm32f1xx_hal_tim.o(.text.HAL_TIM_PWM_Init)
    [Anonymous Symbol]                       0x08002ae0   Section        0  tim.o(.text.HAL_TIM_PWM_MspInit)
    [Anonymous Symbol]                       0x08002b10   Section        0  stm32f1xx_hal_tim.o(.text.HAL_TIM_PWM_PulseFinishedCallback)
    [Anonymous Symbol]                       0x08002b14   Section        0  main.o(.text.HAL_TIM_PeriodElapsedCallback)
    [Anonymous Symbol]                       0x08002b24   Section        0  stm32f1xx_hal_tim.o(.text.HAL_TIM_TriggerCallback)
    [Anonymous Symbol]                       0x08002b28   Section        0  stm32f1xx_hal_uart.o(.text.HAL_UART_Init)
    [Anonymous Symbol]                       0x08002c0c   Section        0  usart.o(.text.HAL_UART_MspInit)
    [Anonymous Symbol]                       0x08002db8   Section        0  stm32f1xx_hal_uart.o(.text.HAL_UART_Transmit)
    I2C_RequestMemoryRead                    0x08002f4d   Thumb Code   274  stm32f1xx_hal_i2c.o(.text.I2C_RequestMemoryRead)
    [Anonymous Symbol]                       0x08002f4c   Section        0  stm32f1xx_hal_i2c.o(.text.I2C_RequestMemoryRead)
    I2C_RequestMemoryWrite                   0x08003061   Thumb Code   200  stm32f1xx_hal_i2c.o(.text.I2C_RequestMemoryWrite)
    [Anonymous Symbol]                       0x08003060   Section        0  stm32f1xx_hal_i2c.o(.text.I2C_RequestMemoryWrite)
    I2C_WaitOnBTFFlagUntilTimeout            0x08003129   Thumb Code   186  stm32f1xx_hal_i2c.o(.text.I2C_WaitOnBTFFlagUntilTimeout)
    [Anonymous Symbol]                       0x08003128   Section        0  stm32f1xx_hal_i2c.o(.text.I2C_WaitOnBTFFlagUntilTimeout)
    I2C_WaitOnFlagUntilTimeout               0x080031e5   Thumb Code   458  stm32f1xx_hal_i2c.o(.text.I2C_WaitOnFlagUntilTimeout)
    [Anonymous Symbol]                       0x080031e4   Section        0  stm32f1xx_hal_i2c.o(.text.I2C_WaitOnFlagUntilTimeout)
    I2C_WaitOnMasterAddressFlagUntilTimeout  0x080033b1   Thumb Code   214  stm32f1xx_hal_i2c.o(.text.I2C_WaitOnMasterAddressFlagUntilTimeout)
    [Anonymous Symbol]                       0x080033b0   Section        0  stm32f1xx_hal_i2c.o(.text.I2C_WaitOnMasterAddressFlagUntilTimeout)
    I2C_WaitOnRXNEFlagUntilTimeout           0x08003489   Thumb Code   144  stm32f1xx_hal_i2c.o(.text.I2C_WaitOnRXNEFlagUntilTimeout)
    [Anonymous Symbol]                       0x08003488   Section        0  stm32f1xx_hal_i2c.o(.text.I2C_WaitOnRXNEFlagUntilTimeout)
    I2C_WaitOnTXEFlagUntilTimeout            0x08003519   Thumb Code   186  stm32f1xx_hal_i2c.o(.text.I2C_WaitOnTXEFlagUntilTimeout)
    [Anonymous Symbol]                       0x08003518   Section        0  stm32f1xx_hal_i2c.o(.text.I2C_WaitOnTXEFlagUntilTimeout)
    [Anonymous Symbol]                       0x080035d4   Section        0  ina219.o(.text.INA219_Init)
    [Anonymous Symbol]                       0x08003688   Section        0  ina219.o(.text.INA219_ReadALL)
    [Anonymous Symbol]                       0x08003710   Section        0  dma.o(.text.MX_DMA_Init)
    [Anonymous Symbol]                       0x08003774   Section        0  gpio.o(.text.MX_GPIO_Init)
    [Anonymous Symbol]                       0x0800389c   Section        0  i2c.o(.text.MX_I2C1_Init)
    [Anonymous Symbol]                       0x080038e0   Section        0  i2c.o(.text.MX_I2C2_Init)
    [Anonymous Symbol]                       0x08003924   Section        0  tim.o(.text.MX_TIM1_Init)
    [Anonymous Symbol]                       0x08003a78   Section        0  tim.o(.text.MX_TIM3_Init)
    [Anonymous Symbol]                       0x08003b78   Section        0  tim.o(.text.MX_TIM4_Init)
    [Anonymous Symbol]                       0x08003cc0   Section        0  usart.o(.text.MX_USART1_UART_Init)
    [Anonymous Symbol]                       0x08003cfc   Section        0  usart.o(.text.MX_USART2_UART_Init)
    [Anonymous Symbol]                       0x08003d38   Section        0  stm32f1xx_it.o(.text.MemManage_Handler)
    [Anonymous Symbol]                       0x08003d3c   Section        0  stm32f1xx_it.o(.text.NMI_Handler)
    [Anonymous Symbol]                       0x08003d40   Section        0  stm32f1xx_it.o(.text.SVC_Handler)
    [Anonymous Symbol]                       0x08003d44   Section        0  senserthread.o(.text.SenserThread_entry)
    [Anonymous Symbol]                       0x08003df4   Section        0  board.o(.text.SysTick_Handler)
    [Anonymous Symbol]                       0x08003e08   Section        0  main.o(.text.SystemClock_Config)
    [Anonymous Symbol]                       0x08003e6c   Section        0  system_stm32f1xx.o(.text.SystemCoreClockUpdate)
    [Anonymous Symbol]                       0x08003ec8   Section        0  system_stm32f1xx.o(.text.SystemInit)
    [Anonymous Symbol]                       0x08003ecc   Section        0  stm32f1xx_it.o(.text.TIM2_IRQHandler)
    [Anonymous Symbol]                       0x08003ed8   Section        0  stm32f1xx_it.o(.text.TIM3_IRQHandler)
    [Anonymous Symbol]                       0x08003ee4   Section        0  stm32f1xx_it.o(.text.UsageFault_Handler)
    [Anonymous Symbol]                       0x08003ee8   Section        0  kservice.o(.text.__rt_ffs)
    [Anonymous Symbol]                       0x08003f20   Section        0  main.o(.text.main)
    [Anonymous Symbol]                       0x08003f60   Section        0  components.o(.text.main_thread_entry)
    [Anonymous Symbol]                       0x08003f94   Section        0  components.o(.text.rt_components_board_init)
    [Anonymous Symbol]                       0x08003fc0   Section        0  scheduler.o(.text.rt_enter_critical)
    [Anonymous Symbol]                       0x08003fdc   Section        0  scheduler.o(.text.rt_exit_critical)
    [Anonymous Symbol]                       0x08004070   Section        0  mem.o(.text.rt_free)
    [Anonymous Symbol]                       0x08004190   Section        0  board.o(.text.rt_heap_begin_get)
    [Anonymous Symbol]                       0x0800419c   Section        0  board.o(.text.rt_heap_end_get)
    [Anonymous Symbol]                       0x080041ac   Section        0  board.o(.text.rt_hw_board_init)
    [Anonymous Symbol]                       0x08004210   Section        0  board.o(.text.rt_hw_console_output)
    [Anonymous Symbol]                       0x08004274   Section        0  cpuport.o(.text.rt_hw_hard_fault_exception)
    [Anonymous Symbol]                       0x08004400   Section        0  cpuport.o(.text.rt_hw_stack_init)
    [Anonymous Symbol]                       0x0800443c   Section        0  irq.o(.text.rt_interrupt_enter)
    [Anonymous Symbol]                       0x08004458   Section        0  irq.o(.text.rt_interrupt_leave)
    [Anonymous Symbol]                       0x08004474   Section        0  kservice.o(.text.rt_kprintf)
    [Anonymous Symbol]                       0x080044b8   Section        0  mem.o(.text.rt_malloc)
    [Anonymous Symbol]                       0x08004644   Section        0  kservice.o(.text.rt_memset)
    [Anonymous Symbol]                       0x08004754   Section        0  object.o(.text.rt_object_allocate)
    [Anonymous Symbol]                       0x080047c4   Section        0  object.o(.text.rt_object_delete)
    [Anonymous Symbol]                       0x080047f0   Section        0  object.o(.text.rt_object_detach)
    [Anonymous Symbol]                       0x08004814   Section        0  object.o(.text.rt_object_init)
    [Anonymous Symbol]                       0x08004894   Section        0  object.o(.text.rt_object_is_systemobject)
    [Anonymous Symbol]                       0x0800489c   Section        0  scheduler.o(.text.rt_schedule)
    [Anonymous Symbol]                       0x08004914   Section        0  scheduler.o(.text.rt_schedule_insert_thread)
    [Anonymous Symbol]                       0x08004968   Section        0  scheduler.o(.text.rt_schedule_remove_thread)
    [Anonymous Symbol]                       0x080049bc   Section        0  ipc.o(.text.rt_sem_init)
    [Anonymous Symbol]                       0x080049dc   Section        0  ipc.o(.text.rt_sem_release)
    [Anonymous Symbol]                       0x08004a28   Section        0  ipc.o(.text.rt_sem_take)
    [Anonymous Symbol]                       0x08004b3c   Section        0  kservice.o(.text.rt_show_version)
    [Anonymous Symbol]                       0x08004bf4   Section        0  kservice.o(.text.rt_strlen)
    [Anonymous Symbol]                       0x08004c24   Section        0  kservice.o(.text.rt_strncpy)
    [Anonymous Symbol]                       0x08004cbc   Section        0  mem.o(.text.rt_system_heap_init)
    [Anonymous Symbol]                       0x08004d7c   Section        0  scheduler.o(.text.rt_system_scheduler_init)
    [Anonymous Symbol]                       0x08004ea8   Section        0  scheduler.o(.text.rt_system_scheduler_start)
    [Anonymous Symbol]                       0x08004ed8   Section        0  timer.o(.text.rt_system_timer_init)
    [Anonymous Symbol]                       0x08004ee8   Section        0  timer.o(.text.rt_system_timer_thread_init)
    [Anonymous Symbol]                       0x08004eec   Section        0  thread.o(.text.rt_thread_create)
    [Anonymous Symbol]                       0x08004f9c   Section        0  thread.o(.text.rt_thread_delay)
    [Anonymous Symbol]                       0x08004fa8   Section        0  thread.o(.text.rt_thread_exit)
    rt_thread_idle_entry                     0x08005025   Thumb Code    60  idle.o(.text.rt_thread_idle_entry)
    [Anonymous Symbol]                       0x08005024   Section        0  idle.o(.text.rt_thread_idle_entry)
    [Anonymous Symbol]                       0x08005060   Section        0  idle.o(.text.rt_thread_idle_init)
    [Anonymous Symbol]                       0x080050b0   Section        0  thread.o(.text.rt_thread_init)
    [Anonymous Symbol]                       0x08005140   Section        0  thread.o(.text.rt_thread_mdelay)
    [Anonymous Symbol]                       0x08005150   Section        0  thread.o(.text.rt_thread_resume)
    [Anonymous Symbol]                       0x08005194   Section        0  thread.o(.text.rt_thread_self)
    [Anonymous Symbol]                       0x080051a0   Section        0  thread.o(.text.rt_thread_sleep)
    [Anonymous Symbol]                       0x08005218   Section        0  thread.o(.text.rt_thread_startup)
    [Anonymous Symbol]                       0x08005274   Section        0  thread.o(.text.rt_thread_suspend)
    [Anonymous Symbol]                       0x080052b8   Section        0  thread.o(.text.rt_thread_timeout)
    [Anonymous Symbol]                       0x080052e0   Section        0  thread.o(.text.rt_thread_yield)
    [Anonymous Symbol]                       0x08005348   Section        0  clock.o(.text.rt_tick_from_millisecond)
    [Anonymous Symbol]                       0x08005350   Section        0  clock.o(.text.rt_tick_get)
    [Anonymous Symbol]                       0x0800535c   Section        0  clock.o(.text.rt_tick_increase)
    [Anonymous Symbol]                       0x08005390   Section        0  timer.o(.text.rt_timer_check)
    [Anonymous Symbol]                       0x080054e4   Section        0  timer.o(.text.rt_timer_control)
    [Anonymous Symbol]                       0x0800554c   Section        0  timer.o(.text.rt_timer_detach)
    [Anonymous Symbol]                       0x0800557c   Section        0  timer.o(.text.rt_timer_init)
    [Anonymous Symbol]                       0x080055b0   Section        0  timer.o(.text.rt_timer_start)
    [Anonymous Symbol]                       0x0800567c   Section        0  timer.o(.text.rt_timer_stop)
    rti_board_end                            0x080056b5   Thumb Code     4  components.o(.text.rti_board_end)
    [Anonymous Symbol]                       0x080056b4   Section        0  components.o(.text.rti_board_end)
    rti_board_start                          0x080056b9   Thumb Code     4  components.o(.text.rti_board_start)
    [Anonymous Symbol]                       0x080056b8   Section        0  components.o(.text.rti_board_start)
    rti_end                                  0x080056bd   Thumb Code     4  components.o(.text.rti_end)
    [Anonymous Symbol]                       0x080056bc   Section        0  components.o(.text.rti_end)
    rti_start                                0x080056c1   Thumb Code     4  components.o(.text.rti_start)
    [Anonymous Symbol]                       0x080056c0   Section        0  components.o(.text.rti_start)
    uart_init                                0x080056c5   Thumb Code    56  board.o(.text.uart_init)
    [Anonymous Symbol]                       0x080056c4   Section        0  board.o(.text.uart_init)
    i.__0vsnprintf                           0x080056fc   Section        0  printfa.o(i.__0vsnprintf)
    i.__scatterload_copy                     0x08005730   Section       14  handlers.o(i.__scatterload_copy)
    i.__scatterload_null                     0x0800573e   Section        2  handlers.o(i.__scatterload_null)
    i.__scatterload_zeroinit                 0x08005740   Section       14  handlers.o(i.__scatterload_zeroinit)
    _fp_digits                               0x08005751   Thumb Code   366  printfa.o(i._fp_digits)
    i._fp_digits                             0x08005750   Section        0  printfa.o(i._fp_digits)
    _printf_core                             0x080058d5   Thumb Code  1744  printfa.o(i._printf_core)
    i._printf_core                           0x080058d4   Section        0  printfa.o(i._printf_core)
    _printf_post_padding                     0x08005fb1   Thumb Code    36  printfa.o(i._printf_post_padding)
    i._printf_post_padding                   0x08005fb0   Section        0  printfa.o(i._printf_post_padding)
    _printf_pre_padding                      0x08005fd5   Thumb Code    46  printfa.o(i._printf_pre_padding)
    i._printf_pre_padding                    0x08005fd4   Section        0  printfa.o(i._printf_pre_padding)
    _snputc                                  0x08006003   Thumb Code    22  printfa.o(i._snputc)
    i._snputc                                0x08006002   Section        0  printfa.o(i._snputc)
    HAL_RCC_GetSysClockFreq.aPredivFactorTable 0x08006030   Data           2  stm32f1xx_hal_rcc.o(.rodata.HAL_RCC_GetSysClockFreq.aPredivFactorTable)
    [Anonymous Symbol]                       0x08006030   Section        0  stm32f1xx_hal_rcc.o(.rodata.HAL_RCC_GetSysClockFreq.aPredivFactorTable)
    HAL_RCC_GetSysClockFreq.aPLLMULFactorTable 0x08006132   Data          16  stm32f1xx_hal_rcc.o(.rodata.cst16)
    [Anonymous Symbol]                       0x08006132   Section        0  stm32f1xx_hal_rcc.o(.rodata.cst16)
    .L.str.17                                0x08006142   Data          26  cpuport.o(.rodata.str1.1)
    [Anonymous Symbol]                       0x08006142   Section        0  cpuport.o(.rodata.str1.1)
    .L.str.16                                0x0800615c   Data          29  cpuport.o(.rodata.str1.1)
    .L.str.1                                 0x08006179   Data          13  cpuport.o(.rodata.str1.1)
    .L.str.2                                 0x08006186   Data          13  cpuport.o(.rodata.str1.1)
    .L.str.3                                 0x08006193   Data          13  cpuport.o(.rodata.str1.1)
    .L.str.4                                 0x080061a0   Data          13  cpuport.o(.rodata.str1.1)
    .L.str.5                                 0x080061ad   Data          13  cpuport.o(.rodata.str1.1)
    .L.str                                   0x080061ba   Data          13  cpuport.o(.rodata.str1.1)
    .L.str                                   0x080061c7   Data           5  components.o(.rodata.str1.1)
    [Anonymous Symbol]                       0x080061c7   Section        0  components.o(.rodata.str1.1)
    __tagsym$$used.0                         0x080061cc   Number         0  components.o(.rti_fn.0)
    __tagsym$$used.1                         0x080061d0   Number         0  components.o(.rti_fn.0.end)
    __tagsym$$used.0                         0x080061d4   Number         0  board.o(.rti_fn.1)
    __tagsym$$used.2                         0x080061d8   Number         0  components.o(.rti_fn.1.end)
    __tagsym$$used.3                         0x080061dc   Number         0  components.o(.rti_fn.6.end)
    .L_MergedGlobals                         0x20000000   Data           8  stm32f1xx_hal.o(.data..L_MergedGlobals)
    [Anonymous Symbol]                       0x20000000   Section        0  stm32f1xx_hal.o(.data..L_MergedGlobals)
    rt_object_container                      0x2000000c   Data          48  object.o(.data.rt_object_container)
    [Anonymous Symbol]                       0x2000000c   Section        0  object.o(.data.rt_object_container)
    .L_MergedGlobals                         0x20000040   Data          28  senserthread.o(.bss..L_MergedGlobals)
    [Anonymous Symbol]                       0x20000040   Section        0  senserthread.o(.bss..L_MergedGlobals)
    LED_Blink.led_flag                       0x20000044   Data           1  senserthread.o(.bss..L_MergedGlobals)
    .L_MergedGlobals                         0x2000005c   Data          12  ina219.o(.bss..L_MergedGlobals)
    [Anonymous Symbol]                       0x2000005c   Section        0  ina219.o(.bss..L_MergedGlobals)
    .L_MergedGlobals                         0x20000068   Data          56  mem.o(.bss..L_MergedGlobals)
    mem_size_aligned                         0x20000068   Data           4  mem.o(.bss..L_MergedGlobals)
    [Anonymous Symbol]                       0x20000068   Section        0  mem.o(.bss..L_MergedGlobals)
    heap_ptr                                 0x2000006c   Data           4  mem.o(.bss..L_MergedGlobals)
    heap_end                                 0x20000070   Data           4  mem.o(.bss..L_MergedGlobals)
    lfree                                    0x20000074   Data           4  mem.o(.bss..L_MergedGlobals)
    used_mem                                 0x20000078   Data           4  mem.o(.bss..L_MergedGlobals)
    max_mem                                  0x2000007c   Data           4  mem.o(.bss..L_MergedGlobals)
    heap_sem                                 0x20000080   Data          32  mem.o(.bss..L_MergedGlobals)
    .L_MergedGlobals                         0x200000a0   Data          20  scheduler.o(.bss..L_MergedGlobals)
    [Anonymous Symbol]                       0x200000a0   Section        0  scheduler.o(.bss..L_MergedGlobals)
    rt_scheduler_lock_nest                   0x200000a2   Data           2  scheduler.o(.bss..L_MergedGlobals)
    .L_MergedGlobals                         0x200000b4   Data          12  timer.o(.bss..L_MergedGlobals)
    rt_timer_start.random_nr                 0x200000b4   Data           4  timer.o(.bss..L_MergedGlobals)
    [Anonymous Symbol]                       0x200000b4   Section        0  timer.o(.bss..L_MergedGlobals)
    rt_timer_list                            0x200000b8   Data           8  timer.o(.bss..L_MergedGlobals)
    UartHandle                               0x200000c4   Data          72  board.o(.bss.UartHandle)
    [Anonymous Symbol]                       0x200000c4   Section        0  board.o(.bss.UartHandle)
    idle                                     0x20000474   Data         120  idle.o(.bss.idle)
    [Anonymous Symbol]                       0x20000474   Section        0  idle.o(.bss.idle)
    rt_exception_hook                        0x200004ec   Data           4  cpuport.o(.bss.rt_exception_hook)
    [Anonymous Symbol]                       0x200004ec   Section        0  cpuport.o(.bss.rt_exception_hook)
    rt_heap                                  0x200004f0   Data       11264  board.o(.bss.rt_heap)
    [Anonymous Symbol]                       0x200004f0   Section        0  board.o(.bss.rt_heap)
    rt_kprintf.rt_log_buf                    0x200030fc   Data         256  kservice.o(.bss.rt_kprintf.rt_log_buf)
    [Anonymous Symbol]                       0x200030fc   Section        0  kservice.o(.bss.rt_kprintf.rt_log_buf)
    rt_thread_stack                          0x200032fc   Data         256  idle.o(.bss.rt_thread_stack)
    [Anonymous Symbol]                       0x200032fc   Section        0  idle.o(.bss.rt_thread_stack)
    rt_tick                                  0x20003400   Data           4  clock.o(.bss.rt_tick)
    [Anonymous Symbol]                       0x20003400   Section        0  clock.o(.bss.rt_tick)
    STACK                                    0x20003408   Section     1024  startup_stm32f103xb.o(STACK)

    Global Symbols

    Symbol Name                              Value     Ov Type        Size  Object(Section)

    BuildAttributes$$THM_ISAv4$P$D$K$B$S$PE$A:L22UL41UL21$X:L11$S22US41US21$IEEE1$IW$~IW$USESV6$~STKCKD$USESV7$~SHL$OTIME$ROPI$EBA8$MICROLIB$REQ8$PRES8$EABIv2 0x00000000   Number         0  anon$$obj.o ABSOLUTE
    __cpp_initialize__aeabi_                  - Undefined Weak Reference
    __cxa_finalize                            - Undefined Weak Reference
    __decompress                              - Undefined Weak Reference
    _clock_init                               - Undefined Weak Reference
    _microlib_exit                            - Undefined Weak Reference
    __Vectors_Size                           0x000000ec   Number         0  startup_stm32f103xb.o ABSOLUTE
    __Vectors                                0x08000000   Data           4  startup_stm32f103xb.o(RESET)
    __Vectors_End                            0x080000ec   Data           0  startup_stm32f103xb.o(RESET)
    __main                                   0x080000ed   Thumb Code     0  entry.o(.ARM.Collect$$$$00000000)
    _main_stk                                0x080000ed   Thumb Code     0  entry2.o(.ARM.Collect$$$$00000001)
    _main_scatterload                        0x080000f1   Thumb Code     0  entry5.o(.ARM.Collect$$$$00000004)
    __main_after_scatterload                 0x080000f5   Thumb Code     0  entry5.o(.ARM.Collect$$$$00000004)
    _main_clock                              0x080000f5   Thumb Code     0  entry7b.o(.ARM.Collect$$$$00000008)
    _main_cpp_init                           0x080000f5   Thumb Code     0  entry8b.o(.ARM.Collect$$$$0000000A)
    _main_init                               0x080000f5   Thumb Code     0  entry9a.o(.ARM.Collect$$$$0000000B)
    __rt_final_cpp                           0x080000fd   Thumb Code     0  entry10a.o(.ARM.Collect$$$$0000000D)
    __rt_final_exit                          0x080000fd   Thumb Code     0  entry11a.o(.ARM.Collect$$$$0000000F)
    Reset_Handler                            0x08000101   Thumb Code     8  startup_stm32f103xb.o(.text)
    ADC1_2_IRQHandler                        0x0800011b   Thumb Code     0  startup_stm32f103xb.o(.text)
    CAN1_RX1_IRQHandler                      0x0800011b   Thumb Code     0  startup_stm32f103xb.o(.text)
    CAN1_SCE_IRQHandler                      0x0800011b   Thumb Code     0  startup_stm32f103xb.o(.text)
    DMA1_Channel1_IRQHandler                 0x0800011b   Thumb Code     0  startup_stm32f103xb.o(.text)
    DMA1_Channel2_IRQHandler                 0x0800011b   Thumb Code     0  startup_stm32f103xb.o(.text)
    DMA1_Channel3_IRQHandler                 0x0800011b   Thumb Code     0  startup_stm32f103xb.o(.text)
    EXTI0_IRQHandler                         0x0800011b   Thumb Code     0  startup_stm32f103xb.o(.text)
    EXTI15_10_IRQHandler                     0x0800011b   Thumb Code     0  startup_stm32f103xb.o(.text)
    EXTI1_IRQHandler                         0x0800011b   Thumb Code     0  startup_stm32f103xb.o(.text)
    EXTI2_IRQHandler                         0x0800011b   Thumb Code     0  startup_stm32f103xb.o(.text)
    EXTI3_IRQHandler                         0x0800011b   Thumb Code     0  startup_stm32f103xb.o(.text)
    EXTI4_IRQHandler                         0x0800011b   Thumb Code     0  startup_stm32f103xb.o(.text)
    EXTI9_5_IRQHandler                       0x0800011b   Thumb Code     0  startup_stm32f103xb.o(.text)
    FLASH_IRQHandler                         0x0800011b   Thumb Code     0  startup_stm32f103xb.o(.text)
    I2C1_ER_IRQHandler                       0x0800011b   Thumb Code     0  startup_stm32f103xb.o(.text)
    I2C1_EV_IRQHandler                       0x0800011b   Thumb Code     0  startup_stm32f103xb.o(.text)
    I2C2_ER_IRQHandler                       0x0800011b   Thumb Code     0  startup_stm32f103xb.o(.text)
    I2C2_EV_IRQHandler                       0x0800011b   Thumb Code     0  startup_stm32f103xb.o(.text)
    PVD_IRQHandler                           0x0800011b   Thumb Code     0  startup_stm32f103xb.o(.text)
    RCC_IRQHandler                           0x0800011b   Thumb Code     0  startup_stm32f103xb.o(.text)
    RTC_Alarm_IRQHandler                     0x0800011b   Thumb Code     0  startup_stm32f103xb.o(.text)
    RTC_IRQHandler                           0x0800011b   Thumb Code     0  startup_stm32f103xb.o(.text)
    SPI1_IRQHandler                          0x0800011b   Thumb Code     0  startup_stm32f103xb.o(.text)
    SPI2_IRQHandler                          0x0800011b   Thumb Code     0  startup_stm32f103xb.o(.text)
    TAMPER_IRQHandler                        0x0800011b   Thumb Code     0  startup_stm32f103xb.o(.text)
    TIM1_BRK_IRQHandler                      0x0800011b   Thumb Code     0  startup_stm32f103xb.o(.text)
    TIM1_CC_IRQHandler                       0x0800011b   Thumb Code     0  startup_stm32f103xb.o(.text)
    TIM1_TRG_COM_IRQHandler                  0x0800011b   Thumb Code     0  startup_stm32f103xb.o(.text)
    TIM1_UP_IRQHandler                       0x0800011b   Thumb Code     0  startup_stm32f103xb.o(.text)
    TIM4_IRQHandler                          0x0800011b   Thumb Code     0  startup_stm32f103xb.o(.text)
    USART1_IRQHandler                        0x0800011b   Thumb Code     0  startup_stm32f103xb.o(.text)
    USART2_IRQHandler                        0x0800011b   Thumb Code     0  startup_stm32f103xb.o(.text)
    USART3_IRQHandler                        0x0800011b   Thumb Code     0  startup_stm32f103xb.o(.text)
    USBWakeUp_IRQHandler                     0x0800011b   Thumb Code     0  startup_stm32f103xb.o(.text)
    USB_HP_CAN1_TX_IRQHandler                0x0800011b   Thumb Code     0  startup_stm32f103xb.o(.text)
    USB_LP_CAN1_RX0_IRQHandler               0x0800011b   Thumb Code     0  startup_stm32f103xb.o(.text)
    WWDG_IRQHandler                          0x0800011b   Thumb Code     0  startup_stm32f103xb.o(.text)
    rt_hw_interrupt_disable                  0x08000125   Thumb Code     8  context_rvds.o(.text)
    rt_hw_interrupt_enable                   0x0800012d   Thumb Code     6  context_rvds.o(.text)
    rt_hw_context_switch                     0x08000133   Thumb Code    32  context_rvds.o(.text)
    rt_hw_context_switch_interrupt           0x08000133   Thumb Code     0  context_rvds.o(.text)
    PendSV_Handler                           0x08000153   Thumb Code    60  context_rvds.o(.text)
    rt_hw_context_switch_to                  0x0800018f   Thumb Code    56  context_rvds.o(.text)
    rt_hw_interrupt_thread_switch            0x080001c7   Thumb Code     2  context_rvds.o(.text)
    HardFault_Handler                        0x080001c9   Thumb Code    52  context_rvds.o(.text)
    __aeabi_memset                           0x08000219   Thumb Code    14  memseta.o(.text)
    __aeabi_memset4                          0x08000219   Thumb Code     0  memseta.o(.text)
    __aeabi_memset8                          0x08000219   Thumb Code     0  memseta.o(.text)
    __aeabi_memclr                           0x08000227   Thumb Code     4  memseta.o(.text)
    __aeabi_memclr4                          0x08000227   Thumb Code     0  memseta.o(.text)
    __aeabi_memclr8                          0x08000227   Thumb Code     0  memseta.o(.text)
    _memset$wrapper                          0x0800022b   Thumb Code    18  memseta.o(.text)
    __aeabi_fmul                             0x0800023d   Thumb Code   100  fmul.o(.text)
    __aeabi_fdiv                             0x080002a1   Thumb Code   124  fdiv.o(.text)
    __aeabi_i2f                              0x0800031d   Thumb Code    18  fflti.o(.text)
    __aeabi_ui2f                             0x0800032f   Thumb Code    10  ffltui.o(.text)
    __aeabi_uidiv                            0x08000339   Thumb Code     0  uidiv.o(.text)
    __aeabi_uidivmod                         0x08000339   Thumb Code    44  uidiv.o(.text)
    __aeabi_uldivmod                         0x08000365   Thumb Code    98  uldiv.o(.text)
    __I$use$fp                               0x080003c7   Thumb Code     0  iusefp.o(.text)
    _float_round                             0x080003c7   Thumb Code    18  fepilogue.o(.text)
    _float_epilogue                          0x080003d9   Thumb Code    92  fepilogue.o(.text)
    __aeabi_dadd                             0x08000435   Thumb Code   322  dadd.o(.text)
    __aeabi_dsub                             0x08000577   Thumb Code     6  dadd.o(.text)
    __aeabi_drsub                            0x0800057d   Thumb Code     6  dadd.o(.text)
    __aeabi_dmul                             0x08000583   Thumb Code   228  dmul.o(.text)
    __aeabi_ddiv                             0x08000667   Thumb Code   222  ddiv.o(.text)
    __aeabi_d2ulz                            0x08000745   Thumb Code    48  dfixul.o(.text)
    __aeabi_cdrcmple                         0x08000775   Thumb Code    48  cdrcmple.o(.text)
    __scatterload                            0x080007a5   Thumb Code    38  init.o(.text)
    __scatterload_rt2                        0x080007a5   Thumb Code     0  init.o(.text)
    __aeabi_llsl                             0x080007d5   Thumb Code    30  llshl.o(.text)
    _ll_shift_l                              0x080007d5   Thumb Code     0  llshl.o(.text)
    __aeabi_llsr                             0x080007f3   Thumb Code    32  llushr.o(.text)
    _ll_ushift_r                             0x080007f3   Thumb Code     0  llushr.o(.text)
    __aeabi_lasr                             0x08000813   Thumb Code    36  llsshr.o(.text)
    _ll_sshift_r                             0x08000813   Thumb Code     0  llsshr.o(.text)
    _double_round                            0x08000837   Thumb Code    30  depilogue.o(.text)
    _double_epilogue                         0x08000855   Thumb Code   156  depilogue.o(.text)
    main                                     0x080008f1   Thumb Code    84  components.o(.text.$Sub$$main)
    BusFault_Handler                         0x08000945   Thumb Code     2  stm32f1xx_it.o(.text.BusFault_Handler)
    DMA1_Channel4_IRQHandler                 0x08000949   Thumb Code    12  stm32f1xx_it.o(.text.DMA1_Channel4_IRQHandler)
    DMA1_Channel5_IRQHandler                 0x08000955   Thumb Code    12  stm32f1xx_it.o(.text.DMA1_Channel5_IRQHandler)
    DMA1_Channel6_IRQHandler                 0x08000961   Thumb Code    12  stm32f1xx_it.o(.text.DMA1_Channel6_IRQHandler)
    DMA1_Channel7_IRQHandler                 0x0800096d   Thumb Code    12  stm32f1xx_it.o(.text.DMA1_Channel7_IRQHandler)
    DebugMon_Handler                         0x08000979   Thumb Code     2  stm32f1xx_it.o(.text.DebugMon_Handler)
    Error_Handler                            0x0800097d   Thumb Code    10  main.o(.text.Error_Handler)
    HAL_DMA_IRQHandler                       0x08000989   Thumb Code   416  stm32f1xx_hal_dma.o(.text.HAL_DMA_IRQHandler)
    HAL_DMA_Init                             0x08000b29   Thumb Code   132  stm32f1xx_hal_dma.o(.text.HAL_DMA_Init)
    HAL_Delay                                0x08000bad   Thumb Code    40  stm32f1xx_hal.o(.text.HAL_Delay)
    HAL_GPIO_Init                            0x08000bd5   Thumb Code   526  stm32f1xx_hal_gpio.o(.text.HAL_GPIO_Init)
    HAL_GPIO_ReadPin                         0x08000de5   Thumb Code    10  stm32f1xx_hal_gpio.o(.text.HAL_GPIO_ReadPin)
    HAL_GPIO_WritePin                        0x08000df1   Thumb Code    10  stm32f1xx_hal_gpio.o(.text.HAL_GPIO_WritePin)
    HAL_GetTick                              0x08000dfd   Thumb Code    12  stm32f1xx_hal.o(.text.HAL_GetTick)
    HAL_I2C_Init                             0x08000e09   Thumb Code   356  stm32f1xx_hal_i2c.o(.text.HAL_I2C_Init)
    HAL_I2C_IsDeviceReady                    0x08000f6d   Thumb Code   532  stm32f1xx_hal_i2c.o(.text.HAL_I2C_IsDeviceReady)
    HAL_I2C_Mem_Read                         0x08001181   Thumb Code   846  stm32f1xx_hal_i2c.o(.text.HAL_I2C_Mem_Read)
    HAL_I2C_Mem_Write                        0x080014d1   Thumb Code   348  stm32f1xx_hal_i2c.o(.text.HAL_I2C_Mem_Write)
    HAL_I2C_MspInit                          0x0800162d   Thumb Code   208  i2c.o(.text.HAL_I2C_MspInit)
    HAL_IncTick                              0x080016fd   Thumb Code    26  stm32f1xx_hal.o(.text.HAL_IncTick)
    HAL_Init                                 0x08001719   Thumb Code    38  stm32f1xx_hal.o(.text.HAL_Init)
    HAL_InitTick                             0x08001741   Thumb Code   174  stm32f1xx_hal_timebase_tim.o(.text.HAL_InitTick)
    HAL_MspInit                              0x080017f1   Thumb Code    66  stm32f1xx_hal_msp.o(.text.HAL_MspInit)
    HAL_NVIC_EnableIRQ                       0x08001835   Thumb Code    34  stm32f1xx_hal_cortex.o(.text.HAL_NVIC_EnableIRQ)
    HAL_NVIC_SetPriority                     0x08001859   Thumb Code    86  stm32f1xx_hal_cortex.o(.text.HAL_NVIC_SetPriority)
    HAL_NVIC_SetPriorityGrouping             0x080018b1   Thumb Code    32  stm32f1xx_hal_cortex.o(.text.HAL_NVIC_SetPriorityGrouping)
    HAL_RCC_ClockConfig                      0x080018d1   Thumb Code   442  stm32f1xx_hal_rcc.o(.text.HAL_RCC_ClockConfig)
    HAL_RCC_GetClockConfig                   0x08001a8d   Thumb Code    66  stm32f1xx_hal_rcc.o(.text.HAL_RCC_GetClockConfig)
    HAL_RCC_GetHCLKFreq                      0x08001ad1   Thumb Code    12  stm32f1xx_hal_rcc.o(.text.HAL_RCC_GetHCLKFreq)
    HAL_RCC_GetPCLK1Freq                     0x08001add   Thumb Code    38  stm32f1xx_hal_rcc.o(.text.HAL_RCC_GetPCLK1Freq)
    HAL_RCC_GetPCLK2Freq                     0x08001b05   Thumb Code    38  stm32f1xx_hal_rcc.o(.text.HAL_RCC_GetPCLK2Freq)
    HAL_RCC_OscConfig                        0x08001b2d   Thumb Code  1024  stm32f1xx_hal_rcc.o(.text.HAL_RCC_OscConfig)
    HAL_SYSTICK_Config                       0x08001f2d   Thumb Code    44  stm32f1xx_hal_cortex.o(.text.HAL_SYSTICK_Config)
    HAL_TIMEx_BreakCallback                  0x08001f59   Thumb Code     2  stm32f1xx_hal_tim_ex.o(.text.HAL_TIMEx_BreakCallback)
    HAL_TIMEx_CommutCallback                 0x08001f5d   Thumb Code     2  stm32f1xx_hal_tim_ex.o(.text.HAL_TIMEx_CommutCallback)
    HAL_TIMEx_ConfigBreakDeadTime            0x08001f61   Thumb Code    76  stm32f1xx_hal_tim_ex.o(.text.HAL_TIMEx_ConfigBreakDeadTime)
    HAL_TIMEx_MasterConfigSynchronization    0x08001fad   Thumb Code   126  stm32f1xx_hal_tim_ex.o(.text.HAL_TIMEx_MasterConfigSynchronization)
    HAL_TIM_Base_Init                        0x0800202d   Thumb Code   250  stm32f1xx_hal_tim.o(.text.HAL_TIM_Base_Init)
    HAL_TIM_Base_MspInit                     0x08002129   Thumb Code   202  tim.o(.text.HAL_TIM_Base_MspInit)
    HAL_TIM_Base_Start_IT                    0x080021f5   Thumb Code   110  stm32f1xx_hal_tim.o(.text.HAL_TIM_Base_Start_IT)
    HAL_TIM_ConfigClockSource                0x08002265   Thumb Code   416  stm32f1xx_hal_tim.o(.text.HAL_TIM_ConfigClockSource)
    HAL_TIM_IC_CaptureCallback               0x08002405   Thumb Code     2  stm32f1xx_hal_tim.o(.text.HAL_TIM_IC_CaptureCallback)
    HAL_TIM_IC_ConfigChannel                 0x08002409   Thumb Code   386  stm32f1xx_hal_tim.o(.text.HAL_TIM_IC_ConfigChannel)
    HAL_TIM_IC_Init                          0x0800258d   Thumb Code   250  stm32f1xx_hal_tim.o(.text.HAL_TIM_IC_Init)
    HAL_TIM_IC_MspInit                       0x08002689   Thumb Code     2  stm32f1xx_hal_tim.o(.text.HAL_TIM_IC_MspInit)
    HAL_TIM_IRQHandler                       0x0800268d   Thumb Code   334  stm32f1xx_hal_tim.o(.text.HAL_TIM_IRQHandler)
    HAL_TIM_OC_DelayElapsedCallback          0x080027dd   Thumb Code     2  stm32f1xx_hal_tim.o(.text.HAL_TIM_OC_DelayElapsedCallback)
    HAL_TIM_PWM_ConfigChannel                0x080027e1   Thumb Code   516  stm32f1xx_hal_tim.o(.text.HAL_TIM_PWM_ConfigChannel)
    HAL_TIM_PWM_Init                         0x080029e5   Thumb Code   250  stm32f1xx_hal_tim.o(.text.HAL_TIM_PWM_Init)
    HAL_TIM_PWM_MspInit                      0x08002ae1   Thumb Code    48  tim.o(.text.HAL_TIM_PWM_MspInit)
    HAL_TIM_PWM_PulseFinishedCallback        0x08002b11   Thumb Code     2  stm32f1xx_hal_tim.o(.text.HAL_TIM_PWM_PulseFinishedCallback)
    HAL_TIM_PeriodElapsedCallback            0x08002b15   Thumb Code    14  main.o(.text.HAL_TIM_PeriodElapsedCallback)
    HAL_TIM_TriggerCallback                  0x08002b25   Thumb Code     2  stm32f1xx_hal_tim.o(.text.HAL_TIM_TriggerCallback)
    HAL_UART_Init                            0x08002b29   Thumb Code   226  stm32f1xx_hal_uart.o(.text.HAL_UART_Init)
    HAL_UART_MspInit                         0x08002c0d   Thumb Code   426  usart.o(.text.HAL_UART_MspInit)
    HAL_UART_Transmit                        0x08002db9   Thumb Code   402  stm32f1xx_hal_uart.o(.text.HAL_UART_Transmit)
    INA219_Init                              0x080035d5   Thumb Code   180  ina219.o(.text.INA219_Init)
    INA219_ReadALL                           0x08003689   Thumb Code   134  ina219.o(.text.INA219_ReadALL)
    MX_DMA_Init                              0x08003711   Thumb Code   100  dma.o(.text.MX_DMA_Init)
    MX_GPIO_Init                             0x08003775   Thumb Code   294  gpio.o(.text.MX_GPIO_Init)
    MX_I2C1_Init                             0x0800389d   Thumb Code    66  i2c.o(.text.MX_I2C1_Init)
    MX_I2C2_Init                             0x080038e1   Thumb Code    66  i2c.o(.text.MX_I2C2_Init)
    MX_TIM1_Init                             0x08003925   Thumb Code   340  tim.o(.text.MX_TIM1_Init)
    MX_TIM3_Init                             0x08003a79   Thumb Code   256  tim.o(.text.MX_TIM3_Init)
    MX_TIM4_Init                             0x08003b79   Thumb Code   326  tim.o(.text.MX_TIM4_Init)
    MX_USART1_UART_Init                      0x08003cc1   Thumb Code    60  usart.o(.text.MX_USART1_UART_Init)
    MX_USART2_UART_Init                      0x08003cfd   Thumb Code    60  usart.o(.text.MX_USART2_UART_Init)
    MemManage_Handler                        0x08003d39   Thumb Code     2  stm32f1xx_it.o(.text.MemManage_Handler)
    NMI_Handler                              0x08003d3d   Thumb Code     2  stm32f1xx_it.o(.text.NMI_Handler)
    SVC_Handler                              0x08003d41   Thumb Code     2  stm32f1xx_it.o(.text.SVC_Handler)
    SenserThread_entry                       0x08003d45   Thumb Code   140  senserthread.o(.text.SenserThread_entry)
    SysTick_Handler                          0x08003df5   Thumb Code    18  board.o(.text.SysTick_Handler)
    SystemClock_Config                       0x08003e09   Thumb Code   100  main.o(.text.SystemClock_Config)
    SystemCoreClockUpdate                    0x08003e6d   Thumb Code    92  system_stm32f1xx.o(.text.SystemCoreClockUpdate)
    SystemInit                               0x08003ec9   Thumb Code     2  system_stm32f1xx.o(.text.SystemInit)
    TIM2_IRQHandler                          0x08003ecd   Thumb Code    12  stm32f1xx_it.o(.text.TIM2_IRQHandler)
    TIM3_IRQHandler                          0x08003ed9   Thumb Code    12  stm32f1xx_it.o(.text.TIM3_IRQHandler)
    UsageFault_Handler                       0x08003ee5   Thumb Code     2  stm32f1xx_it.o(.text.UsageFault_Handler)
    __rt_ffs                                 0x08003ee9   Thumb Code    56  kservice.o(.text.__rt_ffs)
    $Super$$main                             0x08003f21   Thumb Code    56  main.o(.text.main)
    main_thread_entry                        0x08003f61   Thumb Code    50  components.o(.text.main_thread_entry)
    rt_components_board_init                 0x08003f95   Thumb Code    42  components.o(.text.rt_components_board_init)
    rt_enter_critical                        0x08003fc1   Thumb Code    28  scheduler.o(.text.rt_enter_critical)
    rt_exit_critical                         0x08003fdd   Thumb Code   146  scheduler.o(.text.rt_exit_critical)
    rt_free                                  0x08004071   Thumb Code   212  mem.o(.text.rt_free)
    rt_heap_begin_get                        0x08004191   Thumb Code    10  board.o(.text.rt_heap_begin_get)
    rt_heap_end_get                          0x0800419d   Thumb Code    14  board.o(.text.rt_heap_end_get)
    rt_hw_board_init                         0x080041ad   Thumb Code    98  board.o(.text.rt_hw_board_init)
    rt_hw_console_output                     0x08004211   Thumb Code   100  board.o(.text.rt_hw_console_output)
    rt_hw_hard_fault_exception               0x08004275   Thumb Code   236  cpuport.o(.text.rt_hw_hard_fault_exception)
    rt_hw_stack_init                         0x08004401   Thumb Code    60  cpuport.o(.text.rt_hw_stack_init)
    rt_interrupt_enter                       0x0800443d   Thumb Code    28  irq.o(.text.rt_interrupt_enter)
    rt_interrupt_leave                       0x08004459   Thumb Code    28  irq.o(.text.rt_interrupt_leave)
    rt_kprintf                               0x08004475   Thumb Code    68  kservice.o(.text.rt_kprintf)
    rt_malloc                                0x080044b9   Thumb Code   394  mem.o(.text.rt_malloc)
    rt_memset                                0x08004645   Thumb Code   272  kservice.o(.text.rt_memset)
    rt_object_allocate                       0x08004755   Thumb Code   112  object.o(.text.rt_object_allocate)
    rt_object_delete                         0x080047c5   Thumb Code    42  object.o(.text.rt_object_delete)
    rt_object_detach                         0x080047f1   Thumb Code    34  object.o(.text.rt_object_detach)
    rt_object_init                           0x08004815   Thumb Code   126  object.o(.text.rt_object_init)
    rt_object_is_systemobject                0x08004895   Thumb Code     6  object.o(.text.rt_object_is_systemobject)
    rt_schedule                              0x0800489d   Thumb Code   118  scheduler.o(.text.rt_schedule)
    rt_schedule_insert_thread                0x08004915   Thumb Code    82  scheduler.o(.text.rt_schedule_insert_thread)
    rt_schedule_remove_thread                0x08004969   Thumb Code    82  scheduler.o(.text.rt_schedule_remove_thread)
    rt_sem_init                              0x080049bd   Thumb Code    32  ipc.o(.text.rt_sem_init)
    rt_sem_release                           0x080049dd   Thumb Code    76  ipc.o(.text.rt_sem_release)
    rt_sem_take                              0x08004a29   Thumb Code   274  ipc.o(.text.rt_sem_take)
    rt_show_version                          0x08004b3d   Thumb Code    48  kservice.o(.text.rt_show_version)
    rt_strlen                                0x08004bf5   Thumb Code    46  kservice.o(.text.rt_strlen)
    rt_strncpy                               0x08004c25   Thumb Code   150  kservice.o(.text.rt_strncpy)
    rt_system_heap_init                      0x08004cbd   Thumb Code   124  mem.o(.text.rt_system_heap_init)
    rt_system_scheduler_init                 0x08004d7d   Thumb Code   298  scheduler.o(.text.rt_system_scheduler_init)
    rt_system_scheduler_start                0x08004ea9   Thumb Code    48  scheduler.o(.text.rt_system_scheduler_start)
    rt_system_timer_init                     0x08004ed9   Thumb Code    16  timer.o(.text.rt_system_timer_init)
    rt_system_timer_thread_init              0x08004ee9   Thumb Code     2  timer.o(.text.rt_system_timer_thread_init)
    rt_thread_create                         0x08004eed   Thumb Code   176  thread.o(.text.rt_thread_create)
    rt_thread_delay                          0x08004f9d   Thumb Code    10  thread.o(.text.rt_thread_delay)
    rt_thread_exit                           0x08004fa9   Thumb Code   122  thread.o(.text.rt_thread_exit)
    rt_thread_idle_init                      0x08005061   Thumb Code    72  idle.o(.text.rt_thread_idle_init)
    rt_thread_init                           0x080050b1   Thumb Code   142  thread.o(.text.rt_thread_init)
    rt_thread_mdelay                         0x08005141   Thumb Code    14  thread.o(.text.rt_thread_mdelay)
    rt_thread_resume                         0x08005151   Thumb Code    68  thread.o(.text.rt_thread_resume)
    rt_thread_self                           0x08005195   Thumb Code    12  thread.o(.text.rt_thread_self)
    rt_thread_sleep                          0x080051a1   Thumb Code   120  thread.o(.text.rt_thread_sleep)
    rt_thread_startup                        0x08005219   Thumb Code    90  thread.o(.text.rt_thread_startup)
    rt_thread_suspend                        0x08005275   Thumb Code    66  thread.o(.text.rt_thread_suspend)
    rt_thread_timeout                        0x080052b9   Thumb Code    38  thread.o(.text.rt_thread_timeout)
    rt_thread_yield                          0x080052e1   Thumb Code   104  thread.o(.text.rt_thread_yield)
    rt_tick_from_millisecond                 0x08005349   Thumb Code     6  clock.o(.text.rt_tick_from_millisecond)
    rt_tick_get                              0x08005351   Thumb Code    12  clock.o(.text.rt_tick_get)
    rt_tick_increase                         0x0800535d   Thumb Code    52  clock.o(.text.rt_tick_increase)
    rt_timer_check                           0x08005391   Thumb Code   340  timer.o(.text.rt_timer_check)
    rt_timer_control                         0x080054e5   Thumb Code   104  timer.o(.text.rt_timer_control)
    rt_timer_detach                          0x0800554d   Thumb Code    46  timer.o(.text.rt_timer_detach)
    rt_timer_init                            0x0800557d   Thumb Code    50  timer.o(.text.rt_timer_init)
    rt_timer_start                           0x080055b1   Thumb Code   204  timer.o(.text.rt_timer_start)
    rt_timer_stop                            0x0800567d   Thumb Code    54  timer.o(.text.rt_timer_stop)
    __0vsnprintf                             0x080056fd   Thumb Code    46  printfa.o(i.__0vsnprintf)
    __1vsnprintf                             0x080056fd   Thumb Code     0  printfa.o(i.__0vsnprintf)
    __2vsnprintf                             0x080056fd   Thumb Code     0  printfa.o(i.__0vsnprintf)
    __c89vsnprintf                           0x080056fd   Thumb Code     0  printfa.o(i.__0vsnprintf)
    vsnprintf                                0x080056fd   Thumb Code     0  printfa.o(i.__0vsnprintf)
    __scatterload_copy                       0x08005731   Thumb Code    14  handlers.o(i.__scatterload_copy)
    __scatterload_null                       0x0800573f   Thumb Code     2  handlers.o(i.__scatterload_null)
    __scatterload_zeroinit                   0x08005741   Thumb Code    14  handlers.o(i.__scatterload_zeroinit)
    AHBPrescTable                            0x08006018   Data          16  system_stm32f1xx.o(.rodata.AHBPrescTable)
    APBPrescTable                            0x08006028   Data           8  system_stm32f1xx.o(.rodata.APBPrescTable)
    __lowest_bit_bitmap                      0x08006032   Data         256  kservice.o(.rodata.__lowest_bit_bitmap)
    __rt_init_rti_start                      0x080061cc   Data           4  components.o(.rti_fn.0)
    __rt_init_rti_board_start                0x080061d0   Data           4  components.o(.rti_fn.0.end)
    __rt_init_uart_init                      0x080061d4   Data           4  board.o(.rti_fn.1)
    __rt_init_rti_board_end                  0x080061d8   Data           4  components.o(.rti_fn.1.end)
    __rt_init_rti_end                        0x080061dc   Data           4  components.o(.rti_fn.6.end)
    Region$$Table$$Base                      0x080061e0   Number         0  anon$$obj.o(Region$$Table)
    Region$$Table$$Limit                     0x08006200   Number         0  anon$$obj.o(Region$$Table)
    uwTickFreq                               0x20000000   Data           1  stm32f1xx_hal.o(.data..L_MergedGlobals)
    uwTickPrio                               0x20000004   Data           4  stm32f1xx_hal.o(.data..L_MergedGlobals)
    SystemCoreClock                          0x20000008   Data           4  system_stm32f1xx.o(.data.SystemCoreClock)
    KeyState                                 0x20000040   Data           1  senserthread.o(.bss..L_MergedGlobals)
    ina219                                   0x20000048   Data          20  senserthread.o(.bss..L_MergedGlobals)
    ina219_currentDivider_mA                 0x2000005c   Data           4  ina219.o(.bss..L_MergedGlobals)
    ina219_calibrationValue                  0x20000060   Data           4  ina219.o(.bss..L_MergedGlobals)
    ina219_powerMultiplier_mW                0x20000064   Data           4  ina219.o(.bss..L_MergedGlobals)
    rt_current_priority                      0x200000a0   Data           1  scheduler.o(.bss..L_MergedGlobals)
    rt_current_thread                        0x200000a4   Data           4  scheduler.o(.bss..L_MergedGlobals)
    rt_thread_ready_priority_group           0x200000a8   Data           4  scheduler.o(.bss..L_MergedGlobals)
    rt_thread_defunct                        0x200000ac   Data           8  scheduler.o(.bss..L_MergedGlobals)
    SenserThread                             0x200000c0   Data           4  main.o(.bss.SenserThread)
    hdma_usart1_rx                           0x2000010c   Data          68  usart.o(.bss.hdma_usart1_rx)
    hdma_usart1_tx                           0x20000150   Data          68  usart.o(.bss.hdma_usart1_tx)
    hdma_usart2_rx                           0x20000194   Data          68  usart.o(.bss.hdma_usart2_rx)
    hdma_usart2_tx                           0x200001d8   Data          68  usart.o(.bss.hdma_usart2_tx)
    hi2c1                                    0x2000021c   Data          84  i2c.o(.bss.hi2c1)
    hi2c2                                    0x20000270   Data          84  i2c.o(.bss.hi2c2)
    htim1                                    0x200002c4   Data          72  tim.o(.bss.htim1)
    htim2                                    0x2000030c   Data          72  stm32f1xx_hal_timebase_tim.o(.bss.htim2)
    htim3                                    0x20000354   Data          72  tim.o(.bss.htim3)
    htim4                                    0x2000039c   Data          72  tim.o(.bss.htim4)
    huart1                                   0x200003e4   Data          72  usart.o(.bss.huart1)
    huart2                                   0x2000042c   Data          72  usart.o(.bss.huart2)
    rt_interrupt_from_thread                 0x200030f0   Data           4  cpuport.o(.bss.rt_interrupt_from_thread)
    rt_interrupt_nest                        0x200030f4   Data           1  irq.o(.bss.rt_interrupt_nest)
    rt_interrupt_to_thread                   0x200030f8   Data           4  cpuport.o(.bss.rt_interrupt_to_thread)
    rt_thread_priority_table                 0x200031fc   Data         256  scheduler.o(.bss.rt_thread_priority_table)
    rt_thread_switch_interrupt_flag          0x200033fc   Data           4  cpuport.o(.bss.rt_thread_switch_interrupt_flag)
    uwTick                                   0x20003404   Data           4  stm32f1xx_hal.o(.bss.uwTick)
    __initial_sp                             0x20003808   Data           0  startup_stm32f103xb.o(STACK)



==============================================================================

Memory Map of the image

  Image Entry point : 0x080000ed

  Load Region LR_IROM1 (Base: 0x08000000, Size: 0x00006240, Max: 0x00020000, ABSOLUTE)

    Execution Region ER_IROM1 (Exec base: 0x08000000, Load base: 0x08000000, Size: 0x00006200, Max: 0x00020000, ABSOLUTE)

    Exec Addr    Load Addr    Size         Type   Attr      Idx    E Section Name        Object

    0x08000000   0x08000000   0x000000ec   Data   RO            3    RESET               startup_stm32f103xb.o
    0x080000ec   0x080000ec   0x00000000   Code   RO         1557  * .ARM.Collect$$$$00000000  mc_w.l(entry.o)
    0x080000ec   0x080000ec   0x00000004   Code   RO         1598    .ARM.Collect$$$$00000001  mc_w.l(entry2.o)
    0x080000f0   0x080000f0   0x00000004   Code   RO         1601    .ARM.Collect$$$$00000004  mc_w.l(entry5.o)
    0x080000f4   0x080000f4   0x00000000   Code   RO         1603    .ARM.Collect$$$$00000008  mc_w.l(entry7b.o)
    0x080000f4   0x080000f4   0x00000000   Code   RO         1605    .ARM.Collect$$$$0000000A  mc_w.l(entry8b.o)
    0x080000f4   0x080000f4   0x00000008   Code   RO         1606    .ARM.Collect$$$$0000000B  mc_w.l(entry9a.o)
    0x080000fc   0x080000fc   0x00000000   Code   RO         1608    .ARM.Collect$$$$0000000D  mc_w.l(entry10a.o)
    0x080000fc   0x080000fc   0x00000000   Code   RO         1610    .ARM.Collect$$$$0000000F  mc_w.l(entry11a.o)
    0x080000fc   0x080000fc   0x00000004   Code   RO         1599    .ARM.Collect$$$$00002712  mc_w.l(entry2.o)
    0x08000100   0x08000100   0x00000024   Code   RO            4    .text               startup_stm32f103xb.o
    0x08000124   0x08000124   0x000000f4   Code   RO         1178    .text               context_rvds.o
    0x08000218   0x08000218   0x00000024   Code   RO         1560    .text               mc_w.l(memseta.o)
    0x0800023c   0x0800023c   0x00000064   Code   RO         1590    .text               mf_w.l(fmul.o)
    0x080002a0   0x080002a0   0x0000007c   Code   RO         1592    .text               mf_w.l(fdiv.o)
    0x0800031c   0x0800031c   0x00000012   Code   RO         1594    .text               mf_w.l(fflti.o)
    0x0800032e   0x0800032e   0x0000000a   Code   RO         1596    .text               mf_w.l(ffltui.o)
    0x08000338   0x08000338   0x0000002c   Code   RO         1626    .text               mc_w.l(uidiv.o)
    0x08000364   0x08000364   0x00000062   Code   RO         1628    .text               mc_w.l(uldiv.o)
    0x080003c6   0x080003c6   0x00000000   Code   RO         1630    .text               mc_w.l(iusefp.o)
    0x080003c6   0x080003c6   0x0000006e   Code   RO         1631    .text               mf_w.l(fepilogue.o)
    0x08000434   0x08000434   0x0000014e   Code   RO         1633    .text               mf_w.l(dadd.o)
    0x08000582   0x08000582   0x000000e4   Code   RO         1635    .text               mf_w.l(dmul.o)
    0x08000666   0x08000666   0x000000de   Code   RO         1637    .text               mf_w.l(ddiv.o)
    0x08000744   0x08000744   0x00000030   Code   RO         1639    .text               mf_w.l(dfixul.o)
    0x08000774   0x08000774   0x00000030   Code   RO         1641    .text               mf_w.l(cdrcmple.o)
    0x080007a4   0x080007a4   0x00000030   Code   RO         1643    .text               mc_w.l(init.o)
    0x080007d4   0x080007d4   0x0000001e   Code   RO         1646    .text               mc_w.l(llshl.o)
    0x080007f2   0x080007f2   0x00000020   Code   RO         1648    .text               mc_w.l(llushr.o)
    0x08000812   0x08000812   0x00000024   Code   RO         1650    .text               mc_w.l(llsshr.o)
    0x08000836   0x08000836   0x000000ba   Code   RO         1653    .text               mf_w.l(depilogue.o)
    0x080008f0   0x080008f0   0x00000054   Code   RO         1237    .text.$Sub$$main    components.o
    0x08000944   0x08000944   0x00000002   Code   RO          120    .text.BusFault_Handler  stm32f1xx_it.o
    0x08000946   0x08000946   0x00000002   PAD
    0x08000948   0x08000948   0x0000000c   Code   RO          128    .text.DMA1_Channel4_IRQHandler  stm32f1xx_it.o
    0x08000954   0x08000954   0x0000000c   Code   RO          130    .text.DMA1_Channel5_IRQHandler  stm32f1xx_it.o
    0x08000960   0x08000960   0x0000000c   Code   RO          132    .text.DMA1_Channel6_IRQHandler  stm32f1xx_it.o
    0x0800096c   0x0800096c   0x0000000c   Code   RO          134    .text.DMA1_Channel7_IRQHandler  stm32f1xx_it.o
    0x08000978   0x08000978   0x00000002   Code   RO          126    .text.DebugMon_Handler  stm32f1xx_it.o
    0x0800097a   0x0800097a   0x00000002   PAD
    0x0800097c   0x0800097c   0x0000000a   Code   RO           15    .text.Error_Handler  main.o
    0x08000986   0x08000986   0x00000002   PAD
    0x08000988   0x08000988   0x000001a0   Code   RO          542    .text.HAL_DMA_IRQHandler  stm32f1xx_hal_dma.o
    0x08000b28   0x08000b28   0x00000084   Code   RO          528    .text.HAL_DMA_Init  stm32f1xx_hal_dma.o
    0x08000bac   0x08000bac   0x00000028   Code   RO          412    .text.HAL_Delay     stm32f1xx_hal.o
    0x08000bd4   0x08000bd4   0x0000020e   Code   RO          504    .text.HAL_GPIO_Init  stm32f1xx_hal_gpio.o
    0x08000de2   0x08000de2   0x00000002   PAD
    0x08000de4   0x08000de4   0x0000000a   Code   RO          508    .text.HAL_GPIO_ReadPin  stm32f1xx_hal_gpio.o
    0x08000dee   0x08000dee   0x00000002   PAD
    0x08000df0   0x08000df0   0x0000000a   Code   RO          510    .text.HAL_GPIO_WritePin  stm32f1xx_hal_gpio.o
    0x08000dfa   0x08000dfa   0x00000002   PAD
    0x08000dfc   0x08000dfc   0x0000000c   Code   RO          404    .text.HAL_GetTick   stm32f1xx_hal.o
    0x08000e08   0x08000e08   0x00000164   Code   RO          254    .text.HAL_I2C_Init  stm32f1xx_hal_i2c.o
    0x08000f6c   0x08000f6c   0x00000214   Code   RO          314    .text.HAL_I2C_IsDeviceReady  stm32f1xx_hal_i2c.o
    0x08001180   0x08001180   0x0000034e   Code   RO          302    .text.HAL_I2C_Mem_Read  stm32f1xx_hal_i2c.o
    0x080014ce   0x080014ce   0x00000002   PAD
    0x080014d0   0x080014d0   0x0000015c   Code   RO          298    .text.HAL_I2C_Mem_Write  stm32f1xx_hal_i2c.o
    0x0800162c   0x0800162c   0x000000d0   Code   RO           53    .text.HAL_I2C_MspInit  i2c.o
    0x080016fc   0x080016fc   0x0000001a   Code   RO          402    .text.HAL_IncTick   stm32f1xx_hal.o
    0x08001716   0x08001716   0x00000002   PAD
    0x08001718   0x08001718   0x00000026   Code   RO          392    .text.HAL_Init      stm32f1xx_hal.o
    0x0800173e   0x0800173e   0x00000002   PAD
    0x08001740   0x08001740   0x000000ae   Code   RO          156    .text.HAL_InitTick  stm32f1xx_hal_timebase_tim.o
    0x080017ee   0x080017ee   0x00000002   PAD
    0x080017f0   0x080017f0   0x00000042   Code   RO          147    .text.HAL_MspInit   stm32f1xx_hal_msp.o
    0x08001832   0x08001832   0x00000002   PAD
    0x08001834   0x08001834   0x00000022   Code   RO          564    .text.HAL_NVIC_EnableIRQ  stm32f1xx_hal_cortex.o
    0x08001856   0x08001856   0x00000002   PAD
    0x08001858   0x08001858   0x00000056   Code   RO          562    .text.HAL_NVIC_SetPriority  stm32f1xx_hal_cortex.o
    0x080018ae   0x080018ae   0x00000002   PAD
    0x080018b0   0x080018b0   0x00000020   Code   RO          560    .text.HAL_NVIC_SetPriorityGrouping  stm32f1xx_hal_cortex.o
    0x080018d0   0x080018d0   0x000001ba   Code   RO          456    .text.HAL_RCC_ClockConfig  stm32f1xx_hal_rcc.o
    0x08001a8a   0x08001a8a   0x00000002   PAD
    0x08001a8c   0x08001a8c   0x00000042   Code   RO          474    .text.HAL_RCC_GetClockConfig  stm32f1xx_hal_rcc.o
    0x08001ace   0x08001ace   0x00000002   PAD
    0x08001ad0   0x08001ad0   0x0000000c   Code   RO          466    .text.HAL_RCC_GetHCLKFreq  stm32f1xx_hal_rcc.o
    0x08001adc   0x08001adc   0x00000026   Code   RO          468    .text.HAL_RCC_GetPCLK1Freq  stm32f1xx_hal_rcc.o
    0x08001b02   0x08001b02   0x00000002   PAD
    0x08001b04   0x08001b04   0x00000026   Code   RO          470    .text.HAL_RCC_GetPCLK2Freq  stm32f1xx_hal_rcc.o
    0x08001b2a   0x08001b2a   0x00000002   PAD
    0x08001b2c   0x08001b2c   0x00000400   Code   RO          454    .text.HAL_RCC_OscConfig  stm32f1xx_hal_rcc.o
    0x08001f2c   0x08001f2c   0x0000002c   Code   RO          572    .text.HAL_SYSTICK_Config  stm32f1xx_hal_cortex.o
    0x08001f58   0x08001f58   0x00000002   Code   RO         1030    .text.HAL_TIMEx_BreakCallback  stm32f1xx_hal_tim_ex.o
    0x08001f5a   0x08001f5a   0x00000002   PAD
    0x08001f5c   0x08001f5c   0x00000002   Code   RO         1026    .text.HAL_TIMEx_CommutCallback  stm32f1xx_hal_tim_ex.o
    0x08001f5e   0x08001f5e   0x00000002   PAD
    0x08001f60   0x08001f60   0x0000004c   Code   RO         1022    .text.HAL_TIMEx_ConfigBreakDeadTime  stm32f1xx_hal_tim_ex.o
    0x08001fac   0x08001fac   0x0000007e   Code   RO         1020    .text.HAL_TIMEx_MasterConfigSynchronization  stm32f1xx_hal_tim_ex.o
    0x0800202a   0x0800202a   0x00000002   PAD
    0x0800202c   0x0800202c   0x000000fa   Code   RO          725    .text.HAL_TIM_Base_Init  stm32f1xx_hal_tim.o
    0x08002126   0x08002126   0x00000002   PAD
    0x08002128   0x08002128   0x000000ca   Code   RO           77    .text.HAL_TIM_Base_MspInit  tim.o
    0x080021f2   0x080021f2   0x00000002   PAD
    0x080021f4   0x080021f4   0x0000006e   Code   RO          739    .text.HAL_TIM_Base_Start_IT  stm32f1xx_hal_tim.o
    0x08002262   0x08002262   0x00000002   PAD
    0x08002264   0x08002264   0x000001a0   Code   RO          905    .text.HAL_TIM_ConfigClockSource  stm32f1xx_hal_tim.o
    0x08002404   0x08002404   0x00000002   Code   RO          861    .text.HAL_TIM_IC_CaptureCallback  stm32f1xx_hal_tim.o
    0x08002406   0x08002406   0x00000002   PAD
    0x08002408   0x08002408   0x00000182   Code   RO          875    .text.HAL_TIM_IC_ConfigChannel  stm32f1xx_hal_tim.o
    0x0800258a   0x0800258a   0x00000002   PAD
    0x0800258c   0x0800258c   0x000000fa   Code   RO          799    .text.HAL_TIM_IC_Init  stm32f1xx_hal_tim.o
    0x08002686   0x08002686   0x00000002   PAD
    0x08002688   0x08002688   0x00000002   Code   RO          801    .text.HAL_TIM_IC_MspInit  stm32f1xx_hal_tim.o
    0x0800268a   0x0800268a   0x00000002   PAD
    0x0800268c   0x0800268c   0x0000014e   Code   RO          859    .text.HAL_TIM_IRQHandler  stm32f1xx_hal_tim.o
    0x080027da   0x080027da   0x00000002   PAD
    0x080027dc   0x080027dc   0x00000002   Code   RO          863    .text.HAL_TIM_OC_DelayElapsedCallback  stm32f1xx_hal_tim.o
    0x080027de   0x080027de   0x00000002   PAD
    0x080027e0   0x080027e0   0x00000204   Code   RO          879    .text.HAL_TIM_PWM_ConfigChannel  stm32f1xx_hal_tim.o
    0x080029e4   0x080029e4   0x000000fa   Code   RO          779    .text.HAL_TIM_PWM_Init  stm32f1xx_hal_tim.o
    0x08002ade   0x08002ade   0x00000002   PAD
    0x08002ae0   0x08002ae0   0x00000030   Code   RO           75    .text.HAL_TIM_PWM_MspInit  tim.o
    0x08002b10   0x08002b10   0x00000002   Code   RO          865    .text.HAL_TIM_PWM_PulseFinishedCallback  stm32f1xx_hal_tim.o
    0x08002b12   0x08002b12   0x00000002   PAD
    0x08002b14   0x08002b14   0x0000000e   Code   RO           17    .text.HAL_TIM_PeriodElapsedCallback  main.o
    0x08002b22   0x08002b22   0x00000002   PAD
    0x08002b24   0x08002b24   0x00000002   Code   RO          869    .text.HAL_TIM_TriggerCallback  stm32f1xx_hal_tim.o
    0x08002b26   0x08002b26   0x00000002   PAD
    0x08002b28   0x08002b28   0x000000e2   Code   RO         1044    .text.HAL_UART_Init  stm32f1xx_hal_uart.o
    0x08002c0a   0x08002c0a   0x00000002   PAD
    0x08002c0c   0x08002c0c   0x000001aa   Code   RO           98    .text.HAL_UART_MspInit  usart.o
    0x08002db6   0x08002db6   0x00000002   PAD
    0x08002db8   0x08002db8   0x00000192   Code   RO         1058    .text.HAL_UART_Transmit  stm32f1xx_hal_uart.o
    0x08002f4a   0x08002f4a   0x00000002   PAD
    0x08002f4c   0x08002f4c   0x00000112   Code   RO          304    .text.I2C_RequestMemoryRead  stm32f1xx_hal_i2c.o
    0x0800305e   0x0800305e   0x00000002   PAD
    0x08003060   0x08003060   0x000000c8   Code   RO          300    .text.I2C_RequestMemoryWrite  stm32f1xx_hal_i2c.o
    0x08003128   0x08003128   0x000000ba   Code   RO          268    .text.I2C_WaitOnBTFFlagUntilTimeout  stm32f1xx_hal_i2c.o
    0x080031e2   0x080031e2   0x00000002   PAD
    0x080031e4   0x080031e4   0x000001ca   Code   RO          264    .text.I2C_WaitOnFlagUntilTimeout  stm32f1xx_hal_i2c.o
    0x080033ae   0x080033ae   0x00000002   PAD
    0x080033b0   0x080033b0   0x000000d6   Code   RO          382    .text.I2C_WaitOnMasterAddressFlagUntilTimeout  stm32f1xx_hal_i2c.o
    0x08003486   0x08003486   0x00000002   PAD
    0x08003488   0x08003488   0x00000090   Code   RO          272    .text.I2C_WaitOnRXNEFlagUntilTimeout  stm32f1xx_hal_i2c.o
    0x08003518   0x08003518   0x000000ba   Code   RO          266    .text.I2C_WaitOnTXEFlagUntilTimeout  stm32f1xx_hal_i2c.o
    0x080035d2   0x080035d2   0x00000002   PAD
    0x080035d4   0x080035d4   0x000000b4   Code   RO          227    .text.INA219_Init   ina219.o
    0x08003688   0x08003688   0x00000086   Code   RO          229    .text.INA219_ReadALL  ina219.o
    0x0800370e   0x0800370e   0x00000002   PAD
    0x08003710   0x08003710   0x00000064   Code   RO           40    .text.MX_DMA_Init   dma.o
    0x08003774   0x08003774   0x00000126   Code   RO           31    .text.MX_GPIO_Init  gpio.o
    0x0800389a   0x0800389a   0x00000002   PAD
    0x0800389c   0x0800389c   0x00000042   Code   RO           49    .text.MX_I2C1_Init  i2c.o
    0x080038de   0x080038de   0x00000002   PAD
    0x080038e0   0x080038e0   0x00000042   Code   RO           51    .text.MX_I2C2_Init  i2c.o
    0x08003922   0x08003922   0x00000002   PAD
    0x08003924   0x08003924   0x00000154   Code   RO           67    .text.MX_TIM1_Init  tim.o
    0x08003a78   0x08003a78   0x00000100   Code   RO           71    .text.MX_TIM3_Init  tim.o
    0x08003b78   0x08003b78   0x00000146   Code   RO           73    .text.MX_TIM4_Init  tim.o
    0x08003cbe   0x08003cbe   0x00000002   PAD
    0x08003cc0   0x08003cc0   0x0000003c   Code   RO           94    .text.MX_USART1_UART_Init  usart.o
    0x08003cfc   0x08003cfc   0x0000003c   Code   RO           96    .text.MX_USART2_UART_Init  usart.o
    0x08003d38   0x08003d38   0x00000002   Code   RO          118    .text.MemManage_Handler  stm32f1xx_it.o
    0x08003d3a   0x08003d3a   0x00000002   PAD
    0x08003d3c   0x08003d3c   0x00000002   Code   RO          116    .text.NMI_Handler   stm32f1xx_it.o
    0x08003d3e   0x08003d3e   0x00000002   PAD
    0x08003d40   0x08003d40   0x00000002   Code   RO          124    .text.SVC_Handler   stm32f1xx_it.o
    0x08003d42   0x08003d42   0x00000002   PAD
    0x08003d44   0x08003d44   0x000000b0   Code   RO          171    .text.SenserThread_entry  senserthread.o
    0x08003df4   0x08003df4   0x00000012   Code   RO         1539    .text.SysTick_Handler  board.o
    0x08003e06   0x08003e06   0x00000002   PAD
    0x08003e08   0x08003e08   0x00000064   Code   RO           13    .text.SystemClock_Config  main.o
    0x08003e6c   0x08003e6c   0x0000005c   Code   RO         1166    .text.SystemCoreClockUpdate  system_stm32f1xx.o
    0x08003ec8   0x08003ec8   0x00000002   Code   RO         1164    .text.SystemInit    system_stm32f1xx.o
    0x08003eca   0x08003eca   0x00000002   PAD
    0x08003ecc   0x08003ecc   0x0000000c   Code   RO          136    .text.TIM2_IRQHandler  stm32f1xx_it.o
    0x08003ed8   0x08003ed8   0x0000000c   Code   RO          138    .text.TIM3_IRQHandler  stm32f1xx_it.o
    0x08003ee4   0x08003ee4   0x00000002   Code   RO          122    .text.UsageFault_Handler  stm32f1xx_it.o
    0x08003ee6   0x08003ee6   0x00000002   PAD
    0x08003ee8   0x08003ee8   0x00000038   Code   RO         1368    .text.__rt_ffs      kservice.o
    0x08003f20   0x08003f20   0x00000040   Code   RO           11    .text.main          main.o
    0x08003f60   0x08003f60   0x00000032   Code   RO         1241    .text.main_thread_entry  components.o
    0x08003f92   0x08003f92   0x00000002   PAD
    0x08003f94   0x08003f94   0x0000002a   Code   RO         1233    .text.rt_components_board_init  components.o
    0x08003fbe   0x08003fbe   0x00000002   PAD
    0x08003fc0   0x08003fc0   0x0000001c   Code   RO         1445    .text.rt_enter_critical  scheduler.o
    0x08003fdc   0x08003fdc   0x00000092   Code   RO         1447    .text.rt_exit_critical  scheduler.o
    0x0800406e   0x0800406e   0x00000002   PAD
    0x08004070   0x08004070   0x00000120   Code   RO         1387    .text.rt_free       mem.o
    0x08004190   0x08004190   0x0000000a   Code   RO         1535    .text.rt_heap_begin_get  board.o
    0x0800419a   0x0800419a   0x00000002   PAD
    0x0800419c   0x0800419c   0x0000000e   Code   RO         1537    .text.rt_heap_end_get  board.o
    0x080041aa   0x080041aa   0x00000002   PAD
    0x080041ac   0x080041ac   0x00000062   Code   RO         1541    .text.rt_hw_board_init  board.o
    0x0800420e   0x0800420e   0x00000002   PAD
    0x08004210   0x08004210   0x00000064   Code   RO         1545    .text.rt_hw_console_output  board.o
    0x08004274   0x08004274   0x0000018c   Code   RO         1187    .text.rt_hw_hard_fault_exception  cpuport.o
    0x08004400   0x08004400   0x0000003c   Code   RO         1183    .text.rt_hw_stack_init  cpuport.o
    0x0800443c   0x0800443c   0x0000001c   Code   RO         1301    .text.rt_interrupt_enter  irq.o
    0x08004458   0x08004458   0x0000001c   Code   RO         1303    .text.rt_interrupt_leave  irq.o
    0x08004474   0x08004474   0x00000044   Code   RO         1348    .text.rt_kprintf    kservice.o
    0x080044b8   0x080044b8   0x0000018a   Code   RO         1383    .text.rt_malloc     mem.o
    0x08004642   0x08004642   0x00000002   PAD
    0x08004644   0x08004644   0x00000110   Code   RO         1322    .text.rt_memset     kservice.o
    0x08004754   0x08004754   0x00000070   Code   RO         1416    .text.rt_object_allocate  object.o
    0x080047c4   0x080047c4   0x0000002a   Code   RO         1418    .text.rt_object_delete  object.o
    0x080047ee   0x080047ee   0x00000002   PAD
    0x080047f0   0x080047f0   0x00000022   Code   RO         1414    .text.rt_object_detach  object.o
    0x08004812   0x08004812   0x00000002   PAD
    0x08004814   0x08004814   0x0000007e   Code   RO         1412    .text.rt_object_init  object.o
    0x08004892   0x08004892   0x00000002   PAD
    0x08004894   0x08004894   0x00000006   Code   RO         1420    .text.rt_object_is_systemobject  object.o
    0x0800489a   0x0800489a   0x00000002   PAD
    0x0800489c   0x0800489c   0x00000076   Code   RO         1439    .text.rt_schedule   scheduler.o
    0x08004912   0x08004912   0x00000002   PAD
    0x08004914   0x08004914   0x00000052   Code   RO         1441    .text.rt_schedule_insert_thread  scheduler.o
    0x08004966   0x08004966   0x00000002   PAD
    0x08004968   0x08004968   0x00000052   Code   RO         1443    .text.rt_schedule_remove_thread  scheduler.o
    0x080049ba   0x080049ba   0x00000002   PAD
    0x080049bc   0x080049bc   0x00000020   Code   RO         1277    .text.rt_sem_init   ipc.o
    0x080049dc   0x080049dc   0x0000004c   Code   RO         1289    .text.rt_sem_release  ipc.o
    0x08004a28   0x08004a28   0x00000112   Code   RO         1285    .text.rt_sem_take   ipc.o
    0x08004b3a   0x08004b3a   0x00000002   PAD
    0x08004b3c   0x08004b3c   0x000000b8   Code   RO         1346    .text.rt_show_version  kservice.o
    0x08004bf4   0x08004bf4   0x0000002e   Code   RO         1332    .text.rt_strlen     kservice.o
    0x08004c22   0x08004c22   0x00000002   PAD
    0x08004c24   0x08004c24   0x00000096   Code   RO         1336    .text.rt_strncpy    kservice.o
    0x08004cba   0x08004cba   0x00000002   PAD
    0x08004cbc   0x08004cbc   0x000000c0   Code   RO         1381    .text.rt_system_heap_init  mem.o
    0x08004d7c   0x08004d7c   0x0000012a   Code   RO         1435    .text.rt_system_scheduler_init  scheduler.o
    0x08004ea6   0x08004ea6   0x00000002   PAD
    0x08004ea8   0x08004ea8   0x00000030   Code   RO         1437    .text.rt_system_scheduler_start  scheduler.o
    0x08004ed8   0x08004ed8   0x00000010   Code   RO         1522    .text.rt_system_timer_init  timer.o
    0x08004ee8   0x08004ee8   0x00000002   Code   RO         1524    .text.rt_system_timer_thread_init  timer.o
    0x08004eea   0x08004eea   0x00000002   PAD
    0x08004eec   0x08004eec   0x000000b0   Code   RO         1474    .text.rt_thread_create  thread.o
    0x08004f9c   0x08004f9c   0x0000000a   Code   RO         1484    .text.rt_thread_delay  thread.o
    0x08004fa6   0x08004fa6   0x00000002   PAD
    0x08004fa8   0x08004fa8   0x0000007a   Code   RO         1462    .text.rt_thread_exit  thread.o
    0x08005022   0x08005022   0x00000002   PAD
    0x08005024   0x08005024   0x0000003c   Code   RO         1263    .text.rt_thread_idle_entry  idle.o
    0x08005060   0x08005060   0x00000050   Code   RO         1261    .text.rt_thread_idle_init  idle.o
    0x080050b0   0x080050b0   0x0000008e   Code   RO         1464    .text.rt_thread_init  thread.o
    0x0800513e   0x0800513e   0x00000002   PAD
    0x08005140   0x08005140   0x0000000e   Code   RO         1488    .text.rt_thread_mdelay  thread.o
    0x0800514e   0x0800514e   0x00000002   PAD
    0x08005150   0x08005150   0x00000044   Code   RO         1470    .text.rt_thread_resume  thread.o
    0x08005194   0x08005194   0x0000000c   Code   RO         1466    .text.rt_thread_self  thread.o
    0x080051a0   0x080051a0   0x00000078   Code   RO         1480    .text.rt_thread_sleep  thread.o
    0x08005218   0x08005218   0x0000005a   Code   RO         1468    .text.rt_thread_startup  thread.o
    0x08005272   0x08005272   0x00000002   PAD
    0x08005274   0x08005274   0x00000042   Code   RO         1482    .text.rt_thread_suspend  thread.o
    0x080052b6   0x080052b6   0x00000002   PAD
    0x080052b8   0x080052b8   0x00000026   Code   RO         1492    .text.rt_thread_timeout  thread.o
    0x080052de   0x080052de   0x00000002   PAD
    0x080052e0   0x080052e0   0x00000068   Code   RO         1478    .text.rt_thread_yield  thread.o
    0x08005348   0x08005348   0x00000006   Code   RO         1214    .text.rt_tick_from_millisecond  clock.o
    0x0800534e   0x0800534e   0x00000002   PAD
    0x08005350   0x08005350   0x0000000c   Code   RO         1208    .text.rt_tick_get   clock.o
    0x0800535c   0x0800535c   0x00000034   Code   RO         1212    .text.rt_tick_increase  clock.o
    0x08005390   0x08005390   0x00000154   Code   RO         1518    .text.rt_timer_check  timer.o
    0x080054e4   0x080054e4   0x00000068   Code   RO         1516    .text.rt_timer_control  timer.o
    0x0800554c   0x0800554c   0x0000002e   Code   RO         1506    .text.rt_timer_detach  timer.o
    0x0800557a   0x0800557a   0x00000002   PAD
    0x0800557c   0x0800557c   0x00000032   Code   RO         1504    .text.rt_timer_init  timer.o
    0x080055ae   0x080055ae   0x00000002   PAD
    0x080055b0   0x080055b0   0x000000cc   Code   RO         1512    .text.rt_timer_start  timer.o
    0x0800567c   0x0800567c   0x00000036   Code   RO         1514    .text.rt_timer_stop  timer.o
    0x080056b2   0x080056b2   0x00000002   PAD
    0x080056b4   0x080056b4   0x00000004   Code   RO         1229    .text.rti_board_end  components.o
    0x080056b8   0x080056b8   0x00000004   Code   RO         1227    .text.rti_board_start  components.o
    0x080056bc   0x080056bc   0x00000004   Code   RO         1231    .text.rti_end       components.o
    0x080056c0   0x080056c0   0x00000004   Code   RO         1225    .text.rti_start     components.o
    0x080056c4   0x080056c4   0x00000038   Code   RO         1543    .text.uart_init     board.o
    0x080056fc   0x080056fc   0x00000034   Code   RO         1568    i.__0vsnprintf      mc_w.l(printfa.o)
    0x08005730   0x08005730   0x0000000e   Code   RO         1657    i.__scatterload_copy  mc_w.l(handlers.o)
    0x0800573e   0x0800573e   0x00000002   Code   RO         1658    i.__scatterload_null  mc_w.l(handlers.o)
    0x08005740   0x08005740   0x0000000e   Code   RO         1659    i.__scatterload_zeroinit  mc_w.l(handlers.o)
    0x0800574e   0x0800574e   0x00000002   PAD
    0x08005750   0x08005750   0x00000184   Code   RO         1570    i._fp_digits        mc_w.l(printfa.o)
    0x080058d4   0x080058d4   0x000006dc   Code   RO         1571    i._printf_core      mc_w.l(printfa.o)
    0x08005fb0   0x08005fb0   0x00000024   Code   RO         1572    i._printf_post_padding  mc_w.l(printfa.o)
    0x08005fd4   0x08005fd4   0x0000002e   Code   RO         1573    i._printf_pre_padding  mc_w.l(printfa.o)
    0x08006002   0x08006002   0x00000016   Code   RO         1574    i._snputc           mc_w.l(printfa.o)
    0x08006018   0x08006018   0x00000010   Data   RO         1169    .rodata.AHBPrescTable  system_stm32f1xx.o
    0x08006028   0x08006028   0x00000008   Data   RO         1170    .rodata.APBPrescTable  system_stm32f1xx.o
    0x08006030   0x08006030   0x00000002   Data   RO          481    .rodata.HAL_RCC_GetSysClockFreq.aPredivFactorTable  stm32f1xx_hal_rcc.o
    0x08006032   0x08006032   0x00000100   Data   RO         1372    .rodata.__lowest_bit_bitmap  kservice.o
    0x08006132   0x08006132   0x00000010   Data   RO          480    .rodata.cst16       stm32f1xx_hal_rcc.o
    0x08006142   0x08006142   0x00000085   Data   RO         1194    .rodata.str1.1      cpuport.o
    0x080061c7   0x080061c7   0x00000005   Data   RO         1249    .rodata.str1.1      components.o
    0x080061cc   0x080061cc   0x00000004   Data   RO         1245    .rti_fn.0           components.o
    0x080061d0   0x080061d0   0x00000004   Data   RO         1246    .rti_fn.0.end       components.o
    0x080061d4   0x080061d4   0x00000004   Data   RO         1548    .rti_fn.1           board.o
    0x080061d8   0x080061d8   0x00000004   Data   RO         1247    .rti_fn.1.end       components.o
    0x080061dc   0x080061dc   0x00000004   Data   RO         1248    .rti_fn.6.end       components.o
    0x080061e0   0x080061e0   0x00000020   Data   RO         1656    Region$$Table       anon$$obj.o


    Execution Region RW_IRAM1 (Exec base: 0x20000000, Load base: 0x08006200, Size: 0x00003808, Max: 0x00005000, ABSOLUTE)

    Exec Addr    Load Addr    Size         Type   Attr      Idx    E Section Name        Object

    0x20000000   0x08006200   0x00000008   Data   RW          443    .data..L_MergedGlobals  stm32f1xx_hal.o
    0x20000008   0x08006208   0x00000004   Data   RW         1168    .data.SystemCoreClock  system_stm32f1xx.o
    0x2000000c   0x0800620c   0x00000030   Data   RW         1426    .data.rt_object_container  object.o
    0x2000003c   0x0800623c   0x00000004   PAD
    0x20000040        -       0x0000001c   Zero   RW          180    .bss..L_MergedGlobals  senserthread.o
    0x2000005c        -       0x0000000c   Zero   RW          231    .bss..L_MergedGlobals  ina219.o
    0x20000068        -       0x00000038   Zero   RW         1393    .bss..L_MergedGlobals  mem.o
    0x200000a0        -       0x00000014   Zero   RW         1452    .bss..L_MergedGlobals  scheduler.o
    0x200000b4        -       0x0000000c   Zero   RW         1526    .bss..L_MergedGlobals  timer.o
    0x200000c0        -       0x00000004   Zero   RW           19    .bss.SenserThread   main.o
    0x200000c4        -       0x00000048   Zero   RW         1549    .bss.UartHandle     board.o
    0x2000010c        -       0x00000044   Zero   RW          104    .bss.hdma_usart1_rx  usart.o
    0x20000150        -       0x00000044   Zero   RW          105    .bss.hdma_usart1_tx  usart.o
    0x20000194        -       0x00000044   Zero   RW          106    .bss.hdma_usart2_rx  usart.o
    0x200001d8        -       0x00000044   Zero   RW          107    .bss.hdma_usart2_tx  usart.o
    0x2000021c        -       0x00000054   Zero   RW           57    .bss.hi2c1          i2c.o
    0x20000270        -       0x00000054   Zero   RW           58    .bss.hi2c2          i2c.o
    0x200002c4        -       0x00000048   Zero   RW           83    .bss.htim1          tim.o
    0x2000030c        -       0x00000048   Zero   RW          162    .bss.htim2          stm32f1xx_hal_timebase_tim.o
    0x20000354        -       0x00000048   Zero   RW           84    .bss.htim3          tim.o
    0x2000039c        -       0x00000048   Zero   RW           85    .bss.htim4          tim.o
    0x200003e4        -       0x00000048   Zero   RW          102    .bss.huart1         usart.o
    0x2000042c        -       0x00000048   Zero   RW          103    .bss.huart2         usart.o
    0x20000474        -       0x00000078   Zero   RW         1267    .bss.idle           idle.o
    0x200004ec        -       0x00000004   Zero   RW         1193    .bss.rt_exception_hook  cpuport.o
    0x200004f0        -       0x00002c00   Zero   RW         1547    .bss.rt_heap        board.o
    0x200030f0        -       0x00000004   Zero   RW         1195    .bss.rt_interrupt_from_thread  cpuport.o
    0x200030f4        -       0x00000001   Zero   RW         1307    .bss.rt_interrupt_nest  irq.o
    0x200030f5   0x0800623c   0x00000003   PAD
    0x200030f8        -       0x00000004   Zero   RW         1196    .bss.rt_interrupt_to_thread  cpuport.o
    0x200030fc        -       0x00000100   Zero   RW         1371    .bss.rt_kprintf.rt_log_buf  kservice.o
    0x200031fc        -       0x00000100   Zero   RW         1451    .bss.rt_thread_priority_table  scheduler.o
    0x200032fc        -       0x00000100   Zero   RW         1268    .bss.rt_thread_stack  idle.o
    0x200033fc        -       0x00000004   Zero   RW         1197    .bss.rt_thread_switch_interrupt_flag  cpuport.o
    0x20003400        -       0x00000004   Zero   RW         1216    .bss.rt_tick        clock.o
    0x20003404        -       0x00000004   Zero   RW          442    .bss.uwTick         stm32f1xx_hal.o
    0x20003408        -       0x00000400   Zero   RW            1    STACK               startup_stm32f103xb.o


==============================================================================

Image component sizes


      Code (inc. data)   RO Data    RW Data    ZI Data      Debug   Object Name

       296          0          4          0      11336       4529   board.o
        70          0          0          0          4       2631   clock.o
       192          0         21          0          0       3676   components.o
       244         28          0          0          0        788   context_rvds.o
       456        160        133          0         16       3205   cpuport.o
       100          0          0          0          0       2185   dma.o
       294          0          0          0          0       1688   gpio.o
       340          0          0          0        168       4978   i2c.o
       140          8          0          0        376       3291   idle.o
       314          0          0          0         12       8883   ina219.o
       382          0          0          0          0       7467   ipc.o
        56          0          0          0          1       1154   irq.o
       776        136        256          0        256      27977   kservice.o
       188          8          0          0          4       6352   main.o
       874        144          0          0         56       5590   mem.o
       320          0          0         48          0       7552   object.o
       802          0          0          0        276       6142   scheduler.o
       176         36          0          0         28       4750   senserthread.o
        36          8        236          0       1024        780   startup_stm32f103xb.o
       116          0          0          8          4       5756   stm32f1xx_hal.o
       196          0          0          0          0       8410   stm32f1xx_hal_cortex.o
       548          0          0          0          0       8277   stm32f1xx_hal_dma.o
       546         22          0          0          0       4684   stm32f1xx_hal_gpio.o
      3744          0          0          0          0      44982   stm32f1xx_hal_i2c.o
        66          0          0          0          0       1206   stm32f1xx_hal_msp.o
      1620          0         18          0          0       7944   stm32f1xx_hal_rcc.o
      2522         10          0          0          0      57663   stm32f1xx_hal_tim.o
       206          0          0          0          0      20905   stm32f1xx_hal_tim_ex.o
       174          0          0          0         72       5846   stm32f1xx_hal_timebase_tim.o
       628          0          0          0          0      32616   stm32f1xx_hal_uart.o
        84          0          0          0          0       4473   stm32f1xx_it.o
        94          0         24          4          0       1594   system_stm32f1xx.o
       962          0          0          0          0      10362   thread.o
      1172          0          0          0        216       9818   tim.o
       816          8          0          0         12       8910   timer.o
       546          0          0          0        416       4789   usart.o

    ----------------------------------------------------------------------
     20260        568        724         60      14284     341853   Object Totals
         0          0         32          0          0          0   (incl. Generated)
       164          0          0          0          7          0   (incl. Padding)

    ----------------------------------------------------------------------

      Code (inc. data)   RO Data    RW Data    ZI Data      Debug   Library Member Name

         0          0          0          0          0          0   entry.o
         0          0          0          0          0          0   entry10a.o
         0          0          0          0          0          0   entry11a.o
         8          4          0          0          0          0   entry2.o
         4          0          0          0          0          0   entry5.o
         0          0          0          0          0          0   entry7b.o
         0          0          0          0          0          0   entry8b.o
         8          4          0          0          0          0   entry9a.o
        30          0          0          0          0          0   handlers.o
        48         10          0          0          0         68   init.o
         0          0          0          0          0          0   iusefp.o
        30          0          0          0          0         68   llshl.o
        36          0          0          0          0         68   llsshr.o
        32          0          0          0          0         68   llushr.o
        36          0          0          0          0        108   memseta.o
      2300         86          0          0          0        516   printfa.o
        44          0          0          0          0         80   uidiv.o
        98          0          0          0          0         92   uldiv.o
        48          0          0          0          0         68   cdrcmple.o
       334          0          0          0          0        148   dadd.o
       222          0          0          0          0        100   ddiv.o
       186          0          0          0          0        176   depilogue.o
        48          0          0          0          0         68   dfixul.o
       228          0          0          0          0         96   dmul.o
       124          0          0          0          0         88   fdiv.o
       110          0          0          0          0        168   fepilogue.o
        18          0          0          0          0         68   fflti.o
        10          0          0          0          0         68   ffltui.o
       100          0          0          0          0         76   fmul.o

    ----------------------------------------------------------------------
      4104        104          0          0          0       2192   Library Totals
         2          0          0          0          0          0   (incl. Padding)

    ----------------------------------------------------------------------

      Code (inc. data)   RO Data    RW Data    ZI Data      Debug   Library Name

      2674        104          0          0          0       1068   mc_w.l
      1428          0          0          0          0       1124   mf_w.l

    ----------------------------------------------------------------------
      4104        104          0          0          0       2192   Library Totals

    ----------------------------------------------------------------------

==============================================================================


      Code (inc. data)   RO Data    RW Data    ZI Data      Debug   

     24364        672        724         60      14284     342341   Grand Totals
     24364        672        724         60      14284     342341   ELF Image Totals
     24364        672        724         60          0          0   ROM Totals

==============================================================================

    Total RO  Size (Code + RO Data)                25088 (  24.50kB)
    Total RW  Size (RW Data + ZI Data)             14344 (  14.01kB)
    Total ROM Size (Code + RO Data + RW Data)      25148 (  24.56kB)

==============================================================================

