Component: Arm Compiler for Embedded 6.22 Tool: armlink [5ee90200]

==============================================================================

Section Cross References

    startup_stm32f103xb.o(RESET) refers to startup_stm32f103xb.o(STACK) for __initial_sp
    startup_stm32f103xb.o(RESET) refers to startup_stm32f103xb.o(.text) for Reset_Handler
    startup_stm32f103xb.o(RESET) refers to stm32f1xx_it.o(.text.NMI_Handler) for NMI_Handler
    startup_stm32f103xb.o(RESET) refers to context_rvds.o(.text) for HardFault_Handler
    startup_stm32f103xb.o(RESET) refers to stm32f1xx_it.o(.text.MemManage_Handler) for MemManage_Handler
    startup_stm32f103xb.o(RESET) refers to stm32f1xx_it.o(.text.BusFault_Handler) for BusFault_Handler
    startup_stm32f103xb.o(RESET) refers to stm32f1xx_it.o(.text.UsageFault_Handler) for UsageFault_Handler
    startup_stm32f103xb.o(RESET) refers to stm32f1xx_it.o(.text.SVC_Handler) for SVC_Handler
    startup_stm32f103xb.o(RESET) refers to stm32f1xx_it.o(.text.DebugMon_Handler) for DebugMon_Handler
    startup_stm32f103xb.o(RESET) refers to board.o(.text.SysTick_Handler) for SysTick_Handler
    startup_stm32f103xb.o(RESET) refers to stm32f1xx_it.o(.text.EXTI1_IRQHandler) for EXTI1_IRQHandler
    startup_stm32f103xb.o(RESET) refers to stm32f1xx_it.o(.text.DMA1_Channel4_IRQHandler) for DMA1_Channel4_IRQHandler
    startup_stm32f103xb.o(RESET) refers to stm32f1xx_it.o(.text.DMA1_Channel5_IRQHandler) for DMA1_Channel5_IRQHandler
    startup_stm32f103xb.o(RESET) refers to stm32f1xx_it.o(.text.DMA1_Channel6_IRQHandler) for DMA1_Channel6_IRQHandler
    startup_stm32f103xb.o(RESET) refers to stm32f1xx_it.o(.text.DMA1_Channel7_IRQHandler) for DMA1_Channel7_IRQHandler
    startup_stm32f103xb.o(RESET) refers to stm32f1xx_it.o(.text.TIM2_IRQHandler) for TIM2_IRQHandler
    startup_stm32f103xb.o(.text) refers to system_stm32f1xx.o(.text.SystemInit) for SystemInit
    startup_stm32f103xb.o(.text) refers to entry.o(.ARM.Collect$$$$00000000) for __main
    main.o(.text.main) refers to senserthread.o(.text.SenserThread_entry) for SenserThread_entry
    main.o(.text.main) refers to thread.o(.text.rt_thread_create) for rt_thread_create
    main.o(.text.main) refers to main.o(.bss.SenserThread) for SenserThread
    main.o(.text.main) refers to thread.o(.text.rt_thread_startup) for rt_thread_startup
    main.o(.ARM.exidx.text.main) refers to main.o(.text.main) for [Anonymous Symbol]
    main.o(.text.SystemClock_Config) refers to stm32f1xx_hal_rcc.o(.text.HAL_RCC_OscConfig) for HAL_RCC_OscConfig
    main.o(.text.SystemClock_Config) refers to stm32f1xx_hal_rcc.o(.text.HAL_RCC_ClockConfig) for HAL_RCC_ClockConfig
    main.o(.ARM.exidx.text.SystemClock_Config) refers to main.o(.text.SystemClock_Config) for [Anonymous Symbol]
    main.o(.ARM.exidx.text.Error_Handler) refers to main.o(.text.Error_Handler) for [Anonymous Symbol]
    main.o(.text.HAL_TIM_PeriodElapsedCallback) refers to stm32f1xx_hal.o(.text.HAL_IncTick) for HAL_IncTick
    main.o(.ARM.exidx.text.HAL_TIM_PeriodElapsedCallback) refers to main.o(.text.HAL_TIM_PeriodElapsedCallback) for [Anonymous Symbol]
    gpio.o(.text.MX_GPIO_Init) refers to stm32f1xx_hal_gpio.o(.text.HAL_GPIO_WritePin) for HAL_GPIO_WritePin
    gpio.o(.text.MX_GPIO_Init) refers to stm32f1xx_hal_gpio.o(.text.HAL_GPIO_Init) for HAL_GPIO_Init
    gpio.o(.text.MX_GPIO_Init) refers to stm32f1xx_hal_cortex.o(.text.HAL_NVIC_SetPriority) for HAL_NVIC_SetPriority
    gpio.o(.text.MX_GPIO_Init) refers to stm32f1xx_hal_cortex.o(.text.HAL_NVIC_EnableIRQ) for HAL_NVIC_EnableIRQ
    gpio.o(.ARM.exidx.text.MX_GPIO_Init) refers to gpio.o(.text.MX_GPIO_Init) for [Anonymous Symbol]
    dma.o(.text.MX_DMA_Init) refers to stm32f1xx_hal_cortex.o(.text.HAL_NVIC_SetPriority) for HAL_NVIC_SetPriority
    dma.o(.text.MX_DMA_Init) refers to stm32f1xx_hal_cortex.o(.text.HAL_NVIC_EnableIRQ) for HAL_NVIC_EnableIRQ
    dma.o(.ARM.exidx.text.MX_DMA_Init) refers to dma.o(.text.MX_DMA_Init) for [Anonymous Symbol]
    i2c.o(.text.MX_I2C1_Init) refers to i2c.o(.bss.hi2c1) for hi2c1
    i2c.o(.text.MX_I2C1_Init) refers to stm32f1xx_hal_i2c.o(.text.HAL_I2C_Init) for HAL_I2C_Init
    i2c.o(.text.MX_I2C1_Init) refers to main.o(.text.Error_Handler) for Error_Handler
    i2c.o(.ARM.exidx.text.MX_I2C1_Init) refers to i2c.o(.text.MX_I2C1_Init) for [Anonymous Symbol]
    i2c.o(.text.MX_I2C2_Init) refers to i2c.o(.bss.hi2c2) for hi2c2
    i2c.o(.text.MX_I2C2_Init) refers to stm32f1xx_hal_i2c.o(.text.HAL_I2C_Init) for HAL_I2C_Init
    i2c.o(.text.MX_I2C2_Init) refers to main.o(.text.Error_Handler) for Error_Handler
    i2c.o(.ARM.exidx.text.MX_I2C2_Init) refers to i2c.o(.text.MX_I2C2_Init) for [Anonymous Symbol]
    i2c.o(.text.HAL_I2C_MspInit) refers to stm32f1xx_hal_gpio.o(.text.HAL_GPIO_Init) for HAL_GPIO_Init
    i2c.o(.ARM.exidx.text.HAL_I2C_MspInit) refers to i2c.o(.text.HAL_I2C_MspInit) for [Anonymous Symbol]
[...]
    [Anonymous Symbol]                       0x08000978   Section        0  stm32f1xx_it.o(.text.DebugMon_Handler)
    [Anonymous Symbol]                       0x0800097c   Section        0  stm32f1xx_it.o(.text.EXTI1_IRQHandler)
    [Anonymous Symbol]                       0x08000984   Section        0  main.o(.text.Error_Handler)
    [Anonymous Symbol]                       0x08000990   Section        0  stm32f1xx_hal_dma.o(.text.HAL_DMA_IRQHandler)
    [Anonymous Symbol]                       0x08000b30   Section        0  stm32f1xx_hal_dma.o(.text.HAL_DMA_Init)
    [Anonymous Symbol]                       0x08000bb4   Section        0  stm32f1xx_hal.o(.text.HAL_Delay)
    [Anonymous Symbol]                       0x08000bdc   Section        0  senserthread.o(.text.HAL_GPIO_EXTI_Callback)
    [Anonymous Symbol]                       0x08000c70   Section        0  stm32f1xx_hal_gpio.o(.text.HAL_GPIO_EXTI_IRQHandler)
    [Anonymous Symbol]                       0x08000c88   Section        0  stm32f1xx_hal_gpio.o(.text.HAL_GPIO_Init)
    [Anonymous Symbol]                       0x08000e98   Section        0  stm32f1xx_hal_gpio.o(.text.HAL_GPIO_ReadPin)
    [Anonymous Symbol]                       0x08000ea4   Section        0  stm32f1xx_hal_gpio.o(.text.HAL_GPIO_WritePin)
    [Anonymous Symbol]                       0x08000eb0   Section        0  stm32f1xx_hal.o(.text.HAL_GetTick)
    [Anonymous Symbol]                       0x08000ebc   Section        0  stm32f1xx_hal_i2c.o(.text.HAL_I2C_Init)
    [Anonymous Symbol]                       0x08001020   Section        0  stm32f1xx_hal_i2c.o(.text.HAL_I2C_IsDeviceReady)
    [Anonymous Symbol]                       0x08001234   Section        0  stm32f1xx_hal_i2c.o(.text.HAL_I2C_Mem_Read)
    [Anonymous Symbol]                       0x08001584   Section        0  stm32f1xx_hal_i2c.o(.text.HAL_I2C_Mem_Write)
    [Anonymous Symbol]                       0x080016e0   Section        0  i2c.o(.text.HAL_I2C_MspInit)
    [Anonymous Symbol]                       0x080017b0   Section        0  stm32f1xx_hal.o(.text.HAL_IncTick)
    [Anonymous Symbol]                       0x080017cc   Section        0  stm32f1xx_hal.o(.text.HAL_Init)
    [Anonymous Symbol]                       0x080017f4   Section        0  stm32f1xx_hal_timebase_tim.o(.text.HAL_InitTick)
    [Anonymous Symbol]                       0x080018a4   Section        0  stm32f1xx_hal_msp.o(.text.HAL_MspInit)
    [Anonymous Symbol]                       0x080018e8   Section        0  stm32f1xx_hal_cortex.o(.text.HAL_NVIC_EnableIRQ)
    [Anonymous Symbol]                       0x0800190c   Section        0  stm32f1xx_hal_cortex.o(.text.HAL_NVIC_SetPriority)
    [Anonymous Symbol]                       0x08001964   Section        0  stm32f1xx_hal_cortex.o(.text.HAL_NVIC_SetPriorityGrouping)
    [Anonymous Symbol]                       0x08001984   Section        0  stm32f1xx_hal_rcc.o(.text.HAL_RCC_ClockConfig)
    [Anonymous Symbol]                       0x08001b40   Section        0  stm32f1xx_hal_rcc.o(.text.HAL_RCC_GetClockConfig)
    [Anonymous Symbol]                       0x08001b84   Section        0  stm32f1xx_hal_rcc.o(.text.HAL_RCC_GetHCLKFreq)
    [Anonymous Symbol]                       0x08001b90   Section        0  stm32f1xx_hal_rcc.o(.text.HAL_RCC_GetPCLK1Freq)
    [Anonymous Symbol]                       0x08001bb8   Section        0  stm32f1xx_hal_rcc.o(.text.HAL_RCC_GetPCLK2Freq)
    [Anonymous Symbol]                       0x08001be0   Section        0  stm32f1xx_hal_rcc.o(.text.HAL_RCC_OscConfig)
    [Anonymous Symbol]                       0x08001fe0   Section        0  stm32f1xx_hal_cortex.o(.text.HAL_SYSTICK_Config)
    [Anonymous Symbol]                       0x0800200c   Section        0  stm32f1xx_hal_tim_ex.o(.text.HAL_TIMEx_BreakCallback)
    [Anonymous Symbol]                       0x08002010   Section        0  stm32f1xx_hal_tim_ex.o(.text.HAL_TIMEx_CommutCallback)
    [Anonymous Symbol]                       0x08002014   Section        0  stm32f1xx_hal_tim_ex.o(.text.HAL_TIMEx_ConfigBreakDeadTime)
    [Anonymous Symbol]                       0x08002060   Section        0  stm32f1xx_hal_tim_ex.o(.text.HAL_TIMEx_MasterConfigSynchronization)
    [Anonymous Symbol]                       0x080020e0   Section        0  stm32f1xx_hal_tim.o(.text.HAL_TIM_Base_Init)
    [Anonymous Symbol]                       0x080021dc   Section        0  tim.o(.text.HAL_TIM_Base_MspInit)
    [Anonymous Symbol]                       0x08002298   Section        0  stm32f1xx_hal_tim.o(.text.HAL_TIM_Base_Start_IT)
    [Anonymous Symbol]                       0x08002308   Section        0  stm32f1xx_hal_tim.o(.text.HAL_TIM_ConfigClockSource)
    [Anonymous Symbol]                       0x080024a8   Section        0  stm32f1xx_hal_tim.o(.text.HAL_TIM_IC_CaptureCallback)
    [Anonymous Symbol]                       0x080024ac   Section        0  stm32f1xx_hal_tim.o(.text.HAL_TIM_IC_ConfigChannel)
    [Anonymous Symbol]                       0x08002630   Section        0  stm32f1xx_hal_tim.o(.text.HAL_TIM_IC_Init)
    [Anonymous Symbol]                       0x0800272c   Section        0  stm32f1xx_hal_tim.o(.text.HAL_TIM_IC_MspInit)
    [Anonymous Symbol]                       0x08002730   Section        0  stm32f1xx_hal_tim.o(.text.HAL_TIM_IRQHandler)
    [Anonymous Symbol]                       0x08002880   Section        0  stm32f1xx_hal_tim.o(.text.HAL_TIM_OC_DelayElapsedCallback)
    [Anonymous Symbol]                       0x08002884   Section        0  stm32f1xx_hal_tim.o(.text.HAL_TIM_PWM_ConfigChannel)
    [Anonymous Symbol]                       0x08002a88   Section        0  stm32f1xx_hal_tim.o(.text.HAL_TIM_PWM_Init)
    [Anonymous Symbol]                       0x08002b84   Section        0  tim.o(.text.HAL_TIM_PWM_MspInit)
    [Anonymous Symbol]                       0x08002bb4   Section        0  stm32f1xx_hal_tim.o(.text.HAL_TIM_PWM_PulseFinishedCallback)
    [Anonymous Symbol]                       0x08002bb8   Section        0  main.o(.text.HAL_TIM_PeriodElapsedCallback)
    [Anonymous Symbol]                       0x08002bc8   Section        0  stm32f1xx_hal_tim.o(.text.HAL_TIM_TriggerCallback)
    [Anonymous Symbol]                       0x08002bcc   Section        0  stm32f1xx_hal_uart.o(.text.HAL_UART_Init)
    [Anonymous Symbol]                       0x08002cb0   Section        0  usart.o(.text.HAL_UART_MspInit)
    [Anonymous Symbol]                       0x08002e5c   Section        0  stm32f1xx_hal_uart.o(.text.HAL_UART_Transmit)
    I2C_RequestMemoryRead                    0x08002ff1   Thumb Code   274  stm32f1xx_hal_i2c.o(.text.I2C_RequestMemoryRead)
    [Anonymous Symbol]                       0x08002ff0   Section        0  stm32f1xx_hal_i2c.o(.text.I2C_RequestMemoryRead)
    I2C_RequestMemoryWrite                   0x08003105   Thumb Code   200  stm32f1xx_hal_i2c.o(.text.I2C_RequestMemoryWrite)
    [Anonymous Symbol]                       0x08003104   Section        0  stm32f1xx_hal_i2c.o(.text.I2C_RequestMemoryWrite)
    I2C_WaitOnBTFFlagUntilTimeout            0x080031cd   Thumb Code   186  stm32f1xx_hal_i2c.o(.text.I2C_WaitOnBTFFlagUntilTimeout)
    [Anonymous Symbol]                       0x080031cc   Section        0  stm32f1xx_hal_i2c.o(.text.I2C_WaitOnBTFFlagUntilTimeout)
    I2C_WaitOnFlagUntilTimeout               0x08003289   Thumb Code   458  stm32f1xx_hal_i2c.o(.text.I2C_WaitOnFlagUntilTimeout)
    [Anonymous Symbol]                       0x08003288   Section        0  stm32f1xx_hal_i2c.o(.text.I2C_WaitOnFlagUntilTimeout)
    I2C_WaitOnMasterAddressFlagUntilTimeout  0x08003455   Thumb Code   214  stm32f1xx_hal_i2c.o(.text.I2C_WaitOnMasterAddressFlagUntilTimeout)
    [Anonymous Symbol]                       0x08003454   Section        0  stm32f1xx_hal_i2c.o(.text.I2C_WaitOnMasterAddressFlagUntilTimeout)
    I2C_WaitOnRXNEFlagUntilTimeout           0x0800352d   Thumb Code   144  stm32f1xx_hal_i2c.o(.text.I2C_WaitOnRXNEFlagUntilTimeout)
    [Anonymous Symbol]                       0x0800352c   Section        0  stm32f1xx_hal_i2c.o(.text.I2C_WaitOnRXNEFlagUntilTimeout)
    I2C_WaitOnTXEFlagUntilTimeout            0x080035bd   Thumb Code   186  stm32f1xx_hal_i2c.o(.text.I2C_WaitOnTXEFlagUntilTimeout)
    [Anonymous Symbol]                       0x080035bc   Section        0  stm32f1xx_hal_i2c.o(.text.I2C_WaitOnTXEFlagUntilTimeout)
    [Anonymous Symbol]                       0x08003678   Section        0  ina219.o(.text.INA219_Init)
    [Anonymous Symbol]                       0x0800372c   Section        0  ina219.o(.text.INA219_ReadALL)
    [Anonymous Symbol]                       0x080037b4   Section        0  dma.o(.text.MX_DMA_Init)
    [Anonymous Symbol]                       0x08003818   Section        0  gpio.o(.text.MX_GPIO_Init)
    [Anonymous Symbol]                       0x08003954   Section        0  i2c.o(.text.MX_I2C1_Init)
    [Anonymous Symbol]                       0x08003998   Section        0  i2c.o(.text.MX_I2C2_Init)
    [Anonymous Symbol]                       0x080039dc   Section        0  tim.o(.text.MX_TIM1_Init)
    [Anonymous Symbol]                       0x08003b30   Section        0  tim.o(.text.MX_TIM3_Init)
    [Anonymous Symbol]                       0x08003c30   Section        0  tim.o(.text.MX_TIM4_Init)
    [Anonymous Symbol]                       0x08003d78   Section        0  usart.o(.text.MX_USART1_UART_Init)
    [Anonymous Symbol]                       0x08003db4   Section        0  usart.o(.text.MX_USART2_UART_Init)
    [Anonymous Symbol]                       0x08003df0   Section        0  stm32f1xx_it.o(.text.MemManage_Handler)
    [Anonymous Symbol]                       0x08003df4   Section        0  stm32f1xx_it.o(.text.NMI_Handler)
    [Anonymous Symbol]                       0x08003df8   Section        0  stm32f1xx_it.o(.text.SVC_Handler)
    [Anonymous Symbol]                       0x08003dfc   Section        0  senserthread.o(.text.SenserThread_entry)
    [Anonymous Symbol]                       0x08003e60   Section        0  board.o(.text.SysTick_Handler)
    [Anonymous Symbol]                       0x08003e74   Section        0  main.o(.text.SystemClock_Config)
    [Anonymous Symbol]                       0x08003ed8   Section        0  system_stm32f1xx.o(.text.SystemCoreClockUpdate)
    [Anonymous Symbol]                       0x08003f34   Section        0  system_stm32f1xx.o(.text.SystemInit)
    [Anonymous Symbol]                       0x08003f38   Section        0  stm32f1xx_it.o(.text.TIM2_IRQHandler)
    [Anonymous Symbol]                       0x08003f44   Section        0  stm32f1xx_it.o(.text.UsageFault_Handler)
    [Anonymous Symbol]                       0x08003f48   Section        0  kservice.o(.text.__rt_ffs)
    [Anonymous Symbol]                       0x08003f80   Section        0  main.o(.text.main)
    [Anonymous Symbol]                       0x08003fc0   Section        0  components.o(.text.main_thread_entry)
    [Anonymous Symbol]                       0x08003ff4   Section        0  components.o(.text.rt_components_board_init)
    [Anonymous Symbol]                       0x08004020   Section        0  scheduler.o(.text.rt_enter_critical)
    [Anonymous Symbol]                       0x0800403c   Section        0  scheduler.o(.text.rt_exit_critical)
    [Anonymous Symbol]                       0x080040d0   Section        0  mem.o(.text.rt_free)
    [Anonymous Symbol]                       0x080041f0   Section        0  board.o(.text.rt_heap_begin_get)
    [Anonymous Symbol]                       0x080041fc   Section        0  board.o(.text.rt_heap_end_get)
    [Anonymous Symbol]                       0x0800420c   Section        0  board.o(.text.rt_hw_board_init)
    [Anonymous Symbol]                       0x08004270   Section        0  board.o(.text.rt_hw_console_output)
    [Anonymous Symbol]                       0x080042d4   Section        0  cpuport.o(.text.rt_hw_hard_fault_exception)
    [Anonymous Symbol]                       0x08004460   Section        0  cpuport.o(.text.rt_hw_stack_init)
    [Anonymous Symbol]                       0x0800449c   Section        0  irq.o(.text.rt_interrupt_enter)
    [Anonymous Symbol]                       0x080044b8   Section        0  irq.o(.text.rt_interrupt_leave)
    [Anonymous Symbol]                       0x080044d4   Section        0  kservice.o(.text.rt_kprintf)
    [Anonymous Symbol]                       0x08004518   Section        0  mem.o(.text.rt_malloc)
    [Anonymous Symbol]                       0x080046a4   Section        0  kservice.o(.text.rt_memset)
    [Anonymous Symbol]                       0x080047b4   Section        0  object.o(.text.rt_object_allocate)
    [Anonymous Symbol]                       0x08004824   Section        0  object.o(.text.rt_object_delete)
    [Anonymous Symbol]                       0x08004850   Section        0  object.o(.text.rt_object_detach)
    [Anonymous Symbol]                       0x08004874   Section        0  object.o(.text.rt_object_init)
    [Anonymous Symbol]                       0x080048f4   Section        0  object.o(.text.rt_object_is_systemobject)
    [Anonymous Symbol]                       0x080048fc   Section        0  scheduler.o(.text.rt_schedule)
    [Anonymous Symbol]                       0x08004974   Section        0  scheduler.o(.text.rt_schedule_insert_thread)
    [Anonymous Symbol]                       0x080049c8   Section        0  scheduler.o(.text.rt_schedule_remove_thread)
    [Anonymous Symbol]                       0x08004a1c   Section        0  ipc.o(.text.rt_sem_init)
    [Anonymous Symbol]                       0x08004a3c   Section        0  ipc.o(.text.rt_sem_release)
    [Anonymous Symbol]                       0x08004a88   Section        0  ipc.o(.text.rt_sem_take)
    [Anonymous Symbol]                       0x08004b9c   Section        0  kservice.o(.text.rt_show_version)
    [Anonymous Symbol]                       0x08004c54   Section        0  kservice.o(.text.rt_strlen)
    [Anonymous Symbol]                       0x08004c84   Section        0  kservice.o(.text.rt_strncpy)
    [Anonymous Symbol]                       0x08004d1c   Section        0  mem.o(.text.rt_system_heap_init)
    [Anonymous Symbol]                       0x08004ddc   Section        0  scheduler.o(.text.rt_system_scheduler_init)
    [Anonymous Symbol]                       0x08004f08   Section        0  scheduler.o(.text.rt_system_scheduler_start)
    [Anonymous Symbol]                       0x08004f38   Section        0  timer.o(.text.rt_system_timer_init)
    [Anonymous Symbol]                       0x08004f48   Section        0  timer.o(.text.rt_system_timer_thread_init)
    [Anonymous Symbol]                       0x08004f4c   Section        0  thread.o(.text.rt_thread_create)
    [Anonymous Symbol]                       0x08004ffc   Section        0  thread.o(.text.rt_thread_delay)
    [Anonymous Symbol]                       0x08005008   Section        0  thread.o(.text.rt_thread_exit)
    rt_thread_idle_entry                     0x08005085   Thumb Code    60  idle.o(.text.rt_thread_idle_entry)
    [Anonymous Symbol]                       0x08005084   Section        0  idle.o(.text.rt_thread_idle_entry)
    [Anonymous Symbol]                       0x080050c0   Section        0  idle.o(.text.rt_thread_idle_init)
    [Anonymous Symbol]                       0x08005110   Section        0  thread.o(.text.rt_thread_init)
    [Anonymous Symbol]                       0x080051a0   Section        0  thread.o(.text.rt_thread_resume)
    [Anonymous Symbol]                       0x080051e4   Section        0  thread.o(.text.rt_thread_self)
    [Anonymous Symbol]                       0x080051f0   Section        0  thread.o(.text.rt_thread_sleep)
    [Anonymous Symbol]                       0x08005268   Section        0  thread.o(.text.rt_thread_startup)
    [Anonymous Symbol]                       0x080052c4   Section        0  thread.o(.text.rt_thread_suspend)
    [Anonymous Symbol]                       0x08005308   Section        0  thread.o(.text.rt_thread_timeout)
    [Anonymous Symbol]                       0x08005330   Section        0  thread.o(.text.rt_thread_yield)
    [Anonymous Symbol]                       0x08005398   Section        0  clock.o(.text.rt_tick_get)
    [Anonymous Symbol]                       0x080053a4   Section        0  clock.o(.text.rt_tick_increase)
    [Anonymous Symbol]                       0x080053d8   Section        0  timer.o(.text.rt_timer_check)
    [Anonymous Symbol]                       0x0800552c   Section        0  timer.o(.text.rt_timer_control)
    [Anonymous Symbol]                       0x08005594   Section        0  timer.o(.text.rt_timer_detach)
    [Anonymous Symbol]                       0x080055c4   Section        0  timer.o(.text.rt_timer_init)
    [Anonymous Symbol]                       0x080055f8   Section        0  timer.o(.text.rt_timer_start)
    [Anonymous Symbol]                       0x080056c4   Section        0  timer.o(.text.rt_timer_stop)
    rti_board_end                            0x080056fd   Thumb Code     4  components.o(.text.rti_board_end)
    [Anonymous Symbol]                       0x080056fc   Section        0  components.o(.text.rti_board_end)
    rti_board_start                          0x08005701   Thumb Code     4  components.o(.text.rti_board_start)
    [Anonymous Symbol]                       0x08005700   Section        0  components.o(.text.rti_board_start)
    rti_end                                  0x08005705   Thumb Code     4  components.o(.text.rti_end)
    [Anonymous Symbol]                       0x08005704   Section        0  components.o(.text.rti_end)
    rti_start                                0x08005709   Thumb Code     4  components.o(.text.rti_start)
    [Anonymous Symbol]                       0x08005708   Section        0  components.o(.text.rti_start)
    uart_init                                0x0800570d   Thumb Code    56  board.o(.text.uart_init)
    [Anonymous Symbol]                       0x0800570c   Section        0  board.o(.text.uart_init)
    i.__0vsnprintf                           0x08005744   Section        0  printfa.o(i.__0vsnprintf)
    i.__scatterload_copy                     0x08005778   Section       14  handlers.o(i.__scatterload_copy)
    i.__scatterload_null                     0x08005786   Section        2  handlers.o(i.__scatterload_null)
    i.__scatterload_zeroinit                 0x08005788   Section       14  handlers.o(i.__scatterload_zeroinit)
    _fp_digits                               0x08005799   Thumb Code   366  printfa.o(i._fp_digits)
    i._fp_digits                             0x08005798   Section        0  printfa.o(i._fp_digits)
    _printf_core                             0x0800591d   Thumb Code  1744  printfa.o(i._printf_core)
    i._printf_core                           0x0800591c   Section        0  printfa.o(i._printf_core)
    _printf_post_padding                     0x08005ff9   Thumb Code    36  printfa.o(i._printf_post_padding)
    i._printf_post_padding                   0x08005ff8   Section        0  printfa.o(i._printf_post_padding)
    _printf_pre_padding                      0x0800601d   Thumb Code    46  printfa.o(i._printf_pre_padding)
    i._printf_pre_padding                    0x0800601c   Section        0  printfa.o(i._printf_pre_padding)
    _snputc                                  0x0800604b   Thumb Code    22  printfa.o(i._snputc)
    i._snputc                                0x0800604a   Section        0  printfa.o(i._snputc)
    HAL_RCC_GetSysClockFreq.aPredivFactorTable 0x08006078   Data           2  stm32f1xx_hal_rcc.o(.rodata.HAL_RCC_GetSysClockFreq.aPredivFactorTable)
    [Anonymous Symbol]                       0x08006078   Section        0  stm32f1xx_hal_rcc.o(.rodata.HAL_RCC_GetSysClockFreq.aPredivFactorTable)
    HAL_RCC_GetSysClockFreq.aPLLMULFactorTable 0x0800617a   Data          16  stm32f1xx_hal_rcc.o(.rodata.cst16)
    [Anonymous Symbol]                       0x0800617a   Section        0  stm32f1xx_hal_rcc.o(.rodata.cst16)
    .L.str.17                                0x0800618a   Data          26  cpuport.o(.rodata.str1.1)
    [Anonymous Symbol]                       0x0800618a   Section        0  cpuport.o(.rodata.str1.1)
    .L.str.16                                0x080061a4   Data          29  cpuport.o(.rodata.str1.1)
    .L.str.1                                 0x080061c1   Data          13  cpuport.o(.rodata.str1.1)
    .L.str.2                                 0x080061ce   Data          13  cpuport.o(.rodata.str1.1)
    .L.str.3                                 0x080061db   Data          13  cpuport.o(.rodata.str1.1)
    .L.str.4                                 0x080061e8   Data          13  cpuport.o(.rodata.str1.1)
    .L.str.5                                 0x080061f5   Data          13  cpuport.o(.rodata.str1.1)
    .L.str                                   0x08006202   Data          13  cpuport.o(.rodata.str1.1)
    .L.str                                   0x0800620f   Data           5  components.o(.rodata.str1.1)
    [Anonymous Symbol]                       0x0800620f   Section        0  components.o(.rodata.str1.1)
    __tagsym$$used.0                         0x08006214   Number         0  components.o(.rti_fn.0)
    __tagsym$$used.1                         0x08006218   Number         0  components.o(.rti_fn.0.end)
    __tagsym$$used.0                         0x0800621c   Number         0  board.o(.rti_fn.1)
    __tagsym$$used.2                         0x08006220   Number         0  components.o(.rti_fn.1.end)
    __tagsym$$used.3                         0x08006224   Number         0  components.o(.rti_fn.6.end)
    .L_MergedGlobals                         0x20000000   Data           8  stm32f1xx_hal.o(.data..L_MergedGlobals)
    [Anonymous Symbol]                       0x20000000   Section        0  stm32f1xx_hal.o(.data..L_MergedGlobals)
    rt_object_container                      0x2000000c   Data          48  object.o(.data.rt_object_container)
    [Anonymous Symbol]                       0x2000000c   Section        0  object.o(.data.rt_object_container)
    .L_MergedGlobals                         0x20000040   Data          28  senserthread.o(.bss..L_MergedGlobals)
    [Anonymous Symbol]                       0x20000040   Section        0  senserthread.o(.bss..L_MergedGlobals)
    LED_Blink.led_flag                       0x20000044   Data           1  senserthread.o(.bss..L_MergedGlobals)
    .L_MergedGlobals                         0x2000005c   Data          12  ina219.o(.bss..L_MergedGlobals)
    [Anonymous Symbol]                       0x2000005c   Section        0  ina219.o(.bss..L_MergedGlobals)
    .L_MergedGlobals                         0x20000068   Data          56  mem.o(.bss..L_MergedGlobals)
    mem_size_aligned                         0x20000068   Data           4  mem.o(.bss..L_MergedGlobals)
    [Anonymous Symbol]                       0x20000068   Section        0  mem.o(.bss..L_MergedGlobals)
    heap_ptr                                 0x2000006c   Data           4  mem.o(.bss..L_MergedGlobals)
    heap_end                                 0x20000070   Data           4  mem.o(.bss..L_MergedGlobals)
    lfree                                    0x20000074   Data           4  mem.o(.bss..L_MergedGlobals)
    used_mem                                 0x20000078   Data           4  mem.o(.bss..L_MergedGlobals)
    max_mem                                  0x2000007c   Data           4  mem.o(.bss..L_MergedGlobals)
    heap_sem                                 0x20000080   Data          32  mem.o(.bss..L_MergedGlobals)
    .L_MergedGlobals                         0x200000a0   Data          20  scheduler.o(.bss..L_MergedGlobals)
    [Anonymous Symbol]                       0x200000a0   Section        0  scheduler.o(.bss..L_MergedGlobals)
    rt_scheduler_lock_nest                   0x200000a2   Data           2  scheduler.o(.bss..L_MergedGlobals)
    .L_MergedGlobals                         0x200000b4   Data          12  timer.o(.bss..L_MergedGlobals)
    rt_timer_start.random_nr                 0x200000b4   Data           4  timer.o(.bss..L_MergedGlobals)
    [Anonymous Symbol]                       0x200000b4   Section        0  timer.o(.bss..L_MergedGlobals)
    rt_timer_list                            0x200000b8   Data           8  timer.o(.bss..L_MergedGlobals)
    UartHandle                               0x200000c4   Data          72  board.o(.bss.UartHandle)
    [Anonymous Symbol]                       0x200000c4   Section        0  board.o(.bss.UartHandle)
    idle                                     0x20000474   Data         120  idle.o(.bss.idle)
    [Anonymous Symbol]                       0x20000474   Section        0  idle.o(.bss.idle)
    rt_exception_hook                        0x200004ec   Data           4  cpuport.o(.bss.rt_exception_hook)
    [Anonymous Symbol]                       0x200004ec   Section        0  cpuport.o(.bss.rt_exception_hook)
    rt_heap                                  0x200004f0   Data       11264  board.o(.bss.rt_heap)
    [Anonymous Symbol]                       0x200004f0   Section        0  board.o(.bss.rt_heap)
    rt_kprintf.rt_log_buf                    0x200030fc   Data         256  kservice.o(.bss.rt_kprintf.rt_log_buf)
    [Anonymous Symbol]                       0x200030fc   Section        0  kservice.o(.bss.rt_kprintf.rt_log_buf)
    rt_thread_stack                          0x200032fc   Data         256  idle.o(.bss.rt_thread_stack)
    [Anonymous Symbol]                       0x200032fc   Section        0  idle.o(.bss.rt_thread_stack)
    rt_tick                                  0x20003400   Data           4  clock.o(.bss.rt_tick)
    [Anonymous Symbol]                       0x20003400   Section        0  clock.o(.bss.rt_tick)
    STACK                                    0x20003408   Section     1024  startup_stm32f103xb.o(STACK)

    Global Symbols

    Symbol Name                              Value     Ov Type        Size  Object(Section)

    BuildAttributes$$THM_ISAv4$P$D$K$B$S$PE$A:L22UL41UL21$X:L11$S22US41US21$IEEE1$IW$~IW$USESV6$~STKCKD$USESV7$~SHL$OTIME$ROPI$EBA8$MICROLIB$REQ8$PRES8$EABIv2 0x00000000   Number         0  anon$$obj.o ABSOLUTE
    __cpp_initialize__aeabi_                  - Undefined Weak Reference
    __cxa_finalize                            - Undefined Weak Reference
    __decompress                              - Undefined Weak Reference
    _clock_init                               - Undefined Weak Reference
    _microlib_exit                            - Undefined Weak Reference
    __Vectors_Size                           0x000000ec   Number         0  startup_stm32f103xb.o ABSOLUTE
    __Vectors                                0x08000000   Data           4  startup_stm32f103xb.o(RESET)
    __Vectors_End                            0x080000ec   Data           0  startup_stm32f103xb.o(RESET)
    __main                                   0x080000ed   Thumb Code     0  entry.o(.ARM.Collect$$$$00000000)
    _main_stk                                0x080000ed   Thumb Code     0  entry2.o(.ARM.Collect$$$$00000001)
    _main_scatterload                        0x080000f1   Thumb Code     0  entry5.o(.ARM.Collect$$$$00000004)
    __main_after_scatterload                 0x080000f5   Thumb Code     0  entry5.o(.ARM.Collect$$$$00000004)
    _main_clock                              0x080000f5   Thumb Code     0  entry7b.o(.ARM.Collect$$$$00000008)
    _main_cpp_init                           0x080000f5   Thumb Code     0  entry8b.o(.ARM.Collect$$$$0000000A)
    _main_init                               0x080000f5   Thumb Code     0  entry9a.o(.ARM.Collect$$$$0000000B)
    __rt_final_cpp                           0x080000fd   Thumb Code     0  entry10a.o(.ARM.Collect$$$$0000000D)
    __rt_final_exit                          0x080000fd   Thumb Code     0  entry11a.o(.ARM.Collect$$$$0000000F)
    Reset_Handler                            0x08000101   Thumb Code     8  startup_stm32f103xb.o(.text)
    ADC1_2_IRQHandler                        0x0800011b   Thumb Code     0  startup_stm32f103xb.o(.text)
    CAN1_RX1_IRQHandler                      0x0800011b   Thumb Code     0  startup_stm32f103xb.o(.text)
    CAN1_SCE_IRQHandler                      0x0800011b   Thumb Code     0  startup_stm32f103xb.o(.text)
    DMA1_Channel1_IRQHandler                 0x0800011b   Thumb Code     0  startup_stm32f103xb.o(.text)
    DMA1_Channel2_IRQHandler                 0x0800011b   Thumb Code     0  startup_stm32f103xb.o(.text)
    DMA1_Channel3_IRQHandler                 0x0800011b   Thumb Code     0  startup_stm32f103xb.o(.text)
    EXTI0_IRQHandler                         0x0800011b   Thumb Code     0  startup_stm32f103xb.o(.text)
    EXTI15_10_IRQHandler                     0x0800011b   Thumb Code     0  startup_stm32f103xb.o(.text)
    EXTI2_IRQHandler                         0x0800011b   Thumb Code     0  startup_stm32f103xb.o(.text)
    EXTI3_IRQHandler                         0x0800011b   Thumb Code     0  startup_stm32f103xb.o(.text)
    EXTI4_IRQHandler                         0x0800011b   Thumb Code     0  startup_stm32f103xb.o(.text)
    EXTI9_5_IRQHandler                       0x0800011b   Thumb Code     0  startup_stm32f103xb.o(.text)
    FLASH_IRQHandler                         0x0800011b   Thumb Code     0  startup_stm32f103xb.o(.text)
    I2C1_ER_IRQHandler                       0x0800011b   Thumb Code     0  startup_stm32f103xb.o(.text)
    I2C1_EV_IRQHandler                       0x0800011b   Thumb Code     0  startup_stm32f103xb.o(.text)
    I2C2_ER_IRQHandler                       0x0800011b   Thumb Code     0  startup_stm32f103xb.o(.text)
    I2C2_EV_IRQHandler                       0x0800011b   Thumb Code     0  startup_stm32f103xb.o(.text)
    PVD_IRQHandler                           0x0800011b   Thumb Code     0  startup_stm32f103xb.o(.text)
    RCC_IRQHandler                           0x0800011b   Thumb Code     0  startup_stm32f103xb.o(.text)
    RTC_Alarm_IRQHandler                     0x0800011b   Thumb Code     0  startup_stm32f103xb.o(.text)
    RTC_IRQHandler                           0x0800011b   Thumb Code     0  startup_stm32f103xb.o(.text)
    SPI1_IRQHandler                          0x0800011b   Thumb Code     0  startup_stm32f103xb.o(.text)
    SPI2_IRQHandler                          0x0800011b   Thumb Code     0  startup_stm32f103xb.o(.text)
    TAMPER_IRQHandler                        0x0800011b   Thumb Code     0  startup_stm32f103xb.o(.text)
    TIM1_BRK_IRQHandler                      0x0800011b   Thumb Code     0  startup_stm32f103xb.o(.text)
    TIM1_CC_IRQHandler                       0x0800011b   Thumb Code     0  startup_stm32f103xb.o(.text)
    TIM1_TRG_COM_IRQHandler                  0x0800011b   Thumb Code     0  startup_stm32f103xb.o(.text)
    TIM1_UP_IRQHandler                       0x0800011b   Thumb Code     0  startup_stm32f103xb.o(.text)
    TIM3_IRQHandler                          0x0800011b   Thumb Code     0  startup_stm32f103xb.o(.text)
    TIM4_IRQHandler                          0x0800011b   Thumb Code     0  startup_stm32f103xb.o(.text)
    USART1_IRQHandler                        0x0800011b   Thumb Code     0  startup_stm32f103xb.o(.text)
    USART2_IRQHandler                        0x0800011b   Thumb Code     0  startup_stm32f103xb.o(.text)
    USART3_IRQHandler                        0x0800011b   Thumb Code     0  startup_stm32f103xb.o(.text)
    USBWakeUp_IRQHandler                     0x0800011b   Thumb Code     0  startup_stm32f103xb.o(.text)
    USB_HP_CAN1_TX_IRQHandler                0x0800011b   Thumb Code     0  startup_stm32f103xb.o(.text)
    USB_LP_CAN1_RX0_IRQHandler               0x0800011b   Thumb Code     0  startup_stm32f103xb.o(.text)
    WWDG_IRQHandler                          0x0800011b   Thumb Code     0  startup_stm32f103xb.o(.text)
    rt_hw_interrupt_disable                  0x08000125   Thumb Code     8  context_rvds.o(.text)
    rt_hw_interrupt_enable                   0x0800012d   Thumb Code     6  context_rvds.o(.text)
    rt_hw_context_switch                     0x08000133   Thumb Code    32  context_rvds.o(.text)
    rt_hw_context_switch_interrupt           0x08000133   Thumb Code     0  context_rvds.o(.text)
    PendSV_Handler                           0x08000153   Thumb Code    60  context_rvds.o(.text)
    rt_hw_context_switch_to                  0x0800018f   Thumb Code    56  context_rvds.o(.text)
    rt_hw_interrupt_thread_switch            0x080001c7   Thumb Code     2  context_rvds.o(.text)
    HardFault_Handler                        0x080001c9   Thumb Code    52  context_rvds.o(.text)
    __aeabi_memset                           0x08000219   Thumb Code    14  memseta.o(.text)
    __aeabi_memset4                          0x08000219   Thumb Code     0  memseta.o(.text)
    __aeabi_memset8                          0x08000219   Thumb Code     0  memseta.o(.text)
    __aeabi_memclr                           0x08000227   Thumb Code     4  memseta.o(.text)
    __aeabi_memclr4                          0x08000227   Thumb Code     0  memseta.o(.text)
    __aeabi_memclr8                          0x08000227   Thumb Code     0  memseta.o(.text)
    _memset$wrapper                          0x0800022b   Thumb Code    18  memseta.o(.text)
    __aeabi_fmul                             0x0800023d   Thumb Code   100  fmul.o(.text)
    __aeabi_fdiv                             0x080002a1   Thumb Code   124  fdiv.o(.text)
    __aeabi_i2f                              0x0800031d   Thumb Code    18  fflti.o(.text)
    __aeabi_ui2f                             0x0800032f   Thumb Code    10  ffltui.o(.text)
    __aeabi_uidiv                            0x08000339   Thumb Code     0  uidiv.o(.text)
    __aeabi_uidivmod                         0x08000339   Thumb Code    44  uidiv.o(.text)
    __aeabi_uldivmod                         0x08000365   Thumb Code    98  uldiv.o(.text)
    __I$use$fp                               0x080003c7   Thumb Code     0  iusefp.o(.text)
    _float_round                             0x080003c7   Thumb Code    18  fepilogue.o(.text)
    _float_epilogue                          0x080003d9   Thumb Code    92  fepilogue.o(.text)
    __aeabi_dadd                             0x08000435   Thumb Code   322  dadd.o(.text)
    __aeabi_dsub                             0x08000577   Thumb Code     6  dadd.o(.text)
    __aeabi_drsub                            0x0800057d   Thumb Code     6  dadd.o(.text)
    __aeabi_dmul                             0x08000583   Thumb Code   228  dmul.o(.text)
    __aeabi_ddiv                             0x08000667   Thumb Code   222  ddiv.o(.text)
    __aeabi_d2ulz                            0x08000745   Thumb Code    48  dfixul.o(.text)
    __aeabi_cdrcmple                         0x08000775   Thumb Code    48  cdrcmple.o(.text)
    __scatterload                            0x080007a5   Thumb Code    38  init.o(.text)
    __scatterload_rt2                        0x080007a5   Thumb Code     0  init.o(.text)
    __aeabi_llsl                             0x080007d5   Thumb Code    30  llshl.o(.text)
    _ll_shift_l                              0x080007d5   Thumb Code     0  llshl.o(.text)
    __aeabi_llsr                             0x080007f3   Thumb Code    32  llushr.o(.text)
    _ll_ushift_r                             0x080007f3   Thumb Code     0  llushr.o(.text)
    __aeabi_lasr                             0x08000813   Thumb Code    36  llsshr.o(.text)
    _ll_sshift_r                             0x08000813   Thumb Code     0  llsshr.o(.text)
    _double_round                            0x08000837   Thumb Code    30  depilogue.o(.text)
    _double_epilogue                         0x08000855   Thumb Code   156  depilogue.o(.text)
    main                                     0x080008f1   Thumb Code    84  components.o(.text.$Sub$$main)
    BusFault_Handler                         0x08000945   Thumb Code     2  stm32f1xx_it.o(.text.BusFault_Handler)
    DMA1_Channel4_IRQHandler                 0x08000949   Thumb Code    12  stm32f1xx_it.o(.text.DMA1_Channel4_IRQHandler)
    DMA1_Channel5_IRQHandler                 0x08000955   Thumb Code    12  stm32f1xx_it.o(.text.DMA1_Channel5_IRQHandler)
    DMA1_Channel6_IRQHandler                 0x08000961   Thumb Code    12  stm32f1xx_it.o(.text.DMA1_Channel6_IRQHandler)
    DMA1_Channel7_IRQHandler                 0x0800096d   Thumb Code    12  stm32f1xx_it.o(.text.DMA1_Channel7_IRQHandler)
    DebugMon_Handler                         0x08000979   Thumb Code     2  stm32f1xx_it.o(.text.DebugMon_Handler)
    EXTI1_IRQHandler                         0x0800097d   Thumb Code     6  stm32f1xx_it.o(.text.EXTI1_IRQHandler)
    Error_Handler                            0x08000985   Thumb Code    10  main.o(.text.Error_Handler)
    HAL_DMA_IRQHandler                       0x08000991   Thumb Code   416  stm32f1xx_hal_dma.o(.text.HAL_DMA_IRQHandler)
    HAL_DMA_Init                             0x08000b31   Thumb Code   132  stm32f1xx_hal_dma.o(.text.HAL_DMA_Init)
    HAL_Delay                                0x08000bb5   Thumb Code    40  stm32f1xx_hal.o(.text.HAL_Delay)
    HAL_GPIO_EXTI_Callback                   0x08000bdd   Thumb Code   144  senserthread.o(.text.HAL_GPIO_EXTI_Callback)
    HAL_GPIO_EXTI_IRQHandler                 0x08000c71   Thumb Code    22  stm32f1xx_hal_gpio.o(.text.HAL_GPIO_EXTI_IRQHandler)
    HAL_GPIO_Init                            0x08000c89   Thumb Code   526  stm32f1xx_hal_gpio.o(.text.HAL_GPIO_Init)
    HAL_GPIO_ReadPin                         0x08000e99   Thumb Code    10  stm32f1xx_hal_gpio.o(.text.HAL_GPIO_ReadPin)
    HAL_GPIO_WritePin                        0x08000ea5   Thumb Code    10  stm32f1xx_hal_gpio.o(.text.HAL_GPIO_WritePin)
    HAL_GetTick                              0x08000eb1   Thumb Code    12  stm32f1xx_hal.o(.text.HAL_GetTick)
    HAL_I2C_Init                             0x08000ebd   Thumb Code   356  stm32f1xx_hal_i2c.o(.text.HAL_I2C_Init)
    HAL_I2C_IsDeviceReady                    0x08001021   Thumb Code   532  stm32f1xx_hal_i2c.o(.text.HAL_I2C_IsDeviceReady)
    HAL_I2C_Mem_Read                         0x08001235   Thumb Code   846  stm32f1xx_hal_i2c.o(.text.HAL_I2C_Mem_Read)
    HAL_I2C_Mem_Write                        0x08001585   Thumb Code   348  stm32f1xx_hal_i2c.o(.text.HAL_I2C_Mem_Write)
    HAL_I2C_MspInit                          0x080016e1   Thumb Code   208  i2c.o(.text.HAL_I2C_MspInit)
    HAL_IncTick                              0x080017b1   Thumb Code    26  stm32f1xx_hal.o(.text.HAL_IncTick)
    HAL_Init                                 0x080017cd   Thumb Code    38  stm32f1xx_hal.o(.text.HAL_Init)
    HAL_InitTick                             0x080017f5   Thumb Code   174  stm32f1xx_hal_timebase_tim.o(.text.HAL_InitTick)
    HAL_MspInit                              0x080018a5   Thumb Code    66  stm32f1xx_hal_msp.o(.text.HAL_MspInit)
    HAL_NVIC_EnableIRQ                       0x080018e9   Thumb Code    34  stm32f1xx_hal_cortex.o(.text.HAL_NVIC_EnableIRQ)
    HAL_NVIC_SetPriority                     0x0800190d   Thumb Code    86  stm32f1xx_hal_cortex.o(.text.HAL_NVIC_SetPriority)
    HAL_NVIC_SetPriorityGrouping             0x08001965   Thumb Code    32  stm32f1xx_hal_cortex.o(.text.HAL_NVIC_SetPriorityGrouping)
    HAL_RCC_ClockConfig                      0x08001985   Thumb Code   442  stm32f1xx_hal_rcc.o(.text.HAL_RCC_ClockConfig)
    HAL_RCC_GetClockConfig                   0x08001b41   Thumb Code    66  stm32f1xx_hal_rcc.o(.text.HAL_RCC_GetClockConfig)
    HAL_RCC_GetHCLKFreq                      0x08001b85   Thumb Code    12  stm32f1xx_hal_rcc.o(.text.HAL_RCC_GetHCLKFreq)
    HAL_RCC_GetPCLK1Freq                     0x08001b91   Thumb Code    38  stm32f1xx_hal_rcc.o(.text.HAL_RCC_GetPCLK1Freq)
    HAL_RCC_GetPCLK2Freq                     0x08001bb9   Thumb Code    38  stm32f1xx_hal_rcc.o(.text.HAL_RCC_GetPCLK2Freq)
    HAL_RCC_OscConfig                        0x08001be1   Thumb Code  1024  stm32f1xx_hal_rcc.o(.text.HAL_RCC_OscConfig)
    HAL_SYSTICK_Config                       0x08001fe1   Thumb Code    44  stm32f1xx_hal_cortex.o(.text.HAL_SYSTICK_Config)
    HAL_TIMEx_BreakCallback                  0x0800200d   Thumb Code     2  stm32f1xx_hal_tim_ex.o(.text.HAL_TIMEx_BreakCallback)
    HAL_TIMEx_CommutCallback                 0x08002011   Thumb Code     2  stm32f1xx_hal_tim_ex.o(.text.HAL_TIMEx_CommutCallback)
    HAL_TIMEx_ConfigBreakDeadTime            0x08002015   Thumb Code    76  stm32f1xx_hal_tim_ex.o(.text.HAL_TIMEx_ConfigBreakDeadTime)
    HAL_TIMEx_MasterConfigSynchronization    0x08002061   Thumb Code   126  stm32f1xx_hal_tim_ex.o(.text.HAL_TIMEx_MasterConfigSynchronization)
    HAL_TIM_Base_Init                        0x080020e1   Thumb Code   250  stm32f1xx_hal_tim.o(.text.HAL_TIM_Base_Init)
    HAL_TIM_Base_MspInit                     0x080021dd   Thumb Code   186  tim.o(.text.HAL_TIM_Base_MspInit)
    HAL_TIM_Base_Start_IT                    0x08002299   Thumb Code   110  stm32f1xx_hal_tim.o(.text.HAL_TIM_Base_Start_IT)
    HAL_TIM_ConfigClockSource                0x08002309   Thumb Code   416  stm32f1xx_hal_tim.o(.text.HAL_TIM_ConfigClockSource)
    HAL_TIM_IC_CaptureCallback               0x080024a9   Thumb Code     2  stm32f1xx_hal_tim.o(.text.HAL_TIM_IC_CaptureCallback)
    HAL_TIM_IC_ConfigChannel                 0x080024ad   Thumb Code   386  stm32f1xx_hal_tim.o(.text.HAL_TIM_IC_ConfigChannel)
    HAL_TIM_IC_Init                          0x08002631   Thumb Code   250  stm32f1xx_hal_tim.o(.text.HAL_TIM_IC_Init)
    HAL_TIM_IC_MspInit                       0x0800272d   Thumb Code     2  stm32f1xx_hal_tim.o(.text.HAL_TIM_IC_MspInit)
    HAL_TIM_IRQHandler                       0x08002731   Thumb Code   334  stm32f1xx_hal_tim.o(.text.HAL_TIM_IRQHandler)
    HAL_TIM_OC_DelayElapsedCallback          0x08002881   Thumb Code     2  stm32f1xx_hal_tim.o(.text.HAL_TIM_OC_DelayElapsedCallback)
    HAL_TIM_PWM_ConfigChannel                0x08002885   Thumb Code   516  stm32f1xx_hal_tim.o(.text.HAL_TIM_PWM_ConfigChannel)
    HAL_TIM_PWM_Init                         0x08002a89   Thumb Code   250  stm32f1xx_hal_tim.o(.text.HAL_TIM_PWM_Init)
    HAL_TIM_PWM_MspInit                      0x08002b85   Thumb Code    48  tim.o(.text.HAL_TIM_PWM_MspInit)
    HAL_TIM_PWM_PulseFinishedCallback        0x08002bb5   Thumb Code     2  stm32f1xx_hal_tim.o(.text.HAL_TIM_PWM_PulseFinishedCallback)
    HAL_TIM_PeriodElapsedCallback            0x08002bb9   Thumb Code    14  main.o(.text.HAL_TIM_PeriodElapsedCallback)
    HAL_TIM_TriggerCallback                  0x08002bc9   Thumb Code     2  stm32f1xx_hal_tim.o(.text.HAL_TIM_TriggerCallback)
    HAL_UART_Init                            0x08002bcd   Thumb Code   226  stm32f1xx_hal_uart.o(.text.HAL_UART_Init)
    HAL_UART_MspInit                         0x08002cb1   Thumb Code   426  usart.o(.text.HAL_UART_MspInit)
    HAL_UART_Transmit                        0x08002e5d   Thumb Code   402  stm32f1xx_hal_uart.o(.text.HAL_UART_Transmit)
    INA219_Init                              0x08003679   Thumb Code   180  ina219.o(.text.INA219_Init)
    INA219_ReadALL                           0x0800372d   Thumb Code   134  ina219.o(.text.INA219_ReadALL)
    MX_DMA_Init                              0x080037b5   Thumb Code   100  dma.o(.text.MX_DMA_Init)
    MX_GPIO_Init                             0x08003819   Thumb Code   316  gpio.o(.text.MX_GPIO_Init)
    MX_I2C1_Init                             0x08003955   Thumb Code    66  i2c.o(.text.MX_I2C1_Init)
    MX_I2C2_Init                             0x08003999   Thumb Code    66  i2c.o(.text.MX_I2C2_Init)
    MX_TIM1_Init                             0x080039dd   Thumb Code   340  tim.o(.text.MX_TIM1_Init)
    MX_TIM3_Init                             0x08003b31   Thumb Code   254  tim.o(.text.MX_TIM3_Init)
    MX_TIM4_Init                             0x08003c31   Thumb Code   326  tim.o(.text.MX_TIM4_Init)
    MX_USART1_UART_Init                      0x08003d79   Thumb Code    60  usart.o(.text.MX_USART1_UART_Init)
    MX_USART2_UART_Init                      0x08003db5   Thumb Code    60  usart.o(.text.MX_USART2_UART_Init)
    MemManage_Handler                        0x08003df1   Thumb Code     2  stm32f1xx_it.o(.text.MemManage_Handler)
    NMI_Handler                              0x08003df5   Thumb Code     2  stm32f1xx_it.o(.text.NMI_Handler)
    SVC_Handler                              0x08003df9   Thumb Code     2  stm32f1xx_it.o(.text.SVC_Handler)
    SenserThread_entry                       0x08003dfd   Thumb Code    80  senserthread.o(.text.SenserThread_entry)
    SysTick_Handler                          0x08003e61   Thumb Code    18  board.o(.text.SysTick_Handler)
    SystemClock_Config                       0x08003e75   Thumb Code   100  main.o(.text.SystemClock_Config)
    SystemCoreClockUpdate                    0x08003ed9   Thumb Code    92  system_stm32f1xx.o(.text.SystemCoreClockUpdate)
    SystemInit                               0x08003f35   Thumb Code     2  system_stm32f1xx.o(.text.SystemInit)
    TIM2_IRQHandler                          0x08003f39   Thumb Code    12  stm32f1xx_it.o(.text.TIM2_IRQHandler)
    UsageFault_Handler                       0x08003f45   Thumb Code     2  stm32f1xx_it.o(.text.UsageFault_Handler)
    __rt_ffs                                 0x08003f49   Thumb Code    56  kservice.o(.text.__rt_ffs)
    $Super$$main                             0x08003f81   Thumb Code    56  main.o(.text.main)
    main_thread_entry                        0x08003fc1   Thumb Code    50  components.o(.text.main_thread_entry)
    rt_components_board_init                 0x08003ff5   Thumb Code    42  components.o(.text.rt_components_board_init)
    rt_enter_critical                        0x08004021   Thumb Code    28  scheduler.o(.text.rt_enter_critical)
    rt_exit_critical                         0x0800403d   Thumb Code   146  scheduler.o(.text.rt_exit_critical)
    rt_free                                  0x080040d1   Thumb Code   212  mem.o(.text.rt_free)
    rt_heap_begin_get                        0x080041f1   Thumb Code    10  board.o(.text.rt_heap_begin_get)
    rt_heap_end_get                          0x080041fd   Thumb Code    14  board.o(.text.rt_heap_end_get)
    rt_hw_board_init                         0x0800420d   Thumb Code    98  board.o(.text.rt_hw_board_init)
    rt_hw_console_output                     0x08004271   Thumb Code   100  board.o(.text.rt_hw_console_output)
    rt_hw_hard_fault_exception               0x080042d5   Thumb Code   236  cpuport.o(.text.rt_hw_hard_fault_exception)
    rt_hw_stack_init                         0x08004461   Thumb Code    60  cpuport.o(.text.rt_hw_stack_init)
    rt_interrupt_enter                       0x0800449d   Thumb Code    28  irq.o(.text.rt_interrupt_enter)
    rt_interrupt_leave                       0x080044b9   Thumb Code    28  irq.o(.text.rt_interrupt_leave)
    rt_kprintf                               0x080044d5   Thumb Code    68  kservice.o(.text.rt_kprintf)
    rt_malloc                                0x08004519   Thumb Code   394  mem.o(.text.rt_malloc)
    rt_memset                                0x080046a5   Thumb Code   272  kservice.o(.text.rt_memset)
    rt_object_allocate                       0x080047b5   Thumb Code   112  object.o(.text.rt_object_allocate)
    rt_object_delete                         0x08004825   Thumb Code    42  object.o(.text.rt_object_delete)
    rt_object_detach                         0x08004851   Thumb Code    34  object.o(.text.rt_object_detach)
    rt_object_init                           0x08004875   Thumb Code   126  object.o(.text.rt_object_init)
    rt_object_is_systemobject                0x080048f5   Thumb Code     6  object.o(.text.rt_object_is_systemobject)
    rt_schedule                              0x080048fd   Thumb Code   118  scheduler.o(.text.rt_schedule)
    rt_schedule_insert_thread                0x08004975   Thumb Code    82  scheduler.o(.text.rt_schedule_insert_thread)
    rt_schedule_remove_thread                0x080049c9   Thumb Code    82  scheduler.o(.text.rt_schedule_remove_thread)
    rt_sem_init                              0x08004a1d   Thumb Code    32  ipc.o(.text.rt_sem_init)
    rt_sem_release                           0x08004a3d   Thumb Code    76  ipc.o(.text.rt_sem_release)
    rt_sem_take                              0x08004a89   Thumb Code   274  ipc.o(.text.rt_sem_take)
    rt_show_version                          0x08004b9d   Thumb Code    48  kservice.o(.text.rt_show_version)
    rt_strlen                                0x08004c55   Thumb Code    46  kservice.o(.text.rt_strlen)
    rt_strncpy                               0x08004c85   Thumb Code   150  kservice.o(.text.rt_strncpy)
    rt_system_heap_init                      0x08004d1d   Thumb Code   124  mem.o(.text.rt_system_heap_init)
    rt_system_scheduler_init                 0x08004ddd   Thumb Code   298  scheduler.o(.text.rt_system_scheduler_init)
    rt_system_scheduler_start                0x08004f09   Thumb Code    48  scheduler.o(.text.rt_system_scheduler_start)
    rt_system_timer_init                     0x08004f39   Thumb Code    16  timer.o(.text.rt_system_timer_init)
    rt_system_timer_thread_init              0x08004f49   Thumb Code     2  timer.o(.text.rt_system_timer_thread_init)
    rt_thread_create                         0x08004f4d   Thumb Code   176  thread.o(.text.rt_thread_create)
    rt_thread_delay                          0x08004ffd   Thumb Code    10  thread.o(.text.rt_thread_delay)
    rt_thread_exit                           0x08005009   Thumb Code   122  thread.o(.text.rt_thread_exit)
    rt_thread_idle_init                      0x080050c1   Thumb Code    72  idle.o(.text.rt_thread_idle_init)
    rt_thread_init                           0x08005111   Thumb Code   142  thread.o(.text.rt_thread_init)
    rt_thread_resume                         0x080051a1   Thumb Code    68  thread.o(.text.rt_thread_resume)
    rt_thread_self                           0x080051e5   Thumb Code    12  thread.o(.text.rt_thread_self)
    rt_thread_sleep                          0x080051f1   Thumb Code   120  thread.o(.text.rt_thread_sleep)
    rt_thread_startup                        0x08005269   Thumb Code    90  thread.o(.text.rt_thread_startup)
    rt_thread_suspend                        0x080052c5   Thumb Code    66  thread.o(.text.rt_thread_suspend)
    rt_thread_timeout                        0x08005309   Thumb Code    38  thread.o(.text.rt_thread_timeout)
    rt_thread_yield                          0x08005331   Thumb Code   104  thread.o(.text.rt_thread_yield)
    rt_tick_get                              0x08005399   Thumb Code    12  clock.o(.text.rt_tick_get)
    rt_tick_increase                         0x080053a5   Thumb Code    52  clock.o(.text.rt_tick_increase)
    rt_timer_check                           0x080053d9   Thumb Code   340  timer.o(.text.rt_timer_check)
    rt_timer_control                         0x0800552d   Thumb Code   104  timer.o(.text.rt_timer_control)
    rt_timer_detach                          0x08005595   Thumb Code    46  timer.o(.text.rt_timer_detach)
    rt_timer_init                            0x080055c5   Thumb Code    50  timer.o(.text.rt_timer_init)
    rt_timer_start                           0x080055f9   Thumb Code   204  timer.o(.text.rt_timer_start)
    rt_timer_stop                            0x080056c5   Thumb Code    54  timer.o(.text.rt_timer_stop)
    __0vsnprintf                             0x08005745   Thumb Code    46  printfa.o(i.__0vsnprintf)
    __1vsnprintf                             0x08005745   Thumb Code     0  printfa.o(i.__0vsnprintf)
    __2vsnprintf                             0x08005745   Thumb Code     0  printfa.o(i.__0vsnprintf)
    __c89vsnprintf                           0x08005745   Thumb Code     0  printfa.o(i.__0vsnprintf)
    vsnprintf                                0x08005745   Thumb Code     0  printfa.o(i.__0vsnprintf)
    __scatterload_copy                       0x08005779   Thumb Code    14  handlers.o(i.__scatterload_copy)
    __scatterload_null                       0x08005787   Thumb Code     2  handlers.o(i.__scatterload_null)
    __scatterload_zeroinit                   0x08005789   Thumb Code    14  handlers.o(i.__scatterload_zeroinit)
    AHBPrescTable                            0x08006060   Data          16  system_stm32f1xx.o(.rodata.AHBPrescTable)
    APBPrescTable                            0x08006070   Data           8  system_stm32f1xx.o(.rodata.APBPrescTable)
    __lowest_bit_bitmap                      0x0800607a   Data         256  kservice.o(.rodata.__lowest_bit_bitmap)
    __rt_init_rti_start                      0x08006214   Data           4  components.o(.rti_fn.0)
    __rt_init_rti_board_start                0x08006218   Data           4  components.o(.rti_fn.0.end)
    __rt_init_uart_init                      0x0800621c   Data           4  board.o(.rti_fn.1)
    __rt_init_rti_board_end                  0x08006220   Data           4  components.o(.rti_fn.1.end)
    __rt_init_rti_end                        0x08006224   Data           4  components.o(.rti_fn.6.end)
    Region$$Table$$Base                      0x08006228   Number         0  anon$$obj.o(Region$$Table)
    Region$$Table$$Limit                     0x08006248   Number         0  anon$$obj.o(Region$$Table)
    uwTickFreq                               0x20000000   Data           1  stm32f1xx_hal.o(.data..L_MergedGlobals)
    uwTickPrio                               0x20000004   Data           4  stm32f1xx_hal.o(.data..L_MergedGlobals)
    SystemCoreClock                          0x20000008   Data           4  system_stm32f1xx.o(.data.SystemCoreClock)
    KeyState                                 0x20000040   Data           1  senserthread.o(.bss..L_MergedGlobals)
    Keytime                                  0x20000046   Data           2  senserthread.o(.bss..L_MergedGlobals)
    ina219                                   0x20000048   Data          20  senserthread.o(.bss..L_MergedGlobals)
    ina219_currentDivider_mA                 0x2000005c   Data           4  ina219.o(.bss..L_MergedGlobals)
    ina219_calibrationValue                  0x20000060   Data           4  ina219.o(.bss..L_MergedGlobals)
    ina219_powerMultiplier_mW                0x20000064   Data           4  ina219.o(.bss..L_MergedGlobals)
    rt_current_priority                      0x200000a0   Data           1  scheduler.o(.bss..L_MergedGlobals)
    rt_current_thread                        0x200000a4   Data           4  scheduler.o(.bss..L_MergedGlobals)
    rt_thread_ready_priority_group           0x200000a8   Data           4  scheduler.o(.bss..L_MergedGlobals)
    rt_thread_defunct                        0x200000ac   Data           8  scheduler.o(.bss..L_MergedGlobals)
    SenserThread                             0x200000c0   Data           4  main.o(.bss.SenserThread)
    hdma_usart1_rx                           0x2000010c   Data          68  usart.o(.bss.hdma_usart1_rx)
    hdma_usart1_tx                           0x20000150   Data          68  usart.o(.bss.hdma_usart1_tx)
    hdma_usart2_rx                           0x20000194   Data          68  usart.o(.bss.hdma_usart2_rx)
    hdma_usart2_tx                           0x200001d8   Data          68  usart.o(.bss.hdma_usart2_tx)
    hi2c1                                    0x2000021c   Data          84  i2c.o(.bss.hi2c1)
    hi2c2                                    0x20000270   Data          84  i2c.o(.bss.hi2c2)
    htim1                                    0x200002c4   Data          72  tim.o(.bss.htim1)
    htim2                                    0x2000030c   Data          72  stm32f1xx_hal_timebase_tim.o(.bss.htim2)
    htim3                                    0x20000354   Data          72  tim.o(.bss.htim3)
    htim4                                    0x2000039c   Data          72  tim.o(.bss.htim4)
    huart1                                   0x200003e4   Data          72  usart.o(.bss.huart1)
    huart2                                   0x2000042c   Data          72  usart.o(.bss.huart2)
    rt_interrupt_from_thread                 0x200030f0   Data           4  cpuport.o(.bss.rt_interrupt_from_thread)
    rt_interrupt_nest                        0x200030f4   Data           1  irq.o(.bss.rt_interrupt_nest)
    rt_interrupt_to_thread                   0x200030f8   Data           4  cpuport.o(.bss.rt_interrupt_to_thread)
    rt_thread_priority_table                 0x200031fc   Data         256  scheduler.o(.bss.rt_thread_priority_table)
    rt_thread_switch_interrupt_flag          0x200033fc   Data           4  cpuport.o(.bss.rt_thread_switch_interrupt_flag)
    uwTick                                   0x20003404   Data           4  stm32f1xx_hal.o(.bss.uwTick)
    __initial_sp                             0x20003808   Data           0  startup_stm32f103xb.o(STACK)



==============================================================================

Memory Map of the image

  Image Entry point : 0x080000ed

  Load Region LR_IROM1 (Base: 0x08000000, Size: 0x00006288, Max: 0x00020000, ABSOLUTE)

    Execution Region ER_IROM1 (Exec base: 0x08000000, Load base: 0x08000000, Size: 0x00006248, Max: 0x00020000, ABSOLUTE)

    Exec Addr    Load Addr    Size         Type   Attr      Idx    E Section Name        Object

    0x08000000   0x08000000   0x000000ec   Data   RO            3    RESET               startup_stm32f103xb.o
    0x080000ec   0x080000ec   0x00000000   Code   RO         1556  * .ARM.Collect$$$$00000000  mc_w.l(entry.o)
    0x080000ec   0x080000ec   0x00000004   Code   RO         1597    .ARM.Collect$$$$00000001  mc_w.l(entry2.o)
    0x080000f0   0x080000f0   0x00000004   Code   RO         1600    .ARM.Collect$$$$00000004  mc_w.l(entry5.o)
    0x080000f4   0x080000f4   0x00000000   Code   RO         1602    .ARM.Collect$$$$00000008  mc_w.l(entry7b.o)
    0x080000f4   0x080000f4   0x00000000   Code   RO         1604    .ARM.Collect$$$$0000000A  mc_w.l(entry8b.o)
    0x080000f4   0x080000f4   0x00000008   Code   RO         1605    .ARM.Collect$$$$0000000B  mc_w.l(entry9a.o)
    0x080000fc   0x080000fc   0x00000000   Code   RO         1607    .ARM.Collect$$$$0000000D  mc_w.l(entry10a.o)
    0x080000fc   0x080000fc   0x00000000   Code   RO         1609    .ARM.Collect$$$$0000000F  mc_w.l(entry11a.o)
    0x080000fc   0x080000fc   0x00000004   Code   RO         1598    .ARM.Collect$$$$00002712  mc_w.l(entry2.o)
    0x08000100   0x08000100   0x00000024   Code   RO            4    .text               startup_stm32f103xb.o
    0x08000124   0x08000124   0x000000f4   Code   RO         1177    .text               context_rvds.o
    0x08000218   0x08000218   0x00000024   Code   RO         1559    .text               mc_w.l(memseta.o)
    0x0800023c   0x0800023c   0x00000064   Code   RO         1589    .text               mf_w.l(fmul.o)
    0x080002a0   0x080002a0   0x0000007c   Code   RO         1591    .text               mf_w.l(fdiv.o)
    0x0800031c   0x0800031c   0x00000012   Code   RO         1593    .text               mf_w.l(fflti.o)
    0x0800032e   0x0800032e   0x0000000a   Code   RO         1595    .text               mf_w.l(ffltui.o)
    0x08000338   0x08000338   0x0000002c   Code   RO         1625    .text               mc_w.l(uidiv.o)
    0x08000364   0x08000364   0x00000062   Code   RO         1627    .text               mc_w.l(uldiv.o)
    0x080003c6   0x080003c6   0x00000000   Code   RO         1629    .text               mc_w.l(iusefp.o)
    0x080003c6   0x080003c6   0x0000006e   Code   RO         1630    .text               mf_w.l(fepilogue.o)
    0x08000434   0x08000434   0x0000014e   Code   RO         1632    .text               mf_w.l(dadd.o)
    0x08000582   0x08000582   0x000000e4   Code   RO         1634    .text               mf_w.l(dmul.o)
    0x08000666   0x08000666   0x000000de   Code   RO         1636    .text               mf_w.l(ddiv.o)
    0x08000744   0x08000744   0x00000030   Code   RO         1638    .text               mf_w.l(dfixul.o)
    0x08000774   0x08000774   0x00000030   Code   RO         1640    .text               mf_w.l(cdrcmple.o)
    0x080007a4   0x080007a4   0x00000030   Code   RO         1642    .text               mc_w.l(init.o)
    0x080007d4   0x080007d4   0x0000001e   Code   RO         1645    .text               mc_w.l(llshl.o)
    0x080007f2   0x080007f2   0x00000020   Code   RO         1647    .text               mc_w.l(llushr.o)
    0x08000812   0x08000812   0x00000024   Code   RO         1649    .text               mc_w.l(llsshr.o)
    0x08000836   0x08000836   0x000000ba   Code   RO         1652    .text               mf_w.l(depilogue.o)
    0x080008f0   0x080008f0   0x00000054   Code   RO         1236    .text.$Sub$$main    components.o
    0x08000944   0x08000944   0x00000002   Code   RO          120    .text.BusFault_Handler  stm32f1xx_it.o
    0x08000946   0x08000946   0x00000002   PAD
    0x08000948   0x08000948   0x0000000c   Code   RO          130    .text.DMA1_Channel4_IRQHandler  stm32f1xx_it.o
    0x08000954   0x08000954   0x0000000c   Code   RO          132    .text.DMA1_Channel5_IRQHandler  stm32f1xx_it.o
    0x08000960   0x08000960   0x0000000c   Code   RO          134    .text.DMA1_Channel6_IRQHandler  stm32f1xx_it.o
    0x0800096c   0x0800096c   0x0000000c   Code   RO          136    .text.DMA1_Channel7_IRQHandler  stm32f1xx_it.o
    0x08000978   0x08000978   0x00000002   Code   RO          126    .text.DebugMon_Handler  stm32f1xx_it.o
    0x0800097a   0x0800097a   0x00000002   PAD
    0x0800097c   0x0800097c   0x00000006   Code   RO          128    .text.EXTI1_IRQHandler  stm32f1xx_it.o
    0x08000982   0x08000982   0x00000002   PAD
    0x08000984   0x08000984   0x0000000a   Code   RO           15    .text.Error_Handler  main.o
    0x0800098e   0x0800098e   0x00000002   PAD
    0x08000990   0x08000990   0x000001a0   Code   RO          541    .text.HAL_DMA_IRQHandler  stm32f1xx_hal_dma.o
    0x08000b30   0x08000b30   0x00000084   Code   RO          527    .text.HAL_DMA_Init  stm32f1xx_hal_dma.o
    0x08000bb4   0x08000bb4   0x00000028   Code   RO          411    .text.HAL_Delay     stm32f1xx_hal.o
    0x08000bdc   0x08000bdc   0x00000094   Code   RO          177    .text.HAL_GPIO_EXTI_Callback  senserthread.o
    0x08000c70   0x08000c70   0x00000016   Code   RO          515    .text.HAL_GPIO_EXTI_IRQHandler  stm32f1xx_hal_gpio.o
    0x08000c86   0x08000c86   0x00000002   PAD
    0x08000c88   0x08000c88   0x0000020e   Code   RO          503    .text.HAL_GPIO_Init  stm32f1xx_hal_gpio.o
    0x08000e96   0x08000e96   0x00000002   PAD
    0x08000e98   0x08000e98   0x0000000a   Code   RO          507    .text.HAL_GPIO_ReadPin  stm32f1xx_hal_gpio.o
    0x08000ea2   0x08000ea2   0x00000002   PAD
    0x08000ea4   0x08000ea4   0x0000000a   Code   RO          509    .text.HAL_GPIO_WritePin  stm32f1xx_hal_gpio.o
    0x08000eae   0x08000eae   0x00000002   PAD
    0x08000eb0   0x08000eb0   0x0000000c   Code   RO          403    .text.HAL_GetTick   stm32f1xx_hal.o
    0x08000ebc   0x08000ebc   0x00000164   Code   RO          253    .text.HAL_I2C_Init  stm32f1xx_hal_i2c.o
    0x08001020   0x08001020   0x00000214   Code   RO          313    .text.HAL_I2C_IsDeviceReady  stm32f1xx_hal_i2c.o
    0x08001234   0x08001234   0x0000034e   Code   RO          301    .text.HAL_I2C_Mem_Read  stm32f1xx_hal_i2c.o
    0x08001582   0x08001582   0x00000002   PAD
    0x08001584   0x08001584   0x0000015c   Code   RO          297    .text.HAL_I2C_Mem_Write  stm32f1xx_hal_i2c.o
    0x080016e0   0x080016e0   0x000000d0   Code   RO           53    .text.HAL_I2C_MspInit  i2c.o
    0x080017b0   0x080017b0   0x0000001a   Code   RO          401    .text.HAL_IncTick   stm32f1xx_hal.o
    0x080017ca   0x080017ca   0x00000002   PAD
    0x080017cc   0x080017cc   0x00000026   Code   RO          391    .text.HAL_Init      stm32f1xx_hal.o
    0x080017f2   0x080017f2   0x00000002   PAD
    0x080017f4   0x080017f4   0x000000ae   Code   RO          156    .text.HAL_InitTick  stm32f1xx_hal_timebase_tim.o
    0x080018a2   0x080018a2   0x00000002   PAD
    0x080018a4   0x080018a4   0x00000042   Code   RO          147    .text.HAL_MspInit   stm32f1xx_hal_msp.o
    0x080018e6   0x080018e6   0x00000002   PAD
    0x080018e8   0x080018e8   0x00000022   Code   RO          563    .text.HAL_NVIC_EnableIRQ  stm32f1xx_hal_cortex.o
    0x0800190a   0x0800190a   0x00000002   PAD
    0x0800190c   0x0800190c   0x00000056   Code   RO          561    .text.HAL_NVIC_SetPriority  stm32f1xx_hal_cortex.o
    0x08001962   0x08001962   0x00000002   PAD
    0x08001964   0x08001964   0x00000020   Code   RO          559    .text.HAL_NVIC_SetPriorityGrouping  stm32f1xx_hal_cortex.o
    0x08001984   0x08001984   0x000001ba   Code   RO          455    .text.HAL_RCC_ClockConfig  stm32f1xx_hal_rcc.o
    0x08001b3e   0x08001b3e   0x00000002   PAD
    0x08001b40   0x08001b40   0x00000042   Code   RO          473    .text.HAL_RCC_GetClockConfig  stm32f1xx_hal_rcc.o
    0x08001b82   0x08001b82   0x00000002   PAD
    0x08001b84   0x08001b84   0x0000000c   Code   RO          465    .text.HAL_RCC_GetHCLKFreq  stm32f1xx_hal_rcc.o
    0x08001b90   0x08001b90   0x00000026   Code   RO          467    .text.HAL_RCC_GetPCLK1Freq  stm32f1xx_hal_rcc.o
    0x08001bb6   0x08001bb6   0x00000002   PAD
    0x08001bb8   0x08001bb8   0x00000026   Code   RO          469    .text.HAL_RCC_GetPCLK2Freq  stm32f1xx_hal_rcc.o
    0x08001bde   0x08001bde   0x00000002   PAD
    0x08001be0   0x08001be0   0x00000400   Code   RO          453    .text.HAL_RCC_OscConfig  stm32f1xx_hal_rcc.o
    0x08001fe0   0x08001fe0   0x0000002c   Code   RO          571    .text.HAL_SYSTICK_Config  stm32f1xx_hal_cortex.o
    0x0800200c   0x0800200c   0x00000002   Code   RO         1029    .text.HAL_TIMEx_BreakCallback  stm32f1xx_hal_tim_ex.o
    0x0800200e   0x0800200e   0x00000002   PAD
    0x08002010   0x08002010   0x00000002   Code   RO         1025    .text.HAL_TIMEx_CommutCallback  stm32f1xx_hal_tim_ex.o
    0x08002012   0x08002012   0x00000002   PAD
    0x08002014   0x08002014   0x0000004c   Code   RO         1021    .text.HAL_TIMEx_ConfigBreakDeadTime  stm32f1xx_hal_tim_ex.o
    0x08002060   0x08002060   0x0000007e   Code   RO         1019    .text.HAL_TIMEx_MasterConfigSynchronization  stm32f1xx_hal_tim_ex.o
    0x080020de   0x080020de   0x00000002   PAD
    0x080020e0   0x080020e0   0x000000fa   Code   RO          724    .text.HAL_TIM_Base_Init  stm32f1xx_hal_tim.o
    0x080021da   0x080021da   0x00000002   PAD
    0x080021dc   0x080021dc   0x000000ba   Code   RO           77    .text.HAL_TIM_Base_MspInit  tim.o
    0x08002296   0x08002296   0x00000002   PAD
    0x08002298   0x08002298   0x0000006e   Code   RO          738    .text.HAL_TIM_Base_Start_IT  stm32f1xx_hal_tim.o
    0x08002306   0x08002306   0x00000002   PAD
    0x08002308   0x08002308   0x000001a0   Code   RO          904    .text.HAL_TIM_ConfigClockSource  stm32f1xx_hal_tim.o
    0x080024a8   0x080024a8   0x00000002   Code   RO          860    .text.HAL_TIM_IC_CaptureCallback  stm32f1xx_hal_tim.o
    0x080024aa   0x080024aa   0x00000002   PAD
    0x080024ac   0x080024ac   0x00000182   Code   RO          874    .text.HAL_TIM_IC_ConfigChannel  stm32f1xx_hal_tim.o
    0x0800262e   0x0800262e   0x00000002   PAD
    0x08002630   0x08002630   0x000000fa   Code   RO          798    .text.HAL_TIM_IC_Init  stm32f1xx_hal_tim.o
    0x0800272a   0x0800272a   0x00000002   PAD
    0x0800272c   0x0800272c   0x00000002   Code   RO          800    .text.HAL_TIM_IC_MspInit  stm32f1xx_hal_tim.o
    0x0800272e   0x0800272e   0x00000002   PAD
    0x08002730   0x08002730   0x0000014e   Code   RO          858    .text.HAL_TIM_IRQHandler  stm32f1xx_hal_tim.o
    0x0800287e   0x0800287e   0x00000002   PAD
    0x08002880   0x08002880   0x00000002   Code   RO          862    .text.HAL_TIM_OC_DelayElapsedCallback  stm32f1xx_hal_tim.o
    0x08002882   0x08002882   0x00000002   PAD
    0x08002884   0x08002884   0x00000204   Code   RO          878    .text.HAL_TIM_PWM_ConfigChannel  stm32f1xx_hal_tim.o
    0x08002a88   0x08002a88   0x000000fa   Code   RO          778    .text.HAL_TIM_PWM_Init  stm32f1xx_hal_tim.o
    0x08002b82   0x08002b82   0x00000002   PAD
    0x08002b84   0x08002b84   0x00000030   Code   RO           75    .text.HAL_TIM_PWM_MspInit  tim.o
    0x08002bb4   0x08002bb4   0x00000002   Code   RO          864    .text.HAL_TIM_PWM_PulseFinishedCallback  stm32f1xx_hal_tim.o
    0x08002bb6   0x08002bb6   0x00000002   PAD
    0x08002bb8   0x08002bb8   0x0000000e   Code   RO           17    .text.HAL_TIM_PeriodElapsedCallback  main.o
    0x08002bc6   0x08002bc6   0x00000002   PAD
    0x08002bc8   0x08002bc8   0x00000002   Code   RO          868    .text.HAL_TIM_TriggerCallback  stm32f1xx_hal_tim.o
    0x08002bca   0x08002bca   0x00000002   PAD
    0x08002bcc   0x08002bcc   0x000000e2   Code   RO         1043    .text.HAL_UART_Init  stm32f1xx_hal_uart.o
    0x08002cae   0x08002cae   0x00000002   PAD
    0x08002cb0   0x08002cb0   0x000001aa   Code   RO           98    .text.HAL_UART_MspInit  usart.o
    0x08002e5a   0x08002e5a   0x00000002   PAD
    0x08002e5c   0x08002e5c   0x00000192   Code   RO         1057    .text.HAL_UART_Transmit  stm32f1xx_hal_uart.o
    0x08002fee   0x08002fee   0x00000002   PAD
    0x08002ff0   0x08002ff0   0x00000112   Code   RO          303    .text.I2C_RequestMemoryRead  stm32f1xx_hal_i2c.o
    0x08003102   0x08003102   0x00000002   PAD
    0x08003104   0x08003104   0x000000c8   Code   RO          299    .text.I2C_RequestMemoryWrite  stm32f1xx_hal_i2c.o
    0x080031cc   0x080031cc   0x000000ba   Code   RO          267    .text.I2C_WaitOnBTFFlagUntilTimeout  stm32f1xx_hal_i2c.o
    0x08003286   0x08003286   0x00000002   PAD
    0x08003288   0x08003288   0x000001ca   Code   RO          263    .text.I2C_WaitOnFlagUntilTimeout  stm32f1xx_hal_i2c.o
    0x08003452   0x08003452   0x00000002   PAD
    0x08003454   0x08003454   0x000000d6   Code   RO          381    .text.I2C_WaitOnMasterAddressFlagUntilTimeout  stm32f1xx_hal_i2c.o
    0x0800352a   0x0800352a   0x00000002   PAD
    0x0800352c   0x0800352c   0x00000090   Code   RO          271    .text.I2C_WaitOnRXNEFlagUntilTimeout  stm32f1xx_hal_i2c.o
    0x080035bc   0x080035bc   0x000000ba   Code   RO          265    .text.I2C_WaitOnTXEFlagUntilTimeout  stm32f1xx_hal_i2c.o
    0x08003676   0x08003676   0x00000002   PAD
    0x08003678   0x08003678   0x000000b4   Code   RO          226    .text.INA219_Init   ina219.o
    0x0800372c   0x0800372c   0x00000086   Code   RO          228    .text.INA219_ReadALL  ina219.o
    0x080037b2   0x080037b2   0x00000002   PAD
    0x080037b4   0x080037b4   0x00000064   Code   RO           40    .text.MX_DMA_Init   dma.o
    0x08003818   0x08003818   0x0000013c   Code   RO           31    .text.MX_GPIO_Init  gpio.o
    0x08003954   0x08003954   0x00000042   Code   RO           49    .text.MX_I2C1_Init  i2c.o
    0x08003996   0x08003996   0x00000002   PAD
    0x08003998   0x08003998   0x00000042   Code   RO           51    .text.MX_I2C2_Init  i2c.o
    0x080039da   0x080039da   0x00000002   PAD
    0x080039dc   0x080039dc   0x00000154   Code   RO           67    .text.MX_TIM1_Init  tim.o
    0x08003b30   0x08003b30   0x000000fe   Code   RO           71    .text.MX_TIM3_Init  tim.o
    0x08003c2e   0x08003c2e   0x00000002   PAD
    0x08003c30   0x08003c30   0x00000146   Code   RO           73    .text.MX_TIM4_Init  tim.o
    0x08003d76   0x08003d76   0x00000002   PAD
    0x08003d78   0x08003d78   0x0000003c   Code   RO           94    .text.MX_USART1_UART_Init  usart.o
    0x08003db4   0x08003db4   0x0000003c   Code   RO           96    .text.MX_USART2_UART_Init  usart.o
    0x08003df0   0x08003df0   0x00000002   Code   RO          118    .text.MemManage_Handler  stm32f1xx_it.o
    0x08003df2   0x08003df2   0x00000002   PAD
    0x08003df4   0x08003df4   0x00000002   Code   RO          116    .text.NMI_Handler   stm32f1xx_it.o
    0x08003df6   0x08003df6   0x00000002   PAD
    0x08003df8   0x08003df8   0x00000002   Code   RO          124    .text.SVC_Handler   stm32f1xx_it.o
    0x08003dfa   0x08003dfa   0x00000002   PAD
    0x08003dfc   0x08003dfc   0x00000064   Code   RO          171    .text.SenserThread_entry  senserthread.o
    0x08003e60   0x08003e60   0x00000012   Code   RO         1538    .text.SysTick_Handler  board.o
    0x08003e72   0x08003e72   0x00000002   PAD
    0x08003e74   0x08003e74   0x00000064   Code   RO           13    .text.SystemClock_Config  main.o
    0x08003ed8   0x08003ed8   0x0000005c   Code   RO         1165    .text.SystemCoreClockUpdate  system_stm32f1xx.o
    0x08003f34   0x08003f34   0x00000002   Code   RO         1163    .text.SystemInit    system_stm32f1xx.o
    0x08003f36   0x08003f36   0x00000002   PAD
    0x08003f38   0x08003f38   0x0000000c   Code   RO          138    .text.TIM2_IRQHandler  stm32f1xx_it.o
    0x08003f44   0x08003f44   0x00000002   Code   RO          122    .text.UsageFault_Handler  stm32f1xx_it.o
    0x08003f46   0x08003f46   0x00000002   PAD
    0x08003f48   0x08003f48   0x00000038   Code   RO         1367    .text.__rt_ffs      kservice.o
    0x08003f80   0x08003f80   0x00000040   Code   RO           11    .text.main          main.o
    0x08003fc0   0x08003fc0   0x00000032   Code   RO         1240    .text.main_thread_entry  components.o
    0x08003ff2   0x08003ff2   0x00000002   PAD
    0x08003ff4   0x08003ff4   0x0000002a   Code   RO         1232    .text.rt_components_board_init  components.o
    0x0800401e   0x0800401e   0x00000002   PAD
    0x08004020   0x08004020   0x0000001c   Code   RO         1444    .text.rt_enter_critical  scheduler.o
    0x0800403c   0x0800403c   0x00000092   Code   RO         1446    .text.rt_exit_critical  scheduler.o
    0x080040ce   0x080040ce   0x00000002   PAD
    0x080040d0   0x080040d0   0x00000120   Code   RO         1386    .text.rt_free       mem.o
    0x080041f0   0x080041f0   0x0000000a   Code   RO         1534    .text.rt_heap_begin_get  board.o
    0x080041fa   0x080041fa   0x00000002   PAD
    0x080041fc   0x080041fc   0x0000000e   Code   RO         1536    .text.rt_heap_end_get  board.o
    0x0800420a   0x0800420a   0x00000002   PAD
    0x0800420c   0x0800420c   0x00000062   Code   RO         1540    .text.rt_hw_board_init  board.o
    0x0800426e   0x0800426e   0x00000002   PAD
    0x08004270   0x08004270   0x00000064   Code   RO         1544    .text.rt_hw_console_output  board.o
    0x080042d4   0x080042d4   0x0000018c   Code   RO         1186    .text.rt_hw_hard_fault_exception  cpuport.o
    0x08004460   0x08004460   0x0000003c   Code   RO         1182    .text.rt_hw_stack_init  cpuport.o
    0x0800449c   0x0800449c   0x0000001c   Code   RO         1300    .text.rt_interrupt_enter  irq.o
    0x080044b8   0x080044b8   0x0000001c   Code   RO         1302    .text.rt_interrupt_leave  irq.o
    0x080044d4   0x080044d4   0x00000044   Code   RO         1347    .text.rt_kprintf    kservice.o
    0x08004518   0x08004518   0x0000018a   Code   RO         1382    .text.rt_malloc     mem.o
    0x080046a2   0x080046a2   0x00000002   PAD
    0x080046a4   0x080046a4   0x00000110   Code   RO         1321    .text.rt_memset     kservice.o
    0x080047b4   0x080047b4   0x00000070   Code   RO         1415    .text.rt_object_allocate  object.o
    0x08004824   0x08004824   0x0000002a   Code   RO         1417    .text.rt_object_delete  object.o
    0x0800484e   0x0800484e   0x00000002   PAD
    0x08004850   0x08004850   0x00000022   Code   RO         1413    .text.rt_object_detach  object.o
    0x08004872   0x08004872   0x00000002   PAD
    0x08004874   0x08004874   0x0000007e   Code   RO         1411    .text.rt_object_init  object.o
    0x080048f2   0x080048f2   0x00000002   PAD
    0x080048f4   0x080048f4   0x00000006   Code   RO         1419    .text.rt_object_is_systemobject  object.o
    0x080048fa   0x080048fa   0x00000002   PAD
    0x080048fc   0x080048fc   0x00000076   Code   RO         1438    .text.rt_schedule   scheduler.o
    0x08004972   0x08004972   0x00000002   PAD
    0x08004974   0x08004974   0x00000052   Code   RO         1440    .text.rt_schedule_insert_thread  scheduler.o
    0x080049c6   0x080049c6   0x00000002   PAD
    0x080049c8   0x080049c8   0x00000052   Code   RO         1442    .text.rt_schedule_remove_thread  scheduler.o
    0x08004a1a   0x08004a1a   0x00000002   PAD
    0x08004a1c   0x08004a1c   0x00000020   Code   RO         1276    .text.rt_sem_init   ipc.o
    0x08004a3c   0x08004a3c   0x0000004c   Code   RO         1288    .text.rt_sem_release  ipc.o
    0x08004a88   0x08004a88   0x00000112   Code   RO         1284    .text.rt_sem_take   ipc.o
    0x08004b9a   0x08004b9a   0x00000002   PAD
    0x08004b9c   0x08004b9c   0x000000b8   Code   RO         1345    .text.rt_show_version  kservice.o
    0x08004c54   0x08004c54   0x0000002e   Code   RO         1331    .text.rt_strlen     kservice.o
    0x08004c82   0x08004c82   0x00000002   PAD
    0x08004c84   0x08004c84   0x00000096   Code   RO         1335    .text.rt_strncpy    kservice.o
    0x08004d1a   0x08004d1a   0x00000002   PAD
    0x08004d1c   0x08004d1c   0x000000c0   Code   RO         1380    .text.rt_system_heap_init  mem.o
    0x08004ddc   0x08004ddc   0x0000012a   Code   RO         1434    .text.rt_system_scheduler_init  scheduler.o
    0x08004f06   0x08004f06   0x00000002   PAD
    0x08004f08   0x08004f08   0x00000030   Code   RO         1436    .text.rt_system_scheduler_start  scheduler.o
    0x08004f38   0x08004f38   0x00000010   Code   RO         1521    .text.rt_system_timer_init  timer.o
    0x08004f48   0x08004f48   0x00000002   Code   RO         1523    .text.rt_system_timer_thread_init  timer.o
    0x08004f4a   0x08004f4a   0x00000002   PAD
    0x08004f4c   0x08004f4c   0x000000b0   Code   RO         1473    .text.rt_thread_create  thread.o
    0x08004ffc   0x08004ffc   0x0000000a   Code   RO         1483    .text.rt_thread_delay  thread.o
    0x08005006   0x08005006   0x00000002   PAD
    0x08005008   0x08005008   0x0000007a   Code   RO         1461    .text.rt_thread_exit  thread.o
    0x08005082   0x08005082   0x00000002   PAD
    0x08005084   0x08005084   0x0000003c   Code   RO         1262    .text.rt_thread_idle_entry  idle.o
    0x080050c0   0x080050c0   0x00000050   Code   RO         1260    .text.rt_thread_idle_init  idle.o
    0x08005110   0x08005110   0x0000008e   Code   RO         1463    .text.rt_thread_init  thread.o
    0x0800519e   0x0800519e   0x00000002   PAD
    0x080051a0   0x080051a0   0x00000044   Code   RO         1469    .text.rt_thread_resume  thread.o
    0x080051e4   0x080051e4   0x0000000c   Code   RO         1465    .text.rt_thread_self  thread.o
    0x080051f0   0x080051f0   0x00000078   Code   RO         1479    .text.rt_thread_sleep  thread.o
    0x08005268   0x08005268   0x0000005a   Code   RO         1467    .text.rt_thread_startup  thread.o
    0x080052c2   0x080052c2   0x00000002   PAD
    0x080052c4   0x080052c4   0x00000042   Code   RO         1481    .text.rt_thread_suspend  thread.o
    0x08005306   0x08005306   0x00000002   PAD
    0x08005308   0x08005308   0x00000026   Code   RO         1491    .text.rt_thread_timeout  thread.o
    0x0800532e   0x0800532e   0x00000002   PAD
    0x08005330   0x08005330   0x00000068   Code   RO         1477    .text.rt_thread_yield  thread.o
    0x08005398   0x08005398   0x0000000c   Code   RO         1207    .text.rt_tick_get   clock.o
    0x080053a4   0x080053a4   0x00000034   Code   RO         1211    .text.rt_tick_increase  clock.o
    0x080053d8   0x080053d8   0x00000154   Code   RO         1517    .text.rt_timer_check  timer.o
    0x0800552c   0x0800552c   0x00000068   Code   RO         1515    .text.rt_timer_control  timer.o
    0x08005594   0x08005594   0x0000002e   Code   RO         1505    .text.rt_timer_detach  timer.o
    0x080055c2   0x080055c2   0x00000002   PAD
    0x080055c4   0x080055c4   0x00000032   Code   RO         1503    .text.rt_timer_init  timer.o
    0x080055f6   0x080055f6   0x00000002   PAD
    0x080055f8   0x080055f8   0x000000cc   Code   RO         1511    .text.rt_timer_start  timer.o
    0x080056c4   0x080056c4   0x00000036   Code   RO         1513    .text.rt_timer_stop  timer.o
    0x080056fa   0x080056fa   0x00000002   PAD
    0x080056fc   0x080056fc   0x00000004   Code   RO         1228    .text.rti_board_end  components.o
    0x08005700   0x08005700   0x00000004   Code   RO         1226    .text.rti_board_start  components.o
    0x08005704   0x08005704   0x00000004   Code   RO         1230    .text.rti_end       components.o
    0x08005708   0x08005708   0x00000004   Code   RO         1224    .text.rti_start     components.o
    0x0800570c   0x0800570c   0x00000038   Code   RO         1542    .text.uart_init     board.o
    0x08005744   0x08005744   0x00000034   Code   RO         1567    i.__0vsnprintf      mc_w.l(printfa.o)
    0x08005778   0x08005778   0x0000000e   Code   RO         1656    i.__scatterload_copy  mc_w.l(handlers.o)
    0x08005786   0x08005786   0x00000002   Code   RO         1657    i.__scatterload_null  mc_w.l(handlers.o)
    0x08005788   0x08005788   0x0000000e   Code   RO         1658    i.__scatterload_zeroinit  mc_w.l(handlers.o)
    0x08005796   0x08005796   0x00000002   PAD
    0x08005798   0x08005798   0x00000184   Code   RO         1569    i._fp_digits        mc_w.l(printfa.o)
    0x0800591c   0x0800591c   0x000006dc   Code   RO         1570    i._printf_core      mc_w.l(printfa.o)
    0x08005ff8   0x08005ff8   0x00000024   Code   RO         1571    i._printf_post_padding  mc_w.l(printfa.o)
    0x0800601c   0x0800601c   0x0000002e   Code   RO         1572    i._printf_pre_padding  mc_w.l(printfa.o)
    0x0800604a   0x0800604a   0x00000016   Code   RO         1573    i._snputc           mc_w.l(printfa.o)
    0x08006060   0x08006060   0x00000010   Data   RO         1168    .rodata.AHBPrescTable  system_stm32f1xx.o
    0x08006070   0x08006070   0x00000008   Data   RO         1169    .rodata.APBPrescTable  system_stm32f1xx.o
    0x08006078   0x08006078   0x00000002   Data   RO          480    .rodata.HAL_RCC_GetSysClockFreq.aPredivFactorTable  stm32f1xx_hal_rcc.o
    0x0800607a   0x0800607a   0x00000100   Data   RO         1371    .rodata.__lowest_bit_bitmap  kservice.o
    0x0800617a   0x0800617a   0x00000010   Data   RO          479    .rodata.cst16       stm32f1xx_hal_rcc.o
    0x0800618a   0x0800618a   0x00000085   Data   RO         1193    .rodata.str1.1      cpuport.o
    0x0800620f   0x0800620f   0x00000005   Data   RO         1248    .rodata.str1.1      components.o
    0x08006214   0x08006214   0x00000004   Data   RO         1244    .rti_fn.0           components.o
    0x08006218   0x08006218   0x00000004   Data   RO         1245    .rti_fn.0.end       components.o
    0x0800621c   0x0800621c   0x00000004   Data   RO         1547    .rti_fn.1           board.o
    0x08006220   0x08006220   0x00000004   Data   RO         1246    .rti_fn.1.end       components.o
    0x08006224   0x08006224   0x00000004   Data   RO         1247    .rti_fn.6.end       components.o
    0x08006228   0x08006228   0x00000020   Data   RO         1655    Region$$Table       anon$$obj.o


    Execution Region RW_IRAM1 (Exec base: 0x20000000, Load base: 0x08006248, Size: 0x00003808, Max: 0x00005000, ABSOLUTE)

    Exec Addr    Load Addr    Size         Type   Attr      Idx    E Section Name        Object

    0x20000000   0x08006248   0x00000008   Data   RW          442    .data..L_MergedGlobals  stm32f1xx_hal.o
    0x20000008   0x08006250   0x00000004   Data   RW         1167    .data.SystemCoreClock  system_stm32f1xx.o
    0x2000000c   0x08006254   0x00000030   Data   RW         1425    .data.rt_object_container  object.o
    0x2000003c   0x08006284   0x00000004   PAD
    0x20000040        -       0x0000001c   Zero   RW          179    .bss..L_MergedGlobals  senserthread.o
    0x2000005c        -       0x0000000c   Zero   RW          230    .bss..L_MergedGlobals  ina219.o
    0x20000068        -       0x00000038   Zero   RW         1392    .bss..L_MergedGlobals  mem.o
    0x200000a0        -       0x00000014   Zero   RW         1451    .bss..L_MergedGlobals  scheduler.o
    0x200000b4        -       0x0000000c   Zero   RW         1525    .bss..L_MergedGlobals  timer.o
    0x200000c0        -       0x00000004   Zero   RW           19    .bss.SenserThread   main.o
    0x200000c4        -       0x00000048   Zero   RW         1548    .bss.UartHandle     board.o
    0x2000010c        -       0x00000044   Zero   RW          104    .bss.hdma_usart1_rx  usart.o
    0x20000150        -       0x00000044   Zero   RW          105    .bss.hdma_usart1_tx  usart.o
    0x20000194        -       0x00000044   Zero   RW          106    .bss.hdma_usart2_rx  usart.o
    0x200001d8        -       0x00000044   Zero   RW          107    .bss.hdma_usart2_tx  usart.o
    0x2000021c        -       0x00000054   Zero   RW           57    .bss.hi2c1          i2c.o
    0x20000270        -       0x00000054   Zero   RW           58    .bss.hi2c2          i2c.o
    0x200002c4        -       0x00000048   Zero   RW           83    .bss.htim1          tim.o
    0x2000030c        -       0x00000048   Zero   RW          162    .bss.htim2          stm32f1xx_hal_timebase_tim.o
    0x20000354        -       0x00000048   Zero   RW           84    .bss.htim3          tim.o
    0x2000039c        -       0x00000048   Zero   RW           85    .bss.htim4          tim.o
    0x200003e4        -       0x00000048   Zero   RW          102    .bss.huart1         usart.o
    0x2000042c        -       0x00000048   Zero   RW          103    .bss.huart2         usart.o
    0x20000474        -       0x00000078   Zero   RW         1266    .bss.idle           idle.o
    0x200004ec        -       0x00000004   Zero   RW         1192    .bss.rt_exception_hook  cpuport.o
    0x200004f0        -       0x00002c00   Zero   RW         1546    .bss.rt_heap        board.o
    0x200030f0        -       0x00000004   Zero   RW         1194    .bss.rt_interrupt_from_thread  cpuport.o
    0x200030f4        -       0x00000001   Zero   RW         1306    .bss.rt_interrupt_nest  irq.o
    0x200030f5   0x08006284   0x00000003   PAD
    0x200030f8        -       0x00000004   Zero   RW         1195    .bss.rt_interrupt_to_thread  cpuport.o
    0x200030fc        -       0x00000100   Zero   RW         1370    .bss.rt_kprintf.rt_log_buf  kservice.o
    0x200031fc        -       0x00000100   Zero   RW         1450    .bss.rt_thread_priority_table  scheduler.o
    0x200032fc        -       0x00000100   Zero   RW         1267    .bss.rt_thread_stack  idle.o
    0x200033fc        -       0x00000004   Zero   RW         1196    .bss.rt_thread_switch_interrupt_flag  cpuport.o
    0x20003400        -       0x00000004   Zero   RW         1215    .bss.rt_tick        clock.o
    0x20003404        -       0x00000004   Zero   RW          441    .bss.uwTick         stm32f1xx_hal.o
    0x20003408        -       0x00000400   Zero   RW            1    STACK               startup_stm32f103xb.o


==============================================================================

Image component sizes


      Code (inc. data)   RO Data    RW Data    ZI Data      Debug   Object Name

       296          0          4          0      11336       4529   board.o
        64          0          0          0          4       2631   clock.o
       192          0         21          0          0       3676   components.o
       244         28          0          0          0        788   context_rvds.o
       456        160        133          0         16       3205   cpuport.o
       100          0          0          0          0       2185   dma.o
       316          0          0          0          0       2779   gpio.o
       340          0          0          0        168       4978   i2c.o
       140          8          0          0        376       3291   idle.o
       314          0          0          0         12       8883   ina219.o
       382          0          0          0          0       7467   ipc.o
        56          0          0          0          1       1154   irq.o
       776        136        256          0        256      27977   kservice.o
       188          8          0          0          4       6352   main.o
       874        144          0          0         56       5590   mem.o
       320          0          0         48          0       7552   object.o
       802          0          0          0        276       6142   scheduler.o
       248         24          0          0         28       4863   senserthread.o
        36          8        236          0       1024        780   startup_stm32f103xb.o
       116          0          0          8          4       5756   stm32f1xx_hal.o
       196          0          0          0          0       8410   stm32f1xx_hal_cortex.o
       548          0          0          0          0       8277   stm32f1xx_hal_dma.o
       568         22          0          0          0       4684   stm32f1xx_hal_gpio.o
      3744          0          0          0          0      44982   stm32f1xx_hal_i2c.o
        66          0          0          0          0       1206   stm32f1xx_hal_msp.o
      1620          0         18          0          0       7944   stm32f1xx_hal_rcc.o
      2522         10          0          0          0      57663   stm32f1xx_hal_tim.o
       206          0          0          0          0      20905   stm32f1xx_hal_tim_ex.o
       174          0          0          0         72       5846   stm32f1xx_hal_timebase_tim.o
       628          0          0          0          0      32616   stm32f1xx_hal_uart.o
        78          0          0          0          0       4595   stm32f1xx_it.o
        94          0         24          4          0       1594   system_stm32f1xx.o
       948          0          0          0          0      10362   thread.o
      1154          0          0          0        216       8694   tim.o
       816          8          0          0         12       8910   timer.o
       546          0          0          0        416       4789   usart.o

    ----------------------------------------------------------------------
     20332        556        724         60      14284     342055   Object Totals
         0          0         32          0          0          0   (incl. Generated)
       164          0          0          0          7          0   (incl. Padding)

    ----------------------------------------------------------------------

      Code (inc. data)   RO Data    RW Data    ZI Data      Debug   Library Member Name

         0          0          0          0          0          0   entry.o
         0          0          0          0          0          0   entry10a.o
         0          0          0          0          0          0   entry11a.o
         8          4          0          0          0          0   entry2.o
         4          0          0          0          0          0   entry5.o
         0          0          0          0          0          0   entry7b.o
         0          0          0          0          0          0   entry8b.o
         8          4          0          0          0          0   entry9a.o
        30          0          0          0          0          0   handlers.o
        48         10          0          0          0         68   init.o
         0          0          0          0          0          0   iusefp.o
        30          0          0          0          0         68   llshl.o
        36          0          0          0          0         68   llsshr.o
        32          0          0          0          0         68   llushr.o
        36          0          0          0          0        108   memseta.o
      2300         86          0          0          0        516   printfa.o
        44          0          0          0          0         80   uidiv.o
        98          0          0          0          0         92   uldiv.o
        48          0          0          0          0         68   cdrcmple.o
       334          0          0          0          0        148   dadd.o
       222          0          0          0          0        100   ddiv.o
       186          0          0          0          0        176   depilogue.o
        48          0          0          0          0         68   dfixul.o
       228          0          0          0          0         96   dmul.o
       124          0          0          0          0         88   fdiv.o
       110          0          0          0          0        168   fepilogue.o
        18          0          0          0          0         68   fflti.o
        10          0          0          0          0         68   ffltui.o
       100          0          0          0          0         76   fmul.o

    ----------------------------------------------------------------------
      4104        104          0          0          0       2192   Library Totals
         2          0          0          0          0          0   (incl. Padding)

    ----------------------------------------------------------------------

      Code (inc. data)   RO Data    RW Data    ZI Data      Debug   Library Name

      2674        104          0          0          0       1068   mc_w.l
      1428          0          0          0          0       1124   mf_w.l

    ----------------------------------------------------------------------
      4104        104          0          0          0       2192   Library Totals

    ----------------------------------------------------------------------

==============================================================================


      Code (inc. data)   RO Data    RW Data    ZI Data      Debug   

     24436        660        724         60      14284     342543   Grand Totals
     24436        660        724         60      14284     342543   ELF Image Totals
     24436        660        724         60          0          0   ROM Totals

==============================================================================

    Total RO  Size (Code + RO Data)                25160 (  24.57kB)
    Total RW  Size (RW Data + ZI Data)             14344 (  14.01kB)
    Total ROM Size (Code + RO Data + RW Data)      25220 (  24.63kB)

==============================================================================

